Component: ARM Compiler 5.06 update 7 (build 960) Tool: armlink [4d3601]

==============================================================================

Section Cross References

    adc_app.o(i.adc_task) refers to mcu_cmic_gd32f470vet6.o(.data) for adc_value
    btn_app.o(i.app_btn_init) refers to button.o(i.button_init) for button_init
    btn_app.o(i.app_btn_init) refers to btn_app.o(i.btn_event) for btn_event
    btn_app.o(i.app_btn_init) refers to btn_app.o(i.btn_read_state) for btn_read_state
    btn_app.o(i.app_btn_init) refers to btn_app.o(.data) for buttons
    btn_app.o(i.btn_event) refers to btn_app.o(i.btn_toggle_led) for btn_toggle_led
    btn_app.o(i.btn_event) refers to led_app.o(i.led_app_blink_toggle) for led_app_blink_toggle
    btn_app.o(i.btn_read_state) refers to btn_bsp.o(i.btn_read) for btn_read
    btn_app.o(i.btn_task) refers to systick.o(i.systick_get_ms) for systick_get_ms
    btn_app.o(i.btn_task) refers to button.o(i.button_scan) for button_scan
    btn_app.o(i.btn_toggle_led) refers to led_app.o(i.led_app_blink_toggle) for led_app_blink_toggle
    btn_app.o(i.btn_toggle_led) refers to led_app.o(i.led_app_toggle) for led_app_toggle
    led_app.o(i.led_app_blink_off) refers to led_app.o(i.led_app_is_valid) for led_app_is_valid
    led_app.o(i.led_app_blink_off) refers to led_app.o(i.led_app_lock) for led_app_lock
    led_app.o(i.led_app_blink_off) refers to led_bsp.o(i.led_set) for led_set
    led_app.o(i.led_app_blink_off) refers to led_app.o(i.led_app_unlock) for led_app_unlock
    led_app.o(i.led_app_blink_off) refers to led_app.o(.bss) for led_blinks
    led_app.o(i.led_app_blink_off) refers to led_app.o(.data) for led_states
    led_app.o(i.led_app_blink_on) refers to led_app.o(i.led_app_is_valid) for led_app_is_valid
    led_app.o(i.led_app_blink_on) refers to led_app.o(i.led_app_lock) for led_app_lock
    led_app.o(i.led_app_blink_on) refers to led_bsp.o(i.led_set) for led_set
    led_app.o(i.led_app_blink_on) refers to led_app.o(i.led_app_unlock) for led_app_unlock
    led_app.o(i.led_app_blink_on) refers to led_app.o(.bss) for led_blinks
    led_app.o(i.led_app_blink_on) refers to led_app.o(.data) for led_states
    led_app.o(i.led_app_blink_times) refers to led_app.o(i.led_app_is_valid) for led_app_is_valid
    led_app.o(i.led_app_blink_times) refers to led_app.o(i.led_app_lock) for led_app_lock
    led_app.o(i.led_app_blink_times) refers to led_bsp.o(i.led_set) for led_set
    led_app.o(i.led_app_blink_times) refers to led_app.o(i.led_app_unlock) for led_app_unlock
    led_app.o(i.led_app_blink_times) refers to led_app.o(.bss) for led_blinks
    led_app.o(i.led_app_blink_times) refers to led_app.o(.data) for led_states
    led_app.o(i.led_app_blink_toggle) refers to led_app.o(i.led_app_is_valid) for led_app_is_valid
    led_app.o(i.led_app_blink_toggle) refers to led_app.o(i.led_app_lock) for led_app_lock
    led_app.o(i.led_app_blink_toggle) refers to led_bsp.o(i.led_set) for led_set
    led_app.o(i.led_app_blink_toggle) refers to led_app.o(i.led_app_unlock) for led_app_unlock
    led_app.o(i.led_app_blink_toggle) refers to led_app.o(.bss) for led_blinks
    led_app.o(i.led_app_blink_toggle) refers to led_app.o(.data) for led_states
    led_app.o(i.led_app_init) refers to led_bsp.o(i.led_init) for led_init
    led_app.o(i.led_app_init) refers to led_bsp.o(i.led_set) for led_set
    led_app.o(i.led_app_init) refers to led_app.o(.bss) for led_blinks
    led_app.o(i.led_app_init) refers to led_app.o(.data) for led_states
    led_app.o(i.led_app_set) refers to led_app.o(i.led_app_is_valid) for led_app_is_valid
    led_app.o(i.led_app_set) refers to led_app.o(i.led_app_lock) for led_app_lock
    led_app.o(i.led_app_set) refers to led_bsp.o(i.led_set) for led_set
    led_app.o(i.led_app_set) refers to led_app.o(i.led_app_unlock) for led_app_unlock
    led_app.o(i.led_app_set) refers to led_app.o(.bss) for led_blinks
    led_app.o(i.led_app_set) refers to led_app.o(.data) for led_states
    led_app.o(i.led_app_tick_1ms) refers to led_bsp.o(i.led_set) for led_set
    led_app.o(i.led_app_tick_1ms) refers to led_app.o(.bss) for led_blinks
    led_app.o(i.led_app_toggle) refers to led_app.o(i.led_app_is_valid) for led_app_is_valid
    led_app.o(i.led_app_toggle) refers to led_app.o(i.led_app_lock) for led_app_lock
    led_app.o(i.led_app_toggle) refers to led_bsp.o(i.led_set) for led_set
    led_app.o(i.led_app_toggle) refers to led_app.o(i.led_app_unlock) for led_app_unlock
    led_app.o(i.led_app_toggle) refers to led_app.o(.bss) for led_blinks
    led_app.o(i.led_app_toggle) refers to led_app.o(.data) for led_states
    oled_app.o(i.oled_task) refers to oled_bsp.o(i.oled_fill_rect) for oled_fill_rect
    oled_app.o(i.oled_task) refers to systick.o(i.systick_get_ms) for systick_get_ms
    oled_app.o(i.oled_task) refers to oled_bsp.o(i.oled_printf) for oled_printf
    oled_app.o(i.oled_task) refers to oled_bsp.o(i.oled_update_async) for oled_update_async
[...]
    _printf_x                                0x00000000   Number         0  stubs.o ABSOLUTE
    __arm_fini_                               - Undefined Weak Reference
    __cpp_initialize__aeabi_                  - Undefined Weak Reference
    __cxa_finalize                            - Undefined Weak Reference
    __decompress                              - Undefined Weak Reference
    _clock_init                               - Undefined Weak Reference
    _microlib_exit                            - Undefined Weak Reference
    __Vectors_Size                           0x00000188   Number         0  startup_gd32f407_427.o ABSOLUTE
    __Vectors                                0x08000000   Data           4  startup_gd32f407_427.o(RESET)
    __Vectors_End                            0x08000188   Data           0  startup_gd32f407_427.o(RESET)
    __main                                   0x08000189   Thumb Code     0  entry.o(.ARM.Collect$$$$00000000)
    _main_stk                                0x08000189   Thumb Code     0  entry2.o(.ARM.Collect$$$$00000001)
    _main_scatterload                        0x0800018d   Thumb Code     0  entry5.o(.ARM.Collect$$$$00000004)
    __main_after_scatterload                 0x08000191   Thumb Code     0  entry5.o(.ARM.Collect$$$$00000004)
    _main_clock                              0x08000191   Thumb Code     0  entry7b.o(.ARM.Collect$$$$00000008)
    _main_cpp_init                           0x08000191   Thumb Code     0  entry8b.o(.ARM.Collect$$$$0000000A)
    _main_init                               0x08000191   Thumb Code     0  entry9a.o(.ARM.Collect$$$$0000000B)
    __rt_lib_shutdown_fini                   0x08000199   Thumb Code     0  entry12b.o(.ARM.Collect$$$$0000000E)
    __rt_final_cpp                           0x0800019d   Thumb Code     0  entry10a.o(.ARM.Collect$$$$0000000F)
    __rt_final_exit                          0x0800019d   Thumb Code     0  entry11a.o(.ARM.Collect$$$$00000011)
    Reset_Handler                            0x080001a1   Thumb Code     8  startup_gd32f407_427.o(.text)
    ADC_IRQHandler                           0x080001bb   Thumb Code     0  startup_gd32f407_427.o(.text)
    CAN0_EWMC_IRQHandler                     0x080001bb   Thumb Code     0  startup_gd32f407_427.o(.text)
    CAN0_RX0_IRQHandler                      0x080001bb   Thumb Code     0  startup_gd32f407_427.o(.text)
    CAN0_RX1_IRQHandler                      0x080001bb   Thumb Code     0  startup_gd32f407_427.o(.text)
    CAN0_TX_IRQHandler                       0x080001bb   Thumb Code     0  startup_gd32f407_427.o(.text)
    CAN1_EWMC_IRQHandler                     0x080001bb   Thumb Code     0  startup_gd32f407_427.o(.text)
    CAN1_RX0_IRQHandler                      0x080001bb   Thumb Code     0  startup_gd32f407_427.o(.text)
    CAN1_RX1_IRQHandler                      0x080001bb   Thumb Code     0  startup_gd32f407_427.o(.text)
    CAN1_TX_IRQHandler                       0x080001bb   Thumb Code     0  startup_gd32f407_427.o(.text)
    DCI_IRQHandler                           0x080001bb   Thumb Code     0  startup_gd32f407_427.o(.text)
    DMA0_Channel0_IRQHandler                 0x080001bb   Thumb Code     0  startup_gd32f407_427.o(.text)
    DMA0_Channel1_IRQHandler                 0x080001bb   Thumb Code     0  startup_gd32f407_427.o(.text)
    DMA0_Channel2_IRQHandler                 0x080001bb   Thumb Code     0  startup_gd32f407_427.o(.text)
    DMA0_Channel3_IRQHandler                 0x080001bb   Thumb Code     0  startup_gd32f407_427.o(.text)
    DMA0_Channel4_IRQHandler                 0x080001bb   Thumb Code     0  startup_gd32f407_427.o(.text)
    DMA0_Channel5_IRQHandler                 0x080001bb   Thumb Code     0  startup_gd32f407_427.o(.text)
    DMA0_Channel7_IRQHandler                 0x080001bb   Thumb Code     0  startup_gd32f407_427.o(.text)
    DMA1_Channel0_IRQHandler                 0x080001bb   Thumb Code     0  startup_gd32f407_427.o(.text)
    DMA1_Channel1_IRQHandler                 0x080001bb   Thumb Code     0  startup_gd32f407_427.o(.text)
    DMA1_Channel2_IRQHandler                 0x080001bb   Thumb Code     0  startup_gd32f407_427.o(.text)
    DMA1_Channel3_IRQHandler                 0x080001bb   Thumb Code     0  startup_gd32f407_427.o(.text)
    DMA1_Channel4_IRQHandler                 0x080001bb   Thumb Code     0  startup_gd32f407_427.o(.text)
    DMA1_Channel5_IRQHandler                 0x080001bb   Thumb Code     0  startup_gd32f407_427.o(.text)
    DMA1_Channel6_IRQHandler                 0x080001bb   Thumb Code     0  startup_gd32f407_427.o(.text)
    DMA1_Channel7_IRQHandler                 0x080001bb   Thumb Code     0  startup_gd32f407_427.o(.text)
    ENET_IRQHandler                          0x080001bb   Thumb Code     0  startup_gd32f407_427.o(.text)
    ENET_WKUP_IRQHandler                     0x080001bb   Thumb Code     0  startup_gd32f407_427.o(.text)
    EXMC_IRQHandler                          0x080001bb   Thumb Code     0  startup_gd32f407_427.o(.text)
    EXTI0_IRQHandler                         0x080001bb   Thumb Code     0  startup_gd32f407_427.o(.text)
    EXTI10_15_IRQHandler                     0x080001bb   Thumb Code     0  startup_gd32f407_427.o(.text)
    EXTI1_IRQHandler                         0x080001bb   Thumb Code     0  startup_gd32f407_427.o(.text)
    EXTI2_IRQHandler                         0x080001bb   Thumb Code     0  startup_gd32f407_427.o(.text)
    EXTI3_IRQHandler                         0x080001bb   Thumb Code     0  startup_gd32f407_427.o(.text)
    EXTI4_IRQHandler                         0x080001bb   Thumb Code     0  startup_gd32f407_427.o(.text)
    EXTI5_9_IRQHandler                       0x080001bb   Thumb Code     0  startup_gd32f407_427.o(.text)
    FMC_IRQHandler                           0x080001bb   Thumb Code     0  startup_gd32f407_427.o(.text)
    FPU_IRQHandler                           0x080001bb   Thumb Code     0  startup_gd32f407_427.o(.text)
    I2C0_ER_IRQHandler                       0x080001bb   Thumb Code     0  startup_gd32f407_427.o(.text)
    I2C0_EV_IRQHandler                       0x080001bb   Thumb Code     0  startup_gd32f407_427.o(.text)
    I2C1_ER_IRQHandler                       0x080001bb   Thumb Code     0  startup_gd32f407_427.o(.text)
    I2C1_EV_IRQHandler                       0x080001bb   Thumb Code     0  startup_gd32f407_427.o(.text)
    I2C2_ER_IRQHandler                       0x080001bb   Thumb Code     0  startup_gd32f407_427.o(.text)
    I2C2_EV_IRQHandler                       0x080001bb   Thumb Code     0  startup_gd32f407_427.o(.text)
    LVD_IRQHandler                           0x080001bb   Thumb Code     0  startup_gd32f407_427.o(.text)
    RCU_CTC_IRQHandler                       0x080001bb   Thumb Code     0  startup_gd32f407_427.o(.text)
    RTC_Alarm_IRQHandler                     0x080001bb   Thumb Code     0  startup_gd32f407_427.o(.text)
    RTC_WKUP_IRQHandler                      0x080001bb   Thumb Code     0  startup_gd32f407_427.o(.text)
    SPI0_IRQHandler                          0x080001bb   Thumb Code     0  startup_gd32f407_427.o(.text)
    SPI1_IRQHandler                          0x080001bb   Thumb Code     0  startup_gd32f407_427.o(.text)
    SPI2_IRQHandler                          0x080001bb   Thumb Code     0  startup_gd32f407_427.o(.text)
    TAMPER_STAMP_IRQHandler                  0x080001bb   Thumb Code     0  startup_gd32f407_427.o(.text)
    TIMER0_BRK_TIMER8_IRQHandler             0x080001bb   Thumb Code     0  startup_gd32f407_427.o(.text)
    TIMER0_Channel_IRQHandler                0x080001bb   Thumb Code     0  startup_gd32f407_427.o(.text)
    TIMER0_TRG_CMT_TIMER10_IRQHandler        0x080001bb   Thumb Code     0  startup_gd32f407_427.o(.text)
    TIMER0_UP_TIMER9_IRQHandler              0x080001bb   Thumb Code     0  startup_gd32f407_427.o(.text)
    TIMER1_IRQHandler                        0x080001bb   Thumb Code     0  startup_gd32f407_427.o(.text)
    TIMER2_IRQHandler                        0x080001bb   Thumb Code     0  startup_gd32f407_427.o(.text)
    TIMER3_IRQHandler                        0x080001bb   Thumb Code     0  startup_gd32f407_427.o(.text)
    TIMER4_IRQHandler                        0x080001bb   Thumb Code     0  startup_gd32f407_427.o(.text)
    TIMER5_DAC_IRQHandler                    0x080001bb   Thumb Code     0  startup_gd32f407_427.o(.text)
    TIMER6_IRQHandler                        0x080001bb   Thumb Code     0  startup_gd32f407_427.o(.text)
    TIMER7_BRK_TIMER11_IRQHandler            0x080001bb   Thumb Code     0  startup_gd32f407_427.o(.text)
    TIMER7_Channel_IRQHandler                0x080001bb   Thumb Code     0  startup_gd32f407_427.o(.text)
    TIMER7_TRG_CMT_TIMER13_IRQHandler        0x080001bb   Thumb Code     0  startup_gd32f407_427.o(.text)
    TIMER7_UP_TIMER12_IRQHandler             0x080001bb   Thumb Code     0  startup_gd32f407_427.o(.text)
    TRNG_IRQHandler                          0x080001bb   Thumb Code     0  startup_gd32f407_427.o(.text)
    UART3_IRQHandler                         0x080001bb   Thumb Code     0  startup_gd32f407_427.o(.text)
    UART4_IRQHandler                         0x080001bb   Thumb Code     0  startup_gd32f407_427.o(.text)
    USART1_IRQHandler                        0x080001bb   Thumb Code     0  startup_gd32f407_427.o(.text)
    USART2_IRQHandler                        0x080001bb   Thumb Code     0  startup_gd32f407_427.o(.text)
    USART5_IRQHandler                        0x080001bb   Thumb Code     0  startup_gd32f407_427.o(.text)
    USBFS_IRQHandler                         0x080001bb   Thumb Code     0  startup_gd32f407_427.o(.text)
    USBFS_WKUP_IRQHandler                    0x080001bb   Thumb Code     0  startup_gd32f407_427.o(.text)
    USBHS_EP1_In_IRQHandler                  0x080001bb   Thumb Code     0  startup_gd32f407_427.o(.text)
    USBHS_EP1_Out_IRQHandler                 0x080001bb   Thumb Code     0  startup_gd32f407_427.o(.text)
    USBHS_IRQHandler                         0x080001bb   Thumb Code     0  startup_gd32f407_427.o(.text)
    USBHS_WKUP_IRQHandler                    0x080001bb   Thumb Code     0  startup_gd32f407_427.o(.text)
    WWDGT_IRQHandler                         0x080001bb   Thumb Code     0  startup_gd32f407_427.o(.text)
    __aeabi_memcpy                           0x080001c5   Thumb Code    36  memcpya.o(.text)
    __aeabi_memcpy4                          0x080001c5   Thumb Code     0  memcpya.o(.text)
    __aeabi_memcpy8                          0x080001c5   Thumb Code     0  memcpya.o(.text)
    __aeabi_memset                           0x080001e9   Thumb Code    14  memseta.o(.text)
    __aeabi_memset4                          0x080001e9   Thumb Code     0  memseta.o(.text)
    __aeabi_memset8                          0x080001e9   Thumb Code     0  memseta.o(.text)
    __aeabi_memclr                           0x080001f7   Thumb Code     4  memseta.o(.text)
    __aeabi_memclr4                          0x080001f7   Thumb Code     0  memseta.o(.text)
    __aeabi_memclr8                          0x080001f7   Thumb Code     0  memseta.o(.text)
    _memset$wrapper                          0x080001fb   Thumb Code    18  memseta.o(.text)
    strlen                                   0x0800020d   Thumb Code    14  strlen.o(.text)
    memcmp                                   0x0800021b   Thumb Code    26  memcmp.o(.text)
    __aeabi_f2d                              0x08000235   Thumb Code    38  f2d.o(.text)
    __aeabi_uidiv                            0x0800025b   Thumb Code     0  uidiv.o(.text)
    __aeabi_uidivmod                         0x0800025b   Thumb Code    44  uidiv.o(.text)
    __aeabi_uldivmod                         0x08000287   Thumb Code    98  uldiv.o(.text)
    __I$use$fp                               0x080002e9   Thumb Code     0  iusefp.o(.text)
    __aeabi_dadd                             0x080002e9   Thumb Code   322  dadd.o(.text)
    __aeabi_dsub                             0x0800042b   Thumb Code     6  dadd.o(.text)
    __aeabi_drsub                            0x08000431   Thumb Code     6  dadd.o(.text)
    __aeabi_dmul                             0x08000437   Thumb Code   228  dmul.o(.text)
    __aeabi_ddiv                             0x0800051b   Thumb Code   222  ddiv.o(.text)
    __aeabi_d2ulz                            0x080005f9   Thumb Code    48  dfixul.o(.text)
    __aeabi_cdrcmple                         0x08000629   Thumb Code    48  cdrcmple.o(.text)
    __scatterload                            0x08000659   Thumb Code    28  init.o(.text)
    __scatterload_rt2                        0x08000659   Thumb Code     0  init.o(.text)
    __aeabi_llsl                             0x0800067d   Thumb Code    30  llshl.o(.text)
    _ll_shift_l                              0x0800067d   Thumb Code     0  llshl.o(.text)
    __aeabi_llsr                             0x0800069b   Thumb Code    32  llushr.o(.text)
    _ll_ushift_r                             0x0800069b   Thumb Code     0  llushr.o(.text)
    __aeabi_lasr                             0x080006bb   Thumb Code    36  llsshr.o(.text)
    _ll_sshift_r                             0x080006bb   Thumb Code     0  llsshr.o(.text)
    _double_round                            0x080006df   Thumb Code    30  depilogue.o(.text)
    _double_epilogue                         0x080006fd   Thumb Code   156  depilogue.o(.text)
    BusFault_Handler                         0x08000799   Thumb Code     4  gd32f4xx_it.o(i.BusFault_Handler)
    DMA0_Channel6_IRQHandler                 0x0800079d   Thumb Code     8  gd32f4xx_it.o(i.DMA0_Channel6_IRQHandler)
    DebugMon_Handler                         0x080007a5   Thumb Code     4  gd32f4xx_it.o(i.DebugMon_Handler)
    GD30AD3344_Init                          0x080007a9   Thumb Code   330  gd30ad3344.o(i.GD30AD3344_Init)
    HardFault_Handler                        0x08000909   Thumb Code     4  gd32f4xx_it.o(i.HardFault_Handler)
    MemManage_Handler                        0x0800090d   Thumb Code     4  gd32f4xx_it.o(i.MemManage_Handler)
    NMI_Handler                              0x08000911   Thumb Code     4  gd32f4xx_it.o(i.NMI_Handler)
    PendSV_Handler                           0x0800093d   Thumb Code     4  gd32f4xx_it.o(i.PendSV_Handler)
    SDIO_IRQHandler                          0x08000941   Thumb Code     8  gd32f4xx_it.o(i.SDIO_IRQHandler)
    SVC_Handler                              0x08000949   Thumb Code     4  gd32f4xx_it.o(i.SVC_Handler)
    SysTick_Handler                          0x0800094d   Thumb Code    12  gd32f4xx_it.o(i.SysTick_Handler)
    SystemInit                               0x08000959   Thumb Code   374  system_gd32f4xx.o(i.SystemInit)
    USART0_IRQHandler                        0x08000ae1   Thumb Code   128  gd32f4xx_it.o(i.USART0_IRQHandler)
    UsageFault_Handler                       0x08000b79   Thumb Code     4  gd32f4xx_it.o(i.UsageFault_Handler)
    __0sprintf                               0x08000b7d   Thumb Code    34  printfa.o(i.__0sprintf)
    __1sprintf                               0x08000b7d   Thumb Code     0  printfa.o(i.__0sprintf)
    __2sprintf                               0x08000b7d   Thumb Code     0  printfa.o(i.__0sprintf)
    __c89sprintf                             0x08000b7d   Thumb Code     0  printfa.o(i.__0sprintf)
    sprintf                                  0x08000b7d   Thumb Code     0  printfa.o(i.__0sprintf)
    __0vprintf                               0x08000ba5   Thumb Code     8  printfa.o(i.__0vprintf)
    __1vprintf                               0x08000ba5   Thumb Code     0  printfa.o(i.__0vprintf)
    __2vprintf                               0x08000ba5   Thumb Code     0  printfa.o(i.__0vprintf)
    __c89vprintf                             0x08000ba5   Thumb Code     0  printfa.o(i.__0vprintf)
    vprintf                                  0x08000ba5   Thumb Code     0  printfa.o(i.__0vprintf)
    __0vsnprintf                             0x08000bb5   Thumb Code    46  printfa.o(i.__0vsnprintf)
    __1vsnprintf                             0x08000bb5   Thumb Code     0  printfa.o(i.__0vsnprintf)
    __2vsnprintf                             0x08000bb5   Thumb Code     0  printfa.o(i.__0vsnprintf)
    __c89vsnprintf                           0x08000bb5   Thumb Code     0  printfa.o(i.__0vsnprintf)
    vsnprintf                                0x08000bb5   Thumb Code     0  printfa.o(i.__0vsnprintf)
    __scatterload_copy                       0x08000be9   Thumb Code    14  handlers.o(i.__scatterload_copy)
    __scatterload_null                       0x08000bf7   Thumb Code     2  handlers.o(i.__scatterload_null)
    __scatterload_zeroinit                   0x08000bf9   Thumb Code    14  handlers.o(i.__scatterload_zeroinit)
    adc_calibration_enable                   0x08001549   Thumb Code    42  gd32f4xx_adc.o(i.adc_calibration_enable)
    adc_channel_length_config                0x08001573   Thumb Code    82  gd32f4xx_adc.o(i.adc_channel_length_config)
    adc_clock_config                         0x080015c5   Thumb Code    28  gd32f4xx_adc.o(i.adc_clock_config)
    adc_data_alignment_config                0x080015e9   Thumb Code    22  gd32f4xx_adc.o(i.adc_data_alignment_config)
    adc_dma_mode_enable                      0x080015ff   Thumb Code    10  gd32f4xx_adc.o(i.adc_dma_mode_enable)
    adc_dma_request_after_last_enable        0x08001609   Thumb Code    10  gd32f4xx_adc.o(i.adc_dma_request_after_last_enable)
    adc_enable                               0x08001613   Thumb Code    18  gd32f4xx_adc.o(i.adc_enable)
    adc_external_trigger_config              0x08001625   Thumb Code    52  gd32f4xx_adc.o(i.adc_external_trigger_config)
    adc_external_trigger_source_config       0x08001659   Thumb Code    48  gd32f4xx_adc.o(i.adc_external_trigger_source_config)
    adc_routine_channel_config               0x08001689   Thumb Code   172  gd32f4xx_adc.o(i.adc_routine_channel_config)
    adc_software_trigger_enable              0x08001735   Thumb Code    36  gd32f4xx_adc.o(i.adc_software_trigger_enable)
    adc_special_function_config              0x08001759   Thumb Code    90  gd32f4xx_adc.o(i.adc_special_function_config)
    adc_sync_mode_config                     0x080017b5   Thumb Code    28  gd32f4xx_adc.o(i.adc_sync_mode_config)
    app_btn_init                             0x080017d9   Thumb Code    16  btn_app.o(i.app_btn_init)
    bsp_adc_init                             0x080017f5   Thumb Code   268  mcu_cmic_gd32f470vet6.o(i.bsp_adc_init)
    bsp_dac_init                             0x08001911   Thumb Code   234  mcu_cmic_gd32f470vet6.o(i.bsp_dac_init)
    bsp_gd25qxx_init                         0x08001a0d   Thumb Code   144  mcu_cmic_gd32f470vet6.o(i.bsp_gd25qxx_init)
    bsp_gd30ad3344_init                      0x08001aa5   Thumb Code   132  mcu_cmic_gd32f470vet6.o(i.bsp_gd30ad3344_init)
    bsp_rtc_init                             0x08001b31   Thumb Code    44  mcu_cmic_gd32f470vet6.o(i.bsp_rtc_init)
    bsp_rtc_pre_cfg                          0x08001b65   Thumb Code    52  mcu_cmic_gd32f470vet6.o(i.bsp_rtc_pre_cfg)
    bsp_rtc_setup                            0x08001ba1   Thumb Code    80  mcu_cmic_gd32f470vet6.o(i.bsp_rtc_setup)
    bsp_usart_init                           0x08001c01   Thumb Code   272  mcu_cmic_gd32f470vet6.o(i.bsp_usart_init)
    btn_init                                 0x08001d5d   Thumb Code    66  btn_bsp.o(i.btn_init)
    btn_read                                 0x08001dbd   Thumb Code    42  btn_bsp.o(i.btn_read)
    btn_task                                 0x08001e03   Thumb Code    14  btn_app.o(i.btn_task)
    button_init                              0x08001e61   Thumb Code   126  button.o(i.button_init)
    button_scan                              0x08001f19   Thumb Code   156  button.o(i.button_scan)
    card_info_get                            0x08001fdd   Thumb Code   366  sd_app.o(i.card_info_get)
    clust2sect                               0x080027dd   Thumb Code    26  ff.o(i.clust2sect)
    dac_deinit                               0x08002bb5   Thumb Code    34  gd32f4xx_dac.o(i.dac_deinit)
    dac_dma_enable                           0x08002bdd   Thumb Code    26  gd32f4xx_dac.o(i.dac_dma_enable)
    dac_enable                               0x08002bf7   Thumb Code    26  gd32f4xx_dac.o(i.dac_enable)
    dac_trigger_enable                       0x08002c11   Thumb Code    26  gd32f4xx_dac.o(i.dac_trigger_enable)
    dac_trigger_source_config                0x08002c2b   Thumb Code    40  gd32f4xx_dac.o(i.dac_trigger_source_config)
    dac_wave_mode_config                     0x08002c53   Thumb Code    40  gd32f4xx_dac.o(i.dac_wave_mode_config)
    delay_1ms                                0x08002c7d   Thumb Code    16  systick.o(i.delay_1ms)
    delay_decrement                          0x08002c91   Thumb Code    28  systick.o(i.delay_decrement)
    disk_initialize                          0x080030d3   Thumb Code   134  diskio.o(i.disk_initialize)
    disk_ioctl                               0x08003159   Thumb Code     6  diskio.o(i.disk_ioctl)
    disk_read                                0x0800315f   Thumb Code    80  diskio.o(i.disk_read)
    disk_status                              0x080031af   Thumb Code    12  diskio.o(i.disk_status)
    disk_write                               0x080031bb   Thumb Code    80  diskio.o(i.disk_write)
    dma_channel_disable                      0x0800320b   Thumb Code    32  gd32f4xx_dma.o(i.dma_channel_disable)
    dma_channel_enable                       0x0800322b   Thumb Code    32  gd32f4xx_dma.o(i.dma_channel_enable)
    dma_channel_subperipheral_select         0x0800324b   Thumb Code    38  gd32f4xx_dma.o(i.dma_channel_subperipheral_select)
    dma_circulation_disable                  0x08003271   Thumb Code    32  gd32f4xx_dma.o(i.dma_circulation_disable)
    dma_circulation_enable                   0x08003291   Thumb Code    32  gd32f4xx_dma.o(i.dma_circulation_enable)
    dma_deinit                               0x080032b1   Thumb Code   166  gd32f4xx_dma.o(i.dma_deinit)
    dma_flag_clear                           0x08003357   Thumb Code    62  gd32f4xx_dma.o(i.dma_flag_clear)
    dma_flag_get                             0x08003395   Thumb Code    78  gd32f4xx_dma.o(i.dma_flag_get)
    dma_flow_controller_config               0x080033e3   Thumb Code    64  gd32f4xx_dma.o(i.dma_flow_controller_config)
    dma_interrupt_disable                    0x08003423   Thumb Code    62  gd32f4xx_dma.o(i.dma_interrupt_disable)
    dma_interrupt_enable                     0x08003461   Thumb Code    62  gd32f4xx_dma.o(i.dma_interrupt_enable)
    dma_interrupt_flag_clear                 0x0800349f   Thumb Code    62  gd32f4xx_dma.o(i.dma_interrupt_flag_clear)
    dma_interrupt_flag_get                   0x080034dd   Thumb Code   600  gd32f4xx_dma.o(i.dma_interrupt_flag_get)
    dma_memory_address_config                0x08003735   Thumb Code    32  gd32f4xx_dma.o(i.dma_memory_address_config)
    dma_multi_data_mode_init                 0x08003755   Thumb Code   352  gd32f4xx_dma.o(i.dma_multi_data_mode_init)
    dma_single_data_mode_init                0x0800396d   Thumb Code   340  gd32f4xx_dma.o(i.dma_single_data_mode_init)
    dma_single_data_para_struct_init         0x08003ac5   Thumb Code    34  gd32f4xx_dma.o(i.dma_single_data_para_struct_init)
    dma_transfer_number_config               0x08003b9d   Thumb Code    16  gd32f4xx_dma.o(i.dma_transfer_number_config)
    dma_transfer_number_get                  0x08003bad   Thumb Code    16  gd32f4xx_dma.o(i.dma_transfer_number_get)
    f_close                                  0x08003bbd   Thumb Code    22  ff.o(i.f_close)
    f_mount                                  0x08003bd5   Thumb Code    38  ff.o(i.f_mount)
    f_open                                   0x08003c01   Thumb Code   372  ff.o(i.f_open)
    f_read                                   0x08003d75   Thumb Code   462  ff.o(i.f_read)
    f_sync                                   0x08003f43   Thumb Code   184  ff.o(i.f_sync)
    f_write                                  0x08003ffb   Thumb Code   526  ff.o(i.f_write)
    ff_convert                               0x08004209   Thumb Code    70  ccsbcs.o(i.ff_convert)
    ff_wtoupper                              0x08004255   Thumb Code    46  ccsbcs.o(i.ff_wtoupper)
    fputc                                    0x080043ad   Thumb Code    32  main.o(i.fputc)
    gen_numname                              0x080043d1   Thumb Code   168  ff.o(i.gen_numname)
    get_fat                                  0x08004479   Thumb Code   228  ff.o(i.get_fat)
    get_fattime                              0x0800455d   Thumb Code     4  diskio.o(i.get_fattime)
    gpio_af_set                              0x08004561   Thumb Code    94  gd32f4xx_gpio.o(i.gpio_af_set)
    gpio_bit_reset                           0x080045bf   Thumb Code     4  gd32f4xx_gpio.o(i.gpio_bit_reset)
    gpio_bit_set                             0x080045c3   Thumb Code     4  gd32f4xx_gpio.o(i.gpio_bit_set)
    gpio_bit_write                           0x080045c7   Thumb Code    10  gd32f4xx_gpio.o(i.gpio_bit_write)
    gpio_input_bit_get                       0x08004645   Thumb Code    18  gd32f4xx_gpio.o(i.gpio_input_bit_get)
    gpio_mode_set                            0x08004657   Thumb Code    78  gd32f4xx_gpio.o(i.gpio_mode_set)
    gpio_output_options_set                  0x080046a5   Thumb Code    66  gd32f4xx_gpio.o(i.gpio_output_options_set)
    i2c_ack_config                           0x080046e7   Thumb Code    16  gd32f4xx_i2c.o(i.i2c_ack_config)
    i2c_clock_config                         0x080046f9   Thumb Code   216  gd32f4xx_i2c.o(i.i2c_clock_config)
    i2c_deinit                               0x080047dd   Thumb Code    84  gd32f4xx_i2c.o(i.i2c_deinit)
    i2c_dma_config                           0x08004835   Thumb Code    16  gd32f4xx_i2c.o(i.i2c_dma_config)
    i2c_dma_last_transfer_config             0x08004845   Thumb Code    16  gd32f4xx_i2c.o(i.i2c_dma_last_transfer_config)
    i2c_enable                               0x08004855   Thumb Code    10  gd32f4xx_i2c.o(i.i2c_enable)
    i2c_flag_clear                           0x0800485f   Thumb Code    40  gd32f4xx_i2c.o(i.i2c_flag_clear)
    i2c_flag_get                             0x08004887   Thumb Code    30  gd32f4xx_i2c.o(i.i2c_flag_get)
    i2c_master_addressing                    0x080048a5   Thumb Code    20  gd32f4xx_i2c.o(i.i2c_master_addressing)
    i2c_mode_addr_config                     0x080048b9   Thumb Code    28  gd32f4xx_i2c.o(i.i2c_mode_addr_config)
    i2c_start_on_bus                         0x080048d5   Thumb Code    10  gd32f4xx_i2c.o(i.i2c_start_on_bus)
    i2c_stop_on_bus                          0x080048df   Thumb Code    10  gd32f4xx_i2c.o(i.i2c_stop_on_bus)
    led_app_blink_toggle                     0x080048e9   Thumb Code   114  led_app.o(i.led_app_blink_toggle)
    led_app_init                             0x08004965   Thumb Code    42  led_app.o(i.led_app_init)
    led_app_tick_1ms                         0x080049b5   Thumb Code   102  led_app.o(i.led_app_tick_1ms)
    led_app_toggle                           0x08004a21   Thumb Code    68  led_app.o(i.led_app_toggle)
    led_init                                 0x08004a75   Thumb Code    50  led_bsp.o(i.led_init)
    led_set                                  0x08004abd   Thumb Code    42  led_bsp.o(i.led_set)
    main                                     0x08004af1   Thumb Code   186  main.o(i.main)
    memory_compare                           0x08004d05   Thumb Code    36  sd_app.o(i.memory_compare)
    my_printf                                0x08004d9d   Thumb Code    98  usart_app.o(i.my_printf)
    nvic_irq_enable                          0x08004e05   Thumb Code   254  gd32f4xx_misc.o(i.nvic_irq_enable)
    nvic_priority_group_set                  0x08004f0d   Thumb Code    10  gd32f4xx_misc.o(i.nvic_priority_group_set)
    nvic_vector_table_set                    0x08004f21   Thumb Code    16  gd32f4xx_misc.o(i.nvic_vector_table_set)
    oled_clear                               0x08004f89   Thumb Code    30  oled_bsp.o(i.oled_clear)
    oled_dma_irq_handler                     0x08005079   Thumb Code   228  oled_bsp.o(i.oled_dma_irq_handler)
    oled_draw_point                          0x080053a5   Thumb Code    98  oled_bsp.o(i.oled_draw_point)
    oled_fill_rect                           0x08005411   Thumb Code   110  oled_bsp.o(i.oled_fill_rect)
    oled_init                                0x080056a1   Thumb Code   110  oled_bsp.o(i.oled_init)
    oled_printf                              0x08005949   Thumb Code    74  oled_bsp.o(i.oled_printf)
    oled_show_string                         0x08005995   Thumb Code   186  oled_bsp.o(i.oled_show_string)
    oled_task                                0x08005b59   Thumb Code    64  oled_app.o(i.oled_task)
    oled_update                              0x08005bf9   Thumb Code    18  oled_bsp.o(i.oled_update)
    oled_update_async                        0x08005c11   Thumb Code    28  oled_bsp.o(i.oled_update_async)
    oled_wait_ready                          0x08005df5   Thumb Code    74  oled_bsp.o(i.oled_wait_ready)
    pmu_backup_write_enable                  0x08005e6d   Thumb Code    14  gd32f4xx_pmu.o(i.pmu_backup_write_enable)
    put_fat                                  0x08005e81   Thumb Code   310  ff.o(i.put_fat)
    rcu_all_reset_flag_clear                 0x08006271   Thumb Code    14  gd32f4xx_rcu.o(i.rcu_all_reset_flag_clear)
    rcu_clock_freq_get                       0x08006285   Thumb Code   264  gd32f4xx_rcu.o(i.rcu_clock_freq_get)
    rcu_flag_get                             0x080063cd   Thumb Code    36  gd32f4xx_rcu.o(i.rcu_flag_get)
    rcu_osci_on                              0x080063f5   Thumb Code    32  gd32f4xx_rcu.o(i.rcu_osci_on)
    rcu_osci_stab_wait                       0x08006419   Thumb Code   342  gd32f4xx_rcu.o(i.rcu_osci_stab_wait)
    rcu_periph_clock_enable                  0x08006575   Thumb Code    32  gd32f4xx_rcu.o(i.rcu_periph_clock_enable)
    rcu_periph_reset_disable                 0x08006599   Thumb Code    32  gd32f4xx_rcu.o(i.rcu_periph_reset_disable)
    rcu_periph_reset_enable                  0x080065bd   Thumb Code    32  gd32f4xx_rcu.o(i.rcu_periph_reset_enable)
    rcu_rtc_clock_config                     0x080065e1   Thumb Code    18  gd32f4xx_rcu.o(i.rcu_rtc_clock_config)
    rtc_current_time_get                     0x08006661   Thumb Code    96  gd32f4xx_rtc.o(i.rtc_current_time_get)
    rtc_init                                 0x080066c5   Thumb Code   190  gd32f4xx_rtc.o(i.rtc_init)
    rtc_init_mode_enter                      0x08006789   Thumb Code    66  gd32f4xx_rtc.o(i.rtc_init_mode_enter)
    rtc_init_mode_exit                       0x080067d1   Thumb Code    14  gd32f4xx_rtc.o(i.rtc_init_mode_exit)
    rtc_register_sync_wait                   0x080067e5   Thumb Code    92  gd32f4xx_rtc.o(i.rtc_register_sync_wait)
    rtc_task                                 0x08006845   Thumb Code    52  rtc_app.o(i.rtc_task)
    scheduler_init                           0x08006891   Thumb Code    32  scheduler.o(i.scheduler_init)
    scheduler_run                            0x080068b5   Thumb Code    72  scheduler.o(i.scheduler_run)
    sd_block_read                            0x08006901   Thumb Code   500  sdio_sdcard.o(i.sd_block_read)
    sd_block_write                           0x08006b19   Thumb Code   760  sdio_sdcard.o(i.sd_block_write)
    sd_bus_mode_config                       0x08006e39   Thumb Code   144  sdio_sdcard.o(i.sd_bus_mode_config)
    sd_card_capacity_get                     0x08006fc9   Thumb Code   160  sdio_sdcard.o(i.sd_card_capacity_get)
    sd_card_information_get                  0x08007071   Thumb Code   686  sdio_sdcard.o(i.sd_card_information_get)
    sd_card_init                             0x08007331   Thumb Code   268  sdio_sdcard.o(i.sd_card_init)
    sd_card_select_deselect                  0x0800744d   Thumb Code    38  sdio_sdcard.o(i.sd_card_select_deselect)
    sd_cardstatus_get                        0x0800752d   Thumb Code    66  sdio_sdcard.o(i.sd_cardstatus_get)
    sd_fatfs_init                            0x0800758d   Thumb Code    14  sd_app.o(i.sd_fatfs_init)
    sd_fatfs_test                            0x080077bd   Thumb Code   318  sd_app.o(i.sd_fatfs_test)
    sd_init                                  0x08007a59   Thumb Code    70  sdio_sdcard.o(i.sd_init)
    sd_interrupts_process                    0x08007aa1   Thumb Code   286  sdio_sdcard.o(i.sd_interrupts_process)
    sd_multiblocks_read                      0x08007bd1   Thumb Code   632  sdio_sdcard.o(i.sd_multiblocks_read)
    sd_multiblocks_write                     0x08007e6d   Thumb Code   878  sdio_sdcard.o(i.sd_multiblocks_write)
    sd_power_on                              0x08008205   Thumb Code   290  sdio_sdcard.o(i.sd_power_on)
    sd_transfer_mode_config                  0x0800848d   Thumb Code    20  sdio_sdcard.o(i.sd_transfer_mode_config)
    sd_transfer_stop                         0x080084a5   Thumb Code    36  sdio_sdcard.o(i.sd_transfer_stop)
    sdio_bus_mode_set                        0x080084c9   Thumb Code    22  gd32f4xx_sdio.o(i.sdio_bus_mode_set)
    sdio_clock_config                        0x080084e5   Thumb Code    44  gd32f4xx_sdio.o(i.sdio_clock_config)
    sdio_clock_enable                        0x08008519   Thumb Code    14  gd32f4xx_sdio.o(i.sdio_clock_enable)
    sdio_command_index_get                   0x0800852d   Thumb Code     8  gd32f4xx_sdio.o(i.sdio_command_index_get)
    sdio_command_response_config             0x08008539   Thumb Code    52  gd32f4xx_sdio.o(i.sdio_command_response_config)
    sdio_csm_enable                          0x08008571   Thumb Code    14  gd32f4xx_sdio.o(i.sdio_csm_enable)
    sdio_data_config                         0x08008585   Thumb Code    54  gd32f4xx_sdio.o(i.sdio_data_config)
    sdio_data_read                           0x080085c1   Thumb Code     6  gd32f4xx_sdio.o(i.sdio_data_read)
    sdio_data_transfer_config                0x080085cd   Thumb Code    24  gd32f4xx_sdio.o(i.sdio_data_transfer_config)
    sdio_data_write                          0x080085e9   Thumb Code     6  gd32f4xx_sdio.o(i.sdio_data_write)
    sdio_deinit                              0x080085f5   Thumb Code    20  gd32f4xx_sdio.o(i.sdio_deinit)
    sdio_dma_disable                         0x08008609   Thumb Code    14  gd32f4xx_sdio.o(i.sdio_dma_disable)
    sdio_dma_enable                          0x0800861d   Thumb Code    14  gd32f4xx_sdio.o(i.sdio_dma_enable)
    sdio_dsm_disable                         0x08008631   Thumb Code    14  gd32f4xx_sdio.o(i.sdio_dsm_disable)
    sdio_dsm_enable                          0x08008645   Thumb Code    14  gd32f4xx_sdio.o(i.sdio_dsm_enable)
    sdio_flag_clear                          0x08008659   Thumb Code     6  gd32f4xx_sdio.o(i.sdio_flag_clear)
    sdio_flag_get                            0x08008665   Thumb Code    16  gd32f4xx_sdio.o(i.sdio_flag_get)
    sdio_hardware_clock_disable              0x08008679   Thumb Code    14  gd32f4xx_sdio.o(i.sdio_hardware_clock_disable)
    sdio_interrupt_disable                   0x0800868d   Thumb Code    12  gd32f4xx_sdio.o(i.sdio_interrupt_disable)
    sdio_interrupt_enable                    0x0800869d   Thumb Code    12  gd32f4xx_sdio.o(i.sdio_interrupt_enable)
    sdio_interrupt_flag_clear                0x080086ad   Thumb Code     6  gd32f4xx_sdio.o(i.sdio_interrupt_flag_clear)
    sdio_interrupt_flag_get                  0x080086b9   Thumb Code    16  gd32f4xx_sdio.o(i.sdio_interrupt_flag_get)
    sdio_power_state_get                     0x080086cd   Thumb Code     6  gd32f4xx_sdio.o(i.sdio_power_state_get)
    sdio_power_state_set                     0x080086d9   Thumb Code     6  gd32f4xx_sdio.o(i.sdio_power_state_set)
    sdio_response_get                        0x080086e5   Thumb Code    56  gd32f4xx_sdio.o(i.sdio_response_get)
    sdio_wait_type_set                       0x08008721   Thumb Code    22  gd32f4xx_sdio.o(i.sdio_wait_type_set)
    spi_dma_disable                          0x0800873d   Thumb Code    22  gd32f4xx_spi.o(i.spi_dma_disable)
    spi_dma_enable                           0x08008753   Thumb Code    22  gd32f4xx_spi.o(i.spi_dma_enable)
    spi_enable                               0x08008769   Thumb Code    10  gd32f4xx_spi.o(i.spi_enable)
    spi_flash_buffer_read                    0x08008775   Thumb Code    80  gd25qxx.o(i.spi_flash_buffer_read)
    spi_flash_buffer_write                   0x080087c9   Thumb Code   290  gd25qxx.o(i.spi_flash_buffer_write)
    spi_flash_init                           0x080088ed   Thumb Code    20  gd25qxx.o(i.spi_flash_init)
    spi_flash_page_write                     0x08008909   Thumb Code    86  gd25qxx.o(i.spi_flash_page_write)
    spi_flash_read_id                        0x08008965   Thumb Code    78  gd25qxx.o(i.spi_flash_read_id)
    spi_flash_sector_erase                   0x080089b9   Thumb Code    62  gd25qxx.o(i.spi_flash_sector_erase)
    spi_flash_send_byte_dma                  0x080089fd   Thumb Code   236  gd25qxx.o(i.spi_flash_send_byte_dma)
    spi_flash_wait_for_write_end             0x08008af9   Thumb Code    50  gd25qxx.o(i.spi_flash_wait_for_write_end)
    spi_flash_write_enable                   0x08008b31   Thumb Code    30  gd25qxx.o(i.spi_flash_write_enable)
    spi_gd30ad3344_send_halfword_dma         0x08008b55   Thumb Code   268  gd30ad3344.o(i.spi_gd30ad3344_send_halfword_dma)
    spi_init                                 0x08008c75   Thumb Code    50  gd32f4xx_spi.o(i.spi_init)
    ssd1306_init                             0x08008ca9   Thumb Code   384  driver_ssd1306.o(i.ssd1306_init)
    ssd1306_set_addr_pin                     0x080090c1   Thumb Code    16  driver_ssd1306.o(i.ssd1306_set_addr_pin)
    ssd1306_set_interface                    0x080090d1   Thumb Code    16  driver_ssd1306.o(i.ssd1306_set_interface)
    ssd1306_write_cmd                        0x080090e1   Thumb Code    40  driver_ssd1306.o(i.ssd1306_write_cmd)
    systick_config                           0x0800930d   Thumb Code    74  systick.o(i.systick_config)
    systick_get_ms                           0x0800935d   Thumb Code     6  systick.o(i.systick_get_ms)
    test_spi_flash                           0x08009369   Thumb Code   296  gd25qxx.o(i.test_spi_flash)
    timer5_config                            0x08009671   Thumb Code    68  mcu_cmic_gd32f470vet6.o(i.timer5_config)
    timer_deinit                             0x080096b9   Thumb Code   374  gd32f4xx_timer.o(i.timer_deinit)
    timer_enable                             0x0800983d   Thumb Code    10  gd32f4xx_timer.o(i.timer_enable)
    timer_init                               0x08009849   Thumb Code   122  gd32f4xx_timer.o(i.timer_init)
    timer_master_output_trigger_source_select 0x080098e1   Thumb Code    16  gd32f4xx_timer.o(i.timer_master_output_trigger_source_select)
    timer_struct_para_init                   0x080098f1   Thumb Code    22  gd32f4xx_timer.o(i.timer_struct_para_init)
    usart_baudrate_set                       0x08009909   Thumb Code   224  gd32f4xx_usart.o(i.usart_baudrate_set)
    usart_data_receive                       0x080099f1   Thumb Code    10  gd32f4xx_usart.o(i.usart_data_receive)
    usart_data_transmit                      0x080099fb   Thumb Code     8  gd32f4xx_usart.o(i.usart_data_transmit)
    usart_deinit                             0x08009a05   Thumb Code   210  gd32f4xx_usart.o(i.usart_deinit)
    usart_dma_receive_config                 0x08009ae1   Thumb Code    20  gd32f4xx_usart.o(i.usart_dma_receive_config)
    usart_enable                             0x08009af5   Thumb Code    10  gd32f4xx_usart.o(i.usart_enable)
    usart_flag_get                           0x08009aff   Thumb Code    32  gd32f4xx_usart.o(i.usart_flag_get)
    usart_interrupt_enable                   0x08009b1f   Thumb Code    26  gd32f4xx_usart.o(i.usart_interrupt_enable)
    usart_interrupt_flag_get                 0x08009b39   Thumb Code    58  gd32f4xx_usart.o(i.usart_interrupt_flag_get)
    usart_receive_config                     0x08009b73   Thumb Code    16  gd32f4xx_usart.o(i.usart_receive_config)
    usart_transmit_config                    0x08009b83   Thumb Code    16  gd32f4xx_usart.o(i.usart_transmit_config)
    F6X8                                     0x08009c88   Data         552  oled_bsp.o(.constdata)
    Hzk                                      0x0800a4a0   Data         128  oled_bsp.o(.constdata)
    Hzb                                      0x0800a520   Data         512  oled_bsp.o(.constdata)
    Region$$Table$$Base                      0x0800acd0   Number         0  anon$$obj.o(Region$$Table)
    Region$$Table$$Limit                     0x0800acf0   Number         0  anon$$obj.o(Region$$Table)
    i                                        0x2000009c   Data           2  sd_app.o(.data)
    count                                    0x2000009e   Data           2  sd_app.o(.data)
    result                                   0x200000a0   Data           2  sd_app.o(.data)
    br                                       0x200000a4   Data           4  sd_app.o(.data)
    bw                                       0x200000a8   Data           4  sd_app.o(.data)
    tx_count                                 0x200000ac   Data           2  usart_app.o(.data)
    rx_flag                                  0x200000ae   Data           1  usart_app.o(.data)
    SystemCoreClock                          0x200000b8   Data           4  system_gd32f4xx.o(.data)
    adc_value                                0x200000cc   Data           2  mcu_cmic_gd32f470vet6.o(.data)
    convertarr                               0x200000ce   Data           2  mcu_cmic_gd32f470vet6.o(.data)
    prescaler_a                              0x200000d0   Data           4  mcu_cmic_gd32f470vet6.o(.data)
    prescaler_s                              0x200000d4   Data           4  mcu_cmic_gd32f470vet6.o(.data)
    RTCSRC_FLAG                              0x200000d8   Data           4  mcu_cmic_gd32f470vet6.o(.data)
    GD30AD3344_InitStruct                    0x200000dc   Data           2  gd30ad3344.o(.data)
    PGA_DATA                                 0x200000e0   Data           4  gd30ad3344.o(.data)
    sd_scr                                   0x200000f4   Data           8  sdio_sdcard.o(.data)
    __stdout                                 0x20000120   Data           4  stdout.o(.data)
    fs                                       0x2000016c   Data         560  sd_app.o(.bss)
    fdst                                     0x2000039c   Data         548  sd_app.o(.bss)
    sd_cardinfo                              0x200005c0   Data          72  sd_app.o(.bss)
    buffer                                   0x20000608   Data         128  sd_app.o(.bss)
    filebuffer                               0x20000688   Data         128  sd_app.o(.bss)
    uart_dma_buffer                          0x20000708   Data         512  usart_app.o(.bss)
    spi3_send_array                          0x20000f48   Data          12  mcu_cmic_gd32f470vet6.o(.bss)
    spi3_receive_array                       0x20000f54   Data          12  mcu_cmic_gd32f470vet6.o(.bss)
    spi1_send_array                          0x20000f60   Data          12  mcu_cmic_gd32f470vet6.o(.bss)
    spi1_receive_array                       0x20000f6c   Data          12  mcu_cmic_gd32f470vet6.o(.bss)
    rxbuffer                                 0x20000f78   Data         512  mcu_cmic_gd32f470vet6.o(.bss)
    rtc_initpara                             0x20001178   Data          20  mcu_cmic_gd32f470vet6.o(.bss)
    rtc_alarm                                0x2000118c   Data          16  mcu_cmic_gd32f470vet6.o(.bss)
    __initial_sp                             0x200015c0   Data           0  startup_gd32f407_427.o(STACK)



==============================================================================

Memory Map of the image

  Image Entry point : 0x08000189

  Load Region LR_IROM1 (Base: 0x08000000, Size: 0x0000ae14, Max: 0x00080000, ABSOLUTE)

    Execution Region ER_IROM1 (Exec base: 0x08000000, Load base: 0x08000000, Size: 0x0000acf0, Max: 0x00080000, ABSOLUTE)

    Exec Addr    Load Addr    Size         Type   Attr      Idx    E Section Name        Object

    0x08000000   0x08000000   0x00000188   Data   RO         8484    RESET               startup_gd32f407_427.o
    0x08000188   0x08000188   0x00000000   Code   RO         8489  * .ARM.Collect$$$$00000000  mc_w.l(entry.o)
    0x08000188   0x08000188   0x00000004   Code   RO         8803    .ARM.Collect$$$$00000001  mc_w.l(entry2.o)
    0x0800018c   0x0800018c   0x00000004   Code   RO         8806    .ARM.Collect$$$$00000004  mc_w.l(entry5.o)
    0x08000190   0x08000190   0x00000000   Code   RO         8808    .ARM.Collect$$$$00000008  mc_w.l(entry7b.o)
    0x08000190   0x08000190   0x00000000   Code   RO         8810    .ARM.Collect$$$$0000000A  mc_w.l(entry8b.o)
    0x08000190   0x08000190   0x00000008   Code   RO         8811    .ARM.Collect$$$$0000000B  mc_w.l(entry9a.o)
    0x08000198   0x08000198   0x00000004   Code   RO         8818    .ARM.Collect$$$$0000000E  mc_w.l(entry12b.o)
    0x0800019c   0x0800019c   0x00000000   Code   RO         8813    .ARM.Collect$$$$0000000F  mc_w.l(entry10a.o)
    0x0800019c   0x0800019c   0x00000000   Code   RO         8815    .ARM.Collect$$$$00000011  mc_w.l(entry11a.o)
    0x0800019c   0x0800019c   0x00000004   Code   RO         8804    .ARM.Collect$$$$00002712  mc_w.l(entry2.o)
    0x080001a0   0x080001a0   0x00000024   Code   RO         8485    .text               startup_gd32f407_427.o
    0x080001c4   0x080001c4   0x00000024   Code   RO         8492    .text               mc_w.l(memcpya.o)
    0x080001e8   0x080001e8   0x00000024   Code   RO         8494    .text               mc_w.l(memseta.o)
    0x0800020c   0x0800020c   0x0000000e   Code   RO         8500    .text               mc_w.l(strlen.o)
    0x0800021a   0x0800021a   0x0000001a   Code   RO         8502    .text               mc_w.l(memcmp.o)
    0x08000234   0x08000234   0x00000026   Code   RO         8801    .text               mf_w.l(f2d.o)
    0x0800025a   0x0800025a   0x0000002c   Code   RO         8820    .text               mc_w.l(uidiv.o)
    0x08000286   0x08000286   0x00000062   Code   RO         8822    .text               mc_w.l(uldiv.o)
    0x080002e8   0x080002e8   0x00000000   Code   RO         8826    .text               mc_w.l(iusefp.o)
    0x080002e8   0x080002e8   0x0000014e   Code   RO         8827    .text               mf_w.l(dadd.o)
    0x08000436   0x08000436   0x000000e4   Code   RO         8829    .text               mf_w.l(dmul.o)
    0x0800051a   0x0800051a   0x000000de   Code   RO         8831    .text               mf_w.l(ddiv.o)
    0x080005f8   0x080005f8   0x00000030   Code   RO         8833    .text               mf_w.l(dfixul.o)
    0x08000628   0x08000628   0x00000030   Code   RO         8835    .text               mf_w.l(cdrcmple.o)
    0x08000658   0x08000658   0x00000024   Code   RO         8837    .text               mc_w.l(init.o)
    0x0800067c   0x0800067c   0x0000001e   Code   RO         8839    .text               mc_w.l(llshl.o)
    0x0800069a   0x0800069a   0x00000020   Code   RO         8841    .text               mc_w.l(llushr.o)
    0x080006ba   0x080006ba   0x00000024   Code   RO         8843    .text               mc_w.l(llsshr.o)
    0x080006de   0x080006de   0x000000ba   Code   RO         8845    .text               mf_w.l(depilogue.o)
    0x08000798   0x08000798   0x00000004   Code   RO          595    i.BusFault_Handler  gd32f4xx_it.o
    0x0800079c   0x0800079c   0x00000008   Code   RO          596    i.DMA0_Channel6_IRQHandler  gd32f4xx_it.o
    0x080007a4   0x080007a4   0x00000004   Code   RO          597    i.DebugMon_Handler  gd32f4xx_it.o
    0x080007a8   0x080007a8   0x00000160   Code   RO         2051    i.GD30AD3344_Init   gd30ad3344.o
    0x08000908   0x08000908   0x00000004   Code   RO          598    i.HardFault_Handler  gd32f4xx_it.o
    0x0800090c   0x0800090c   0x00000004   Code   RO          599    i.MemManage_Handler  gd32f4xx_it.o
    0x08000910   0x08000910   0x00000004   Code   RO          600    i.NMI_Handler       gd32f4xx_it.o
    0x08000914   0x08000914   0x00000028   Code   RO          546    i.NVIC_SetPriority  systick.o
    0x0800093c   0x0800093c   0x00000004   Code   RO          601    i.PendSV_Handler    gd32f4xx_it.o
    0x08000940   0x08000940   0x00000008   Code   RO          602    i.SDIO_IRQHandler   gd32f4xx_it.o
    0x08000948   0x08000948   0x00000004   Code   RO          603    i.SVC_Handler       gd32f4xx_it.o
    0x0800094c   0x0800094c   0x0000000c   Code   RO          604    i.SysTick_Handler   gd32f4xx_it.o
    0x08000958   0x08000958   0x00000188   Code   RO          689    i.SystemInit        system_gd32f4xx.o
    0x08000ae0   0x08000ae0   0x00000098   Code   RO          605    i.USART0_IRQHandler  gd32f4xx_it.o
    0x08000b78   0x08000b78   0x00000004   Code   RO          606    i.UsageFault_Handler  gd32f4xx_it.o
    0x08000b7c   0x08000b7c   0x00000028   Code   RO         8747    i.__0sprintf        mc_w.l(printfa.o)
    0x08000ba4   0x08000ba4   0x00000010   Code   RO         8749    i.__0vprintf        mc_w.l(printfa.o)
    0x08000bb4   0x08000bb4   0x00000034   Code   RO         8750    i.__0vsnprintf      mc_w.l(printfa.o)
    0x08000be8   0x08000be8   0x0000000e   Code   RO         8849    i.__scatterload_copy  mc_w.l(handlers.o)
    0x08000bf6   0x08000bf6   0x00000002   Code   RO         8850    i.__scatterload_null  mc_w.l(handlers.o)
    0x08000bf8   0x08000bf8   0x0000000e   Code   RO         8851    i.__scatterload_zeroinit  mc_w.l(handlers.o)
    0x08000c06   0x08000c06   0x00000002   PAD
    0x08000c08   0x08000c08   0x00000184   Code   RO         8752    i._fp_digits        mc_w.l(printfa.o)
    0x08000d8c   0x08000d8c   0x000006b4   Code   RO         8753    i._printf_core      mc_w.l(printfa.o)
    0x08001440   0x08001440   0x00000024   Code   RO         8754    i._printf_post_padding  mc_w.l(printfa.o)
    0x08001464   0x08001464   0x0000002e   Code   RO         8755    i._printf_pre_padding  mc_w.l(printfa.o)
    0x08001492   0x08001492   0x00000016   Code   RO         8756    i._snputc           mc_w.l(printfa.o)
    0x080014a8   0x080014a8   0x0000001c   Code   RO          690    i._soft_delay_      system_gd32f4xx.o
    0x080014c4   0x080014c4   0x0000000a   Code   RO         8757    i._sputc            mc_w.l(printfa.o)
    0x080014ce   0x080014ce   0x0000007a   Code   RO         2112    i.a_ssd1306_multiple_write_byte  driver_ssd1306.o
    0x08001548   0x08001548   0x0000002a   Code   RO         3012    i.adc_calibration_enable  gd32f4xx_adc.o
    0x08001572   0x08001572   0x00000052   Code   RO         3014    i.adc_channel_length_config  gd32f4xx_adc.o
    0x080015c4   0x080015c4   0x00000024   Code   RO         3015    i.adc_clock_config  gd32f4xx_adc.o
    0x080015e8   0x080015e8   0x00000016   Code   RO         3016    i.adc_data_alignment_config  gd32f4xx_adc.o
    0x080015fe   0x080015fe   0x0000000a   Code   RO         3021    i.adc_dma_mode_enable  gd32f4xx_adc.o
    0x08001608   0x08001608   0x0000000a   Code   RO         3023    i.adc_dma_request_after_last_enable  gd32f4xx_adc.o
    0x08001612   0x08001612   0x00000012   Code   RO         3024    i.adc_enable        gd32f4xx_adc.o
    0x08001624   0x08001624   0x00000034   Code   RO         3026    i.adc_external_trigger_config  gd32f4xx_adc.o
    0x08001658   0x08001658   0x00000030   Code   RO         3027    i.adc_external_trigger_source_config  gd32f4xx_adc.o
    0x08001688   0x08001688   0x000000ac   Code   RO         3042    i.adc_routine_channel_config  gd32f4xx_adc.o
    0x08001734   0x08001734   0x00000024   Code   RO         3045    i.adc_software_trigger_enable  gd32f4xx_adc.o
    0x08001758   0x08001758   0x0000005a   Code   RO         3046    i.adc_special_function_config  gd32f4xx_adc.o
    0x080017b2   0x080017b2   0x00000002   PAD
    0x080017b4   0x080017b4   0x00000024   Code   RO         3051    i.adc_sync_mode_config  gd32f4xx_adc.o
    0x080017d8   0x080017d8   0x0000001c   Code   RO          221    i.app_btn_init      btn_app.o
    0x080017f4   0x080017f4   0x0000011c   Code   RO         1140    i.bsp_adc_init      mcu_cmic_gd32f470vet6.o
    0x08001910   0x08001910   0x000000fc   Code   RO         1141    i.bsp_dac_init      mcu_cmic_gd32f470vet6.o
    0x08001a0c   0x08001a0c   0x00000098   Code   RO         1142    i.bsp_gd25qxx_init  mcu_cmic_gd32f470vet6.o
    0x08001aa4   0x08001aa4   0x0000008c   Code   RO         1143    i.bsp_gd30ad3344_init  mcu_cmic_gd32f470vet6.o
    0x08001b30   0x08001b30   0x00000034   Code   RO         1144    i.bsp_rtc_init      mcu_cmic_gd32f470vet6.o
    0x08001b64   0x08001b64   0x0000003c   Code   RO         1145    i.bsp_rtc_pre_cfg   mcu_cmic_gd32f470vet6.o
    0x08001ba0   0x08001ba0   0x00000060   Code   RO         1146    i.bsp_rtc_setup     mcu_cmic_gd32f470vet6.o
    0x08001c00   0x08001c00   0x00000120   Code   RO         1147    i.bsp_usart_init    mcu_cmic_gd32f470vet6.o
    0x08001d20   0x08001d20   0x0000003c   Code   RO          222    i.btn_event         btn_app.o
    0x08001d5c   0x08001d5c   0x00000050   Code   RO          741    i.btn_init          btn_bsp.o
    0x08001dac   0x08001dac   0x0000000e   Code   RO          742    i.btn_is_valid      btn_bsp.o
    0x08001dba   0x08001dba   0x00000002   PAD
    0x08001dbc   0x08001dbc   0x00000034   Code   RO          743    i.btn_read          btn_bsp.o
    0x08001df0   0x08001df0   0x00000012   Code   RO          223    i.btn_read_state    btn_app.o
    0x08001e02   0x08001e02   0x0000000e   Code   RO          224    i.btn_task          btn_app.o
    0x08001e10   0x08001e10   0x0000004e   Code   RO          225    i.btn_toggle_led    btn_app.o
    0x08001e5e   0x08001e5e   0x00000002   PAD
    0x08001e60   0x08001e60   0x00000090   Code   RO         2430    i.button_init       button.o
    0x08001ef0   0x08001ef0   0x00000028   Code   RO         2431    i.button_is_pressed  button.o
    0x08001f18   0x08001f18   0x000000a8   Code   RO         2432    i.button_scan       button.o
    0x08001fc0   0x08001fc0   0x0000001c   Code   RO         2433    i.button_send_event  button.o
    0x08001fdc   0x08001fdc   0x000003c8   Code   RO          417    i.card_info_get     sd_app.o
    0x080023a4   0x080023a4   0x00000090   Code   RO         2726    i.check_fs          ff.o
    0x08002434   0x08002434   0x00000014   Code   RO         2727    i.chk_chr           ff.o
    0x08002448   0x08002448   0x00000394   Code   RO         2728    i.chk_mounted       ff.o
    0x080027dc   0x080027dc   0x0000001a   Code   RO         2729    i.clust2sect        ff.o
    0x080027f6   0x080027f6   0x00000002   PAD
    0x080027f8   0x080027f8   0x00000030   Code   RO         2462    i.cmdsent_error_check  sdio_sdcard.o
    0x08002828   0x08002828   0x00000090   Code   RO         2730    i.cmp_lfn           ff.o
    0x080028b8   0x080028b8   0x000000ca   Code   RO         2731    i.create_chain      ff.o
    0x08002982   0x08002982   0x00000002   PAD
    0x08002984   0x08002984   0x00000230   Code   RO         2732    i.create_name       ff.o
    0x08002bb4   0x08002bb4   0x00000028   Code   RO         3675    i.dac_deinit        gd32f4xx_dac.o
    0x08002bdc   0x08002bdc   0x0000001a   Code   RO         3678    i.dac_dma_enable    gd32f4xx_dac.o
    0x08002bf6   0x08002bf6   0x0000001a   Code   RO         3679    i.dac_enable        gd32f4xx_dac.o
    0x08002c10   0x08002c10   0x0000001a   Code   RO         3693    i.dac_trigger_enable  gd32f4xx_dac.o
    0x08002c2a   0x08002c2a   0x00000028   Code   RO         3694    i.dac_trigger_source_config  gd32f4xx_dac.o
    0x08002c52   0x08002c52   0x00000028   Code   RO         3695    i.dac_wave_mode_config  gd32f4xx_dac.o
    0x08002c7a   0x08002c7a   0x00000002   PAD
    0x08002c7c   0x08002c7c   0x00000014   Code   RO          547    i.delay_1ms         systick.o
    0x08002c90   0x08002c90   0x00000024   Code   RO          548    i.delay_decrement   systick.o
    0x08002cb4   0x08002cb4   0x000000de   Code   RO         2733    i.dir_find          ff.o
    0x08002d92   0x08002d92   0x00000118   Code   RO         2734    i.dir_next          ff.o
    0x08002eaa   0x08002eaa   0x0000018c   Code   RO         2736    i.dir_register      ff.o
    0x08003036   0x08003036   0x0000009c   Code   RO         2738    i.dir_sdi           ff.o
    0x080030d2   0x080030d2   0x00000086   Code   RO         2678    i.disk_initialize   diskio.o
    0x08003158   0x08003158   0x00000006   Code   RO         2679    i.disk_ioctl        diskio.o
    0x0800315e   0x0800315e   0x00000050   Code   RO         2680    i.disk_read         diskio.o
    0x080031ae   0x080031ae   0x0000000c   Code   RO         2681    i.disk_status       diskio.o
    0x080031ba   0x080031ba   0x00000050   Code   RO         2682    i.disk_write        diskio.o
    0x0800320a   0x0800320a   0x00000020   Code   RO         4052    i.dma_channel_disable  gd32f4xx_dma.o
    0x0800322a   0x0800322a   0x00000020   Code   RO         4053    i.dma_channel_enable  gd32f4xx_dma.o
    0x0800324a   0x0800324a   0x00000026   Code   RO         4054    i.dma_channel_subperipheral_select  gd32f4xx_dma.o
    0x08003270   0x08003270   0x00000020   Code   RO         4055    i.dma_circulation_disable  gd32f4xx_dma.o
    0x08003290   0x08003290   0x00000020   Code   RO         4056    i.dma_circulation_enable  gd32f4xx_dma.o
    0x080032b0   0x080032b0   0x000000a6   Code   RO         4057    i.dma_deinit        gd32f4xx_dma.o
    0x08003356   0x08003356   0x0000003e   Code   RO         4059    i.dma_flag_clear    gd32f4xx_dma.o
    0x08003394   0x08003394   0x0000004e   Code   RO         4060    i.dma_flag_get      gd32f4xx_dma.o
    0x080033e2   0x080033e2   0x00000040   Code   RO         4061    i.dma_flow_controller_config  gd32f4xx_dma.o
    0x08003422   0x08003422   0x0000003e   Code   RO         4062    i.dma_interrupt_disable  gd32f4xx_dma.o
    0x08003460   0x08003460   0x0000003e   Code   RO         4063    i.dma_interrupt_enable  gd32f4xx_dma.o
    0x0800349e   0x0800349e   0x0000003e   Code   RO         4064    i.dma_interrupt_flag_clear  gd32f4xx_dma.o
    0x080034dc   0x080034dc   0x00000258   Code   RO         4065    i.dma_interrupt_flag_get  gd32f4xx_dma.o
    0x08003734   0x08003734   0x00000020   Code   RO         4066    i.dma_memory_address_config  gd32f4xx_dma.o
    0x08003754   0x08003754   0x00000164   Code   RO         4070    i.dma_multi_data_mode_init  gd32f4xx_dma.o
    0x080038b8   0x080038b8   0x000000b4   Code   RO         2463    i.dma_receive_config  sdio_sdcard.o
    0x0800396c   0x0800396c   0x00000158   Code   RO         4077    i.dma_single_data_mode_init  gd32f4xx_dma.o
    0x08003ac4   0x08003ac4   0x00000022   Code   RO         4078    i.dma_single_data_para_struct_init  gd32f4xx_dma.o
    0x08003ae6   0x08003ae6   0x00000002   PAD
    0x08003ae8   0x08003ae8   0x000000b4   Code   RO         2464    i.dma_transfer_config  sdio_sdcard.o
    0x08003b9c   0x08003b9c   0x00000010   Code   RO         4082    i.dma_transfer_number_config  gd32f4xx_dma.o
    0x08003bac   0x08003bac   0x00000010   Code   RO         4083    i.dma_transfer_number_get  gd32f4xx_dma.o
    0x08003bbc   0x08003bbc   0x00000016   Code   RO         2740    i.f_close           ff.o
    0x08003bd2   0x08003bd2   0x00000002   PAD
    0x08003bd4   0x08003bd4   0x0000002c   Code   RO         2744    i.f_mount           ff.o
    0x08003c00   0x08003c00   0x00000174   Code   RO         2745    i.f_open            ff.o
    0x08003d74   0x08003d74   0x000001ce   Code   RO         2747    i.f_read            ff.o
    0x08003f42   0x08003f42   0x000000b8   Code   RO         2751    i.f_sync            ff.o
    0x08003ffa   0x08003ffa   0x0000020e   Code   RO         2755    i.f_write           ff.o
    0x08004208   0x08004208   0x0000004c   Code   RO         2981    i.ff_convert        ccsbcs.o
    0x08004254   0x08004254   0x00000038   Code   RO         2982    i.ff_wtoupper       ccsbcs.o
    0x0800428c   0x0800428c   0x00000080   Code   RO         2756    i.fit_lfn           ff.o
    0x0800430c   0x0800430c   0x0000009e   Code   RO         2757    i.follow_path       ff.o
    0x080043aa   0x080043aa   0x00000002   PAD
    0x080043ac   0x080043ac   0x00000024   Code   RO          520    i.fputc             main.o
    0x080043d0   0x080043d0   0x000000a8   Code   RO         2758    i.gen_numname       ff.o
    0x08004478   0x08004478   0x000000e4   Code   RO         2759    i.get_fat           ff.o
    0x0800455c   0x0800455c   0x00000004   Code   RO         2683    i.get_fattime       diskio.o
    0x08004560   0x08004560   0x0000005e   Code   RO         5471    i.gpio_af_set       gd32f4xx_gpio.o
    0x080045be   0x080045be   0x00000004   Code   RO         5472    i.gpio_bit_reset    gd32f4xx_gpio.o
    0x080045c2   0x080045c2   0x00000004   Code   RO         5473    i.gpio_bit_set      gd32f4xx_gpio.o
    0x080045c6   0x080045c6   0x0000000a   Code   RO         5475    i.gpio_bit_write    gd32f4xx_gpio.o
    0x080045d0   0x080045d0   0x00000074   Code   RO         2465    i.gpio_config       sdio_sdcard.o
    0x08004644   0x08004644   0x00000012   Code   RO         5477    i.gpio_input_bit_get  gd32f4xx_gpio.o
    0x08004656   0x08004656   0x0000004e   Code   RO         5479    i.gpio_mode_set     gd32f4xx_gpio.o
    0x080046a4   0x080046a4   0x00000042   Code   RO         5481    i.gpio_output_options_set  gd32f4xx_gpio.o
    0x080046e6   0x080046e6   0x00000010   Code   RO         5575    i.i2c_ack_config    gd32f4xx_i2c.o
    0x080046f6   0x080046f6   0x00000002   PAD
    0x080046f8   0x080046f8   0x000000e4   Code   RO         5579    i.i2c_clock_config  gd32f4xx_i2c.o
    0x080047dc   0x080047dc   0x00000058   Code   RO         5582    i.i2c_deinit        gd32f4xx_i2c.o
    0x08004834   0x08004834   0x00000010   Code   RO         5585    i.i2c_dma_config    gd32f4xx_i2c.o
    0x08004844   0x08004844   0x00000010   Code   RO         5586    i.i2c_dma_last_transfer_config  gd32f4xx_i2c.o
    0x08004854   0x08004854   0x0000000a   Code   RO         5589    i.i2c_enable        gd32f4xx_i2c.o
    0x0800485e   0x0800485e   0x00000028   Code   RO         5590    i.i2c_flag_clear    gd32f4xx_i2c.o
    0x08004886   0x08004886   0x0000001e   Code   RO         5591    i.i2c_flag_get      gd32f4xx_i2c.o
    0x080048a4   0x080048a4   0x00000014   Code   RO         5596    i.i2c_master_addressing  gd32f4xx_i2c.o
    0x080048b8   0x080048b8   0x0000001c   Code   RO         5597    i.i2c_mode_addr_config  gd32f4xx_i2c.o
    0x080048d4   0x080048d4   0x0000000a   Code   RO         5610    i.i2c_start_on_bus  gd32f4xx_i2c.o
    0x080048de   0x080048de   0x0000000a   Code   RO         5611    i.i2c_stop_on_bus   gd32f4xx_i2c.o
    0x080048e8   0x080048e8   0x0000007c   Code   RO          267    i.led_app_blink_toggle  led_app.o
    0x08004964   0x08004964   0x00000034   Code   RO          268    i.led_app_init      led_app.o
    0x08004998   0x08004998   0x0000000e   Code   RO          269    i.led_app_is_valid  led_app.o
    0x080049a6   0x080049a6   0x0000000c   Code   RO          270    i.led_app_lock      led_app.o
    0x080049b2   0x080049b2   0x00000002   PAD
    0x080049b4   0x080049b4   0x0000006c   Code   RO          272    i.led_app_tick_1ms  led_app.o
    0x08004a20   0x08004a20   0x0000004c   Code   RO          273    i.led_app_toggle    led_app.o
    0x08004a6c   0x08004a6c   0x00000006   Code   RO          274    i.led_app_unlock    led_app.o
    0x08004a72   0x08004a72   0x00000002   PAD
    0x08004a74   0x08004a74   0x00000038   Code   RO          774    i.led_init          led_bsp.o
    0x08004aac   0x08004aac   0x0000000e   Code   RO          775    i.led_is_valid      led_bsp.o
    0x08004aba   0x08004aba   0x00000002   PAD
    0x08004abc   0x08004abc   0x00000034   Code   RO          778    i.led_set           led_bsp.o
    0x08004af0   0x08004af0   0x000001c0   Code   RO          521    i.main              main.o
    0x08004cb0   0x08004cb0   0x00000026   Code   RO         2761    i.mem_cmp           ff.o
    0x08004cd6   0x08004cd6   0x0000001a   Code   RO         2762    i.mem_cpy           ff.o
    0x08004cf0   0x08004cf0   0x00000014   Code   RO         2763    i.mem_set           ff.o
    0x08004d04   0x08004d04   0x00000024   Code   RO          418    i.memory_compare    sd_app.o
    0x08004d28   0x08004d28   0x00000072   Code   RO         2764    i.move_window       ff.o
    0x08004d9a   0x08004d9a   0x00000002   PAD
    0x08004d9c   0x08004d9c   0x00000068   Code   RO          483    i.my_printf         usart_app.o
    0x08004e04   0x08004e04   0x00000108   Code   RO         6044    i.nvic_irq_enable   gd32f4xx_misc.o
    0x08004f0c   0x08004f0c   0x00000014   Code   RO         6045    i.nvic_priority_group_set  gd32f4xx_misc.o
    0x08004f20   0x08004f20   0x00000018   Code   RO         6046    i.nvic_vector_table_set  gd32f4xx_misc.o
    0x08004f38   0x08004f38   0x00000050   Code   RO          825    i.oled_async_fail   oled_bsp.o
    0x08004f88   0x08004f88   0x00000028   Code   RO          826    i.oled_clear        oled_bsp.o
    0x08004fb0   0x08004fb0   0x00000010   Code   RO          827    i.oled_config_128x32  oled_bsp.o
    0x08004fc0   0x08004fc0   0x0000001a   Code   RO          828    i.oled_debug_print  oled_bsp.o
    0x08004fda   0x08004fda   0x0000000c   Code   RO          830    i.oled_delay_ms     oled_bsp.o
    0x08004fe6   0x08004fe6   0x00000002   PAD
    0x08004fe8   0x08004fe8   0x00000030   Code   RO          833    i.oled_dma_int_clear_all  oled_bsp.o
    0x08005018   0x08005018   0x00000030   Code   RO          834    i.oled_dma_int_disable_all  oled_bsp.o
    0x08005048   0x08005048   0x00000030   Code   RO          835    i.oled_dma_int_enable_all  oled_bsp.o
    0x08005078   0x08005078   0x000000fc   Code   RO          836    i.oled_dma_irq_handler  oled_bsp.o
    0x08005174   0x08005174   0x000000c8   Code   RO          837    i.oled_dma_start    oled_bsp.o
    0x0800523c   0x0800523c   0x00000074   Code   RO          838    i.oled_dma_write    oled_bsp.o
    0x080052b0   0x080052b0   0x00000064   Code   RO          839    i.oled_draw_char_6x8  oled_bsp.o
    0x08005314   0x08005314   0x00000090   Code   RO          840    i.oled_draw_char_8x16  oled_bsp.o
    0x080053a4   0x080053a4   0x0000006c   Code   RO          841    i.oled_draw_point   oled_bsp.o
    0x08005410   0x08005410   0x00000074   Code   RO          842    i.oled_fill_rect    oled_bsp.o
    0x08005484   0x08005484   0x00000048   Code   RO          843    i.oled_find_window  oled_bsp.o
    0x080054cc   0x080054cc   0x000000dc   Code   RO          845    i.oled_i2c_bus_reset  oled_bsp.o
    0x080055a8   0x080055a8   0x00000014   Code   RO          846    i.oled_iic_deinit   oled_bsp.o
    0x080055bc   0x080055bc   0x000000e4   Code   RO          847    i.oled_iic_init     oled_bsp.o
    0x080056a0   0x080056a0   0x00000088   Code   RO          848    i.oled_init         oled_bsp.o
    0x08005728   0x08005728   0x00000068   Code   RO          850    i.oled_link_handle  oled_bsp.o
    0x08005790   0x08005790   0x0000000c   Code   RO          851    i.oled_mark_all_dirty  oled_bsp.o
    0x0800579c   0x0800579c   0x00000040   Code   RO          852    i.oled_mark_pages   oled_bsp.o
    0x080057dc   0x080057dc   0x00000004   Code   RO          853    i.oled_noop_init    oled_bsp.o
    0x080057e0   0x080057e0   0x00000006   Code   RO          854    i.oled_noop_spi_write  oled_bsp.o
    0x080057e6   0x080057e6   0x00000006   Code   RO          855    i.oled_noop_write   oled_bsp.o
    0x080057ec   0x080057ec   0x0000001e   Code   RO          856    i.oled_pages_to_mask  oled_bsp.o
    0x0800580a   0x0800580a   0x00000002   PAD
    0x0800580c   0x0800580c   0x000000d4   Code   RO          857    i.oled_prepare_i2c  oled_bsp.o
    0x080058e0   0x080058e0   0x00000020   Code   RO          858    i.oled_prepare_window_cmd  oled_bsp.o
    0x08005900   0x08005900   0x00000048   Code   RO          859    i.oled_prepare_window_data  oled_bsp.o
    0x08005948   0x08005948   0x0000004a   Code   RO          860    i.oled_printf       oled_bsp.o
    0x08005992   0x08005992   0x00000002   PAD
    0x08005994   0x08005994   0x000000c0   Code   RO          861    i.oled_show_string  oled_bsp.o
    0x08005a54   0x08005a54   0x00000064   Code   RO          862    i.oled_start_next_window_from_irq  oled_bsp.o
    0x08005ab8   0x08005ab8   0x00000040   Code   RO          863    i.oled_start_window_cmd  oled_bsp.o
    0x08005af8   0x08005af8   0x00000038   Code   RO          864    i.oled_start_window_data  oled_bsp.o
    0x08005b30   0x08005b30   0x00000028   Code   RO          865    i.oled_stop_i2c_dma  oled_bsp.o
    0x08005b58   0x08005b58   0x00000054   Code   RO          347    i.oled_task         oled_app.o
    0x08005bac   0x08005bac   0x00000014   Code   RO          866    i.oled_tx_finish    oled_bsp.o
    0x08005bc0   0x08005bc0   0x00000038   Code   RO          867    i.oled_tx_finish_blocking  oled_bsp.o
    0x08005bf8   0x08005bf8   0x00000018   Code   RO          868    i.oled_update       oled_bsp.o
    0x08005c10   0x08005c10   0x00000024   Code   RO          869    i.oled_update_async  oled_bsp.o
    0x08005c34   0x08005c34   0x000000d0   Code   RO          870    i.oled_update_dirty_sync  oled_bsp.o
    0x08005d04   0x08005d04   0x00000044   Code   RO          871    i.oled_wait_addsend_or_nack  oled_bsp.o
    0x08005d48   0x08005d48   0x00000028   Code   RO          872    i.oled_wait_dma_ftf  oled_bsp.o
    0x08005d70   0x08005d70   0x00000024   Code   RO          873    i.oled_wait_i2c_flag_set  oled_bsp.o
    0x08005d94   0x08005d94   0x0000001c   Code   RO          874    i.oled_wait_i2c_stop_clear  oled_bsp.o
    0x08005db0   0x08005db0   0x00000044   Code   RO          875    i.oled_wait_i2c_tx_complete  oled_bsp.o
    0x08005df4   0x08005df4   0x00000060   Code   RO          876    i.oled_wait_ready   oled_bsp.o
    0x08005e54   0x08005e54   0x00000018   Code   RO          877    i.oled_write_cmds   oled_bsp.o
    0x08005e6c   0x08005e6c   0x00000014   Code   RO         6105    i.pmu_backup_write_enable  gd32f4xx_pmu.o
    0x08005e80   0x08005e80   0x00000136   Code   RO         2766    i.put_fat           ff.o
    0x08005fb6   0x08005fb6   0x00000002   PAD
    0x08005fb8   0x08005fb8   0x00000084   Code   RO         2466    i.r1_error_check    sdio_sdcard.o
    0x0800603c   0x0800603c   0x000000ae   Code   RO         2467    i.r1_error_type_check  sdio_sdcard.o
    0x080060ea   0x080060ea   0x00000002   PAD
    0x080060ec   0x080060ec   0x00000050   Code   RO         2468    i.r2_error_check    sdio_sdcard.o
    0x0800613c   0x0800613c   0x0000003c   Code   RO         2469    i.r3_error_check    sdio_sdcard.o
    0x08006178   0x08006178   0x000000a8   Code   RO         2470    i.r6_error_check    sdio_sdcard.o
    0x08006220   0x08006220   0x00000050   Code   RO         2471    i.r7_error_check    sdio_sdcard.o
    0x08006270   0x08006270   0x00000014   Code   RO         6245    i.rcu_all_reset_flag_clear  gd32f4xx_rcu.o
    0x08006284   0x08006284   0x00000124   Code   RO         6253    i.rcu_clock_freq_get  gd32f4xx_rcu.o
    0x080063a8   0x080063a8   0x00000024   Code   RO         2472    i.rcu_config        sdio_sdcard.o
    0x080063cc   0x080063cc   0x00000028   Code   RO         6256    i.rcu_flag_get      gd32f4xx_rcu.o
    0x080063f4   0x080063f4   0x00000024   Code   RO         6269    i.rcu_osci_on       gd32f4xx_rcu.o
    0x08006418   0x08006418   0x0000015c   Code   RO         6270    i.rcu_osci_stab_wait  gd32f4xx_rcu.o
    0x08006574   0x08006574   0x00000024   Code   RO         6272    i.rcu_periph_clock_enable  gd32f4xx_rcu.o
    0x08006598   0x08006598   0x00000024   Code   RO         6275    i.rcu_periph_reset_disable  gd32f4xx_rcu.o
    0x080065bc   0x080065bc   0x00000024   Code   RO         6276    i.rcu_periph_reset_enable  gd32f4xx_rcu.o
    0x080065e0   0x080065e0   0x00000018   Code   RO         6281    i.rcu_rtc_clock_config  gd32f4xx_rcu.o
    0x080065f8   0x080065f8   0x00000068   Code   RO         2767    i.remove_chain      ff.o
    0x08006660   0x08006660   0x00000064   Code   RO         6553    i.rtc_current_time_get  gd32f4xx_rtc.o
    0x080066c4   0x080066c4   0x000000c4   Code   RO         6558    i.rtc_init          gd32f4xx_rtc.o
    0x08006788   0x08006788   0x00000048   Code   RO         6559    i.rtc_init_mode_enter  gd32f4xx_rtc.o
    0x080067d0   0x080067d0   0x00000014   Code   RO         6560    i.rtc_init_mode_exit  gd32f4xx_rtc.o
    0x080067e4   0x080067e4   0x00000060   Code   RO         6565    i.rtc_register_sync_wait  gd32f4xx_rtc.o
    0x08006844   0x08006844   0x0000004c   Code   RO          367    i.rtc_task          rtc_app.o
    0x08006890   0x08006890   0x00000024   Code   RO          388    i.scheduler_init    scheduler.o
    0x080068b4   0x080068b4   0x0000004c   Code   RO          389    i.scheduler_run     scheduler.o
    0x08006900   0x08006900   0x00000218   Code   RO         2473    i.sd_block_read     sdio_sdcard.o
    0x08006b18   0x08006b18   0x00000320   Code   RO         2474    i.sd_block_write    sdio_sdcard.o
    0x08006e38   0x08006e38   0x00000094   Code   RO         2475    i.sd_bus_mode_config  sdio_sdcard.o
    0x08006ecc   0x08006ecc   0x000000fc   Code   RO         2476    i.sd_bus_width_config  sdio_sdcard.o
    0x08006fc8   0x08006fc8   0x000000a8   Code   RO         2477    i.sd_card_capacity_get  sdio_sdcard.o
    0x08007070   0x08007070   0x000002c0   Code   RO         2478    i.sd_card_information_get  sdio_sdcard.o
    0x08007330   0x08007330   0x0000011c   Code   RO         2479    i.sd_card_init      sdio_sdcard.o
    0x0800744c   0x0800744c   0x00000026   Code   RO         2480    i.sd_card_select_deselect  sdio_sdcard.o
    0x08007472   0x08007472   0x00000002   PAD
    0x08007474   0x08007474   0x000000b8   Code   RO         2481    i.sd_card_state_get  sdio_sdcard.o
    0x0800752c   0x0800752c   0x00000048   Code   RO         2482    i.sd_cardstatus_get  sdio_sdcard.o
    0x08007574   0x08007574   0x00000018   Code   RO         2483    i.sd_datablocksize_get  sdio_sdcard.o
    0x0800758c   0x0800758c   0x0000000e   Code   RO          419    i.sd_fatfs_init     sd_app.o
    0x0800759a   0x0800759a   0x00000002   PAD
    0x0800759c   0x0800759c   0x00000220   Code   RO          420    i.sd_fatfs_long_name_test  sd_app.o
    0x080077bc   0x080077bc   0x0000029c   Code   RO          421    i.sd_fatfs_test     sd_app.o
    0x08007a58   0x08007a58   0x00000046   Code   RO         2485    i.sd_init           sdio_sdcard.o
    0x08007a9e   0x08007a9e   0x00000002   PAD
    0x08007aa0   0x08007aa0   0x00000130   Code   RO         2486    i.sd_interrupts_process  sdio_sdcard.o
    0x08007bd0   0x08007bd0   0x0000029c   Code   RO         2488    i.sd_multiblocks_read  sdio_sdcard.o
    0x08007e6c   0x08007e6c   0x00000398   Code   RO         2489    i.sd_multiblocks_write  sdio_sdcard.o
    0x08008204   0x08008204   0x0000012c   Code   RO         2491    i.sd_power_on       sdio_sdcard.o
    0x08008330   0x08008330   0x0000015c   Code   RO         2492    i.sd_scr_get        sdio_sdcard.o
    0x0800848c   0x0800848c   0x00000018   Code   RO         2494    i.sd_transfer_mode_config  sdio_sdcard.o
    0x080084a4   0x080084a4   0x00000024   Code   RO         2496    i.sd_transfer_stop  sdio_sdcard.o
    0x080084c8   0x080084c8   0x0000001c   Code   RO         6806    i.sdio_bus_mode_set  gd32f4xx_sdio.o
    0x080084e4   0x080084e4   0x00000034   Code   RO         6813    i.sdio_clock_config  gd32f4xx_sdio.o
    0x08008518   0x08008518   0x00000014   Code   RO         6815    i.sdio_clock_enable  gd32f4xx_sdio.o
    0x0800852c   0x0800852c   0x0000000c   Code   RO         6816    i.sdio_command_index_get  gd32f4xx_sdio.o
    0x08008538   0x08008538   0x00000038   Code   RO         6817    i.sdio_command_response_config  gd32f4xx_sdio.o
    0x08008570   0x08008570   0x00000014   Code   RO         6819    i.sdio_csm_enable   gd32f4xx_sdio.o
    0x08008584   0x08008584   0x0000003c   Code   RO         6820    i.sdio_data_config  gd32f4xx_sdio.o
    0x080085c0   0x080085c0   0x0000000c   Code   RO         6822    i.sdio_data_read    gd32f4xx_sdio.o
    0x080085cc   0x080085cc   0x0000001c   Code   RO         6823    i.sdio_data_transfer_config  gd32f4xx_sdio.o
    0x080085e8   0x080085e8   0x0000000c   Code   RO         6824    i.sdio_data_write   gd32f4xx_sdio.o
    0x080085f4   0x080085f4   0x00000014   Code   RO         6825    i.sdio_deinit       gd32f4xx_sdio.o
    0x08008608   0x08008608   0x00000014   Code   RO         6826    i.sdio_dma_disable  gd32f4xx_sdio.o
    0x0800861c   0x0800861c   0x00000014   Code   RO         6827    i.sdio_dma_enable   gd32f4xx_sdio.o
    0x08008630   0x08008630   0x00000014   Code   RO         6828    i.sdio_dsm_disable  gd32f4xx_sdio.o
    0x08008644   0x08008644   0x00000014   Code   RO         6829    i.sdio_dsm_enable   gd32f4xx_sdio.o
    0x08008658   0x08008658   0x0000000c   Code   RO         6831    i.sdio_flag_clear   gd32f4xx_sdio.o
    0x08008664   0x08008664   0x00000014   Code   RO         6832    i.sdio_flag_get     gd32f4xx_sdio.o
    0x08008678   0x08008678   0x00000014   Code   RO         6833    i.sdio_hardware_clock_disable  gd32f4xx_sdio.o
    0x0800868c   0x0800868c   0x00000010   Code   RO         6835    i.sdio_interrupt_disable  gd32f4xx_sdio.o
    0x0800869c   0x0800869c   0x00000010   Code   RO         6836    i.sdio_interrupt_enable  gd32f4xx_sdio.o
    0x080086ac   0x080086ac   0x0000000c   Code   RO         6837    i.sdio_interrupt_flag_clear  gd32f4xx_sdio.o
    0x080086b8   0x080086b8   0x00000014   Code   RO         6838    i.sdio_interrupt_flag_get  gd32f4xx_sdio.o
    0x080086cc   0x080086cc   0x0000000c   Code   RO         6841    i.sdio_power_state_get  gd32f4xx_sdio.o
    0x080086d8   0x080086d8   0x0000000c   Code   RO         6842    i.sdio_power_state_set  gd32f4xx_sdio.o
    0x080086e4   0x080086e4   0x0000003c   Code   RO         6846    i.sdio_response_get  gd32f4xx_sdio.o
    0x08008720   0x08008720   0x0000001c   Code   RO         6851    i.sdio_wait_type_set  gd32f4xx_sdio.o
    0x0800873c   0x0800873c   0x00000016   Code   RO         7110    i.spi_dma_disable   gd32f4xx_spi.o
    0x08008752   0x08008752   0x00000016   Code   RO         7111    i.spi_dma_enable    gd32f4xx_spi.o
    0x08008768   0x08008768   0x0000000a   Code   RO         7112    i.spi_enable        gd32f4xx_spi.o
    0x08008772   0x08008772   0x00000002   PAD
    0x08008774   0x08008774   0x00000054   Code   RO         1212    i.spi_flash_buffer_read  gd25qxx.o
    0x080087c8   0x080087c8   0x00000122   Code   RO         1213    i.spi_flash_buffer_write  gd25qxx.o
    0x080088ea   0x080088ea   0x00000002   PAD
    0x080088ec   0x080088ec   0x0000001c   Code   RO         1215    i.spi_flash_init    gd25qxx.o
    0x08008908   0x08008908   0x0000005c   Code   RO         1216    i.spi_flash_page_write  gd25qxx.o
    0x08008964   0x08008964   0x00000054   Code   RO         1217    i.spi_flash_read_id  gd25qxx.o
    0x080089b8   0x080089b8   0x00000044   Code   RO         1218    i.spi_flash_sector_erase  gd25qxx.o
    0x080089fc   0x080089fc   0x000000fc   Code   RO         1219    i.spi_flash_send_byte_dma  gd25qxx.o
    0x08008af8   0x08008af8   0x00000038   Code   RO         1224    i.spi_flash_wait_for_write_end  gd25qxx.o
    0x08008b30   0x08008b30   0x00000024   Code   RO         1225    i.spi_flash_write_enable  gd25qxx.o
    0x08008b54   0x08008b54   0x00000120   Code   RO         2053    i.spi_gd30ad3344_send_halfword_dma  gd30ad3344.o
    0x08008c74   0x08008c74   0x00000032   Code   RO         7122    i.spi_init          gd32f4xx_spi.o
    0x08008ca6   0x08008ca6   0x00000002   PAD
    0x08008ca8   0x08008ca8   0x00000418   Code   RO         2127    i.ssd1306_init      driver_ssd1306.o
    0x080090c0   0x080090c0   0x00000010   Code   RO         2129    i.ssd1306_set_addr_pin  driver_ssd1306.o
    0x080090d0   0x080090d0   0x00000010   Code   RO         2143    i.ssd1306_set_interface  driver_ssd1306.o
    0x080090e0   0x080090e0   0x00000028   Code   RO         2158    i.ssd1306_write_cmd  driver_ssd1306.o
    0x08009108   0x08009108   0x00000020   Code   RO         2768    i.sum_sfn           ff.o
    0x08009128   0x08009128   0x000000ca   Code   RO         2769    i.sync              ff.o
    0x080091f2   0x080091f2   0x00000002   PAD
    0x080091f4   0x080091f4   0x00000110   Code   RO          692    i.system_clock_240m_25m_hxtal  system_gd32f4xx.o
    0x08009304   0x08009304   0x00000008   Code   RO          693    i.system_clock_config  system_gd32f4xx.o
    0x0800930c   0x0800930c   0x00000050   Code   RO          549    i.systick_config    systick.o
    0x0800935c   0x0800935c   0x0000000c   Code   RO          550    i.systick_get_ms    systick.o
    0x08009368   0x08009368   0x00000308   Code   RO         1226    i.test_spi_flash    gd25qxx.o
    0x08009670   0x08009670   0x00000048   Code   RO         1148    i.timer5_config     mcu_cmic_gd32f470vet6.o
    0x080096b8   0x080096b8   0x00000184   Code   RO         7432    i.timer_deinit      gd32f4xx_timer.o
    0x0800983c   0x0800983c   0x0000000a   Code   RO         7437    i.timer_enable      gd32f4xx_timer.o
    0x08009846   0x08009846   0x00000002   PAD
    0x08009848   0x08009848   0x00000098   Code   RO         7447    i.timer_init        gd32f4xx_timer.o
    0x080098e0   0x080098e0   0x00000010   Code   RO         7457    i.timer_master_output_trigger_source_select  gd32f4xx_timer.o
    0x080098f0   0x080098f0   0x00000016   Code   RO         7467    i.timer_struct_para_init  gd32f4xx_timer.o
    0x08009906   0x08009906   0x00000002   PAD
    0x08009908   0x08009908   0x000000e8   Code   RO         8085    i.usart_baudrate_set  gd32f4xx_usart.o
    0x080099f0   0x080099f0   0x0000000a   Code   RO         8089    i.usart_data_receive  gd32f4xx_usart.o
    0x080099fa   0x080099fa   0x00000008   Code   RO         8090    i.usart_data_transmit  gd32f4xx_usart.o
    0x08009a02   0x08009a02   0x00000002   PAD
    0x08009a04   0x08009a04   0x000000dc   Code   RO         8091    i.usart_deinit      gd32f4xx_usart.o
    0x08009ae0   0x08009ae0   0x00000014   Code   RO         8093    i.usart_dma_receive_config  gd32f4xx_usart.o
    0x08009af4   0x08009af4   0x0000000a   Code   RO         8095    i.usart_enable      gd32f4xx_usart.o
    0x08009afe   0x08009afe   0x00000020   Code   RO         8097    i.usart_flag_get    gd32f4xx_usart.o
    0x08009b1e   0x08009b1e   0x0000001a   Code   RO         8105    i.usart_interrupt_enable  gd32f4xx_usart.o
    0x08009b38   0x08009b38   0x0000003a   Code   RO         8107    i.usart_interrupt_flag_get  gd32f4xx_usart.o
    0x08009b72   0x08009b72   0x00000010   Code   RO         8122    i.usart_receive_config  gd32f4xx_usart.o
    0x08009b82   0x08009b82   0x00000010   Code   RO         8137    i.usart_transmit_config  gd32f4xx_usart.o
    0x08009b92   0x08009b92   0x0000002a   Code   RO         2770    i.validate          ff.o
    0x08009bbc   0x08009bbc   0x0000007c   Data   RO          425    .constdata          sd_app.o
    0x08009c38   0x08009c38   0x00000038   Data   RO          744    .constdata          btn_bsp.o
    0x08009c70   0x08009c70   0x00000018   Data   RO          780    .constdata          led_bsp.o
    0x08009c88   0x08009c88   0x00000ab1   Data   RO          879    .constdata          oled_bsp.o
    0x0800a739   0x0800a739   0x0000008d   Data   RO         2771    .constdata          ff.o
    0x0800a7c6   0x0800a7c6   0x000004c0   Data   RO         2983    .constdata          ccsbcs.o
    0x0800ac86   0x0800ac86   0x00000002   PAD
    0x0800ac88   0x0800ac88   0x00000048   Data   RO          426    .conststring        sd_app.o
    0x0800acd0   0x0800acd0   0x00000020   Data   RO         8847    Region$$Table       anon$$obj.o


    Execution Region RW_IRAM1 (Exec base: 0x20000000, Load base: 0x0800acf0, Size: 0x000015c0, Max: 0x00030000, ABSOLUTE)

    Exec Addr    Load Addr    Size         Type   Attr      Idx    E Section Name        Object

    0x20000000   0x0800acf0   0x00000070   Data   RW          226    .data               btn_app.o
    0x20000070   0x0800ad60   0x00000006   Data   RW          276    .data               led_app.o
    0x20000076   0x0800ad66   0x00000002   PAD
    0x20000078   0x0800ad68   0x00000024   Data   RW          390    .data               scheduler.o
    0x2000009c   0x0800ad8c   0x00000010   Data   RW          427    .data               sd_app.o
    0x200000ac   0x0800ad9c   0x00000003   Data   RW          486    .data               usart_app.o
    0x200000af   0x0800ad9f   0x00000001   PAD
    0x200000b0   0x0800ada0   0x00000008   Data   RW          551    .data               systick.o
    0x200000b8   0x0800ada8   0x00000004   Data   RW          694    .data               system_gd32f4xx.o
    0x200000bc   0x0800adac   0x0000000f   Data   RW          880    .data               oled_bsp.o
    0x200000cb   0x0800adbb   0x00000001   PAD
    0x200000cc   0x0800adbc   0x00000010   Data   RW         1150    .data               mcu_cmic_gd32f470vet6.o
    0x200000dc   0x0800adcc   0x00000008   Data   RW         2056    .data               gd30ad3344.o
    0x200000e4   0x0800add4   0x00000010   Data   RW         2434    .data               button.o
    0x200000f4   0x0800ade4   0x00000024   Data   RW         2498    .data               sdio_sdcard.o
    0x20000118   0x0800ae08   0x00000006   Data   RW         2772    .data               ff.o
    0x2000011e   0x0800ae0e   0x00000002   PAD
    0x20000120   0x0800ae10   0x00000004   Data   RW         8819    .data               mc_w.l(stdout.o)
    0x20000124        -       0x00000048   Zero   RW          275    .bss                led_app.o
    0x2000016c        -       0x0000059c   Zero   RW          424    .bss                sd_app.o
    0x20000708        -       0x00000200   Zero   RW          485    .bss                usart_app.o
    0x20000908        -       0x0000063d   Zero   RW          878    .bss                oled_bsp.o
    0x20000f45   0x0800ae14   0x00000003   PAD
    0x20000f48        -       0x00000254   Zero   RW         1149    .bss                mcu_cmic_gd32f470vet6.o
    0x2000119c        -       0x00000020   Zero   RW         2497    .bss                sdio_sdcard.o
    0x200011bc   0x0800ae14   0x00000004   PAD
    0x200011c0        -       0x00000400   Zero   RW         8482    STACK               startup_gd32f407_427.o


==============================================================================

Image component sizes


      Code (inc. data)   RO Data    RW Data    ZI Data      Debug   Object Name

         0          0          0          0          0     111537   adc_app.o
       198         20          0        112          0       3018   btn_app.o
       146         24         56          0          0       2086   btn_bsp.o
       380         40          0         16          0       3116   button.o
       132         16       1216          0          0       2415   ccsbcs.o
       316          0          0          0          0       4556   diskio.o
      1242        664          0          0          0      10378   driver_ssd1306.o
      6246         68        141          6          0      28536   ff.o
      1766        538          0          0          0       7574   gd25qxx.o
       640         42          0          8          0       3154   gd30ad3344.o
       654         16          0          0          0       8726   gd32f4xx_adc.o
       198          6          0          0          0       3883   gd32f4xx_dac.o
      2120          8          0          0          0      14107   gd32f4xx_dma.o
       274          0          0          0          0       5050   gd32f4xx_gpio.o
       512         16          0          0          0       8178   gd32f4xx_i2c.o
       212         24          0          0          0       5767   gd32f4xx_it.o
       308         28          0          0          0      28987   gd32f4xx_misc.o
        20          6          0          0          0        550   gd32f4xx_pmu.o
       868         66          0          0          0       6944   gd32f4xx_rcu.o
       484         26          0          0          0       4166   gd32f4xx_rtc.o
       628        136          0          0          0      15734   gd32f4xx_sdio.o
       104          0          0          0          0       3055   gd32f4xx_spi.o
       588         44          0          0          0       3740   gd32f4xx_timer.o
       648         18          0          0          0       7573   gd32f4xx_usart.o
       392         34          0          6         72       6146   led_app.o
       122         16         24          0          0       2105   led_bsp.o
       484        266          0          0          0       1159   main.o
      1396        102          0         16        596       6834   mcu_cmic_gd32f470vet6.o
        84         20          0          0          0        480   oled_app.o
      3802        446       2737         15       1597      35919   oled_bsp.o
        76         24          0          0          0        467   rtc_app.o
       112          8          0         36          0       1677   scheduler.o
      2230       1266        196         16       1436       4402   sd_app.o
      7134        352          0         36         32      31835   sdio_sdcard.o
        36          8        392          0       1024        884   startup_gd32f407_427.o
       700         32          0          4          0       3935   system_gd32f4xx.o
       188         32          0          8          0      29471   systick.o
       104          6          0          3        512       1983   usart_app.o

    ----------------------------------------------------------------------
     35602       4418       4796        288       5276     420127   Object Totals
         0          0         32          0          0          0   (incl. Generated)
        58          0          2          6          7          0   (incl. Padding)

    ----------------------------------------------------------------------

      Code (inc. data)   RO Data    RW Data    ZI Data      Debug   Library Member Name

         0          0          0          0          0          0   entry.o
         0          0          0          0          0          0   entry10a.o
         0          0          0          0          0          0   entry11a.o
         4          0          0          0          0          0   entry12b.o
         8          4          0          0          0          0   entry2.o
         4          0          0          0          0          0   entry5.o
         0          0          0          0          0          0   entry7b.o
         0          0          0          0          0          0   entry8b.o
         8          4          0          0          0          0   entry9a.o
        30          0          0          0          0          0   handlers.o
        36          8          0          0          0         68   init.o
         0          0          0          0          0          0   iusefp.o
        30          0          0          0          0         68   llshl.o
        36          0          0          0          0         68   llsshr.o
        32          0          0          0          0         68   llushr.o
        26          0          0          0          0         80   memcmp.o
        36          0          0          0          0         68   memcpya.o
        36          0          0          0          0        108   memseta.o
      2326        100          0          0          0        748   printfa.o
         0          0          0          4          0          0   stdout.o
        14          0          0          0          0         68   strlen.o
        44          0          0          0          0         80   uidiv.o
        98          0          0          0          0         92   uldiv.o
        48          0          0          0          0         68   cdrcmple.o
       334          0          0          0          0        148   dadd.o
       222          0          0          0          0        100   ddiv.o
       186          0          0          0          0        176   depilogue.o
        48          0          0          0          0         68   dfixul.o
       228          0          0          0          0         96   dmul.o
        38          0          0          0          0         68   f2d.o

    ----------------------------------------------------------------------
      3874        116          0          4          0       2240   Library Totals
         2          0          0          0          0          0   (incl. Padding)

    ----------------------------------------------------------------------

      Code (inc. data)   RO Data    RW Data    ZI Data      Debug   Library Name

      2768        116          0          4          0       1516   mc_w.l
      1104          0          0          0          0        724   mf_w.l

    ----------------------------------------------------------------------
      3874        116          0          4          0       2240   Library Totals

    ----------------------------------------------------------------------

==============================================================================


      Code (inc. data)   RO Data    RW Data    ZI Data      Debug   

     39476       4534       4796        292       5276     390175   Grand Totals
     39476       4534       4796        292       5276     390175   ELF Image Totals
     39476       4534       4796        292          0          0   ROM Totals

==============================================================================

    Total RO  Size (Code + RO Data)                44272 (  43.23kB)
    Total RW  Size (RW Data + ZI Data)              5568 (   5.44kB)
    Total ROM Size (Code + RO Data + RW Data)      44564 (  43.52kB)

==============================================================================

