Component: ARM Compiler 5.06 update 7 (build 960) Tool: armlink [4d3601]

==============================================================================

Section Cross References

    main.o(i.fputc) refers to gd32f4xx_usart.o(i.usart_data_transmit) for usart_data_transmit
    main.o(i.fputc) refers to gd32f4xx_usart.o(i.usart_flag_get) for usart_flag_get
    main.o(i.main) refers to systick_1.o(i.systick_config) for systick_config
    main.o(i.main) refers to system_gd32f4xx.o(i.gd32f4xx_firmware_version_get) for gd32f4xx_firmware_version_get
    main.o(i.main) refers to mcu_cmic_gd32f470vet6.o(i.bsp_led_init) for bsp_led_init
    main.o(i.main) refers to mcu_cmic_gd32f470vet6.o(i.bsp_btn_init) for bsp_btn_init
    main.o(i.main) refers to mcu_cmic_gd32f470vet6.o(i.bsp_oled_init) for bsp_oled_init
    main.o(i.main) refers to mcu_cmic_gd32f470vet6.o(i.bsp_gd25qxx_init) for bsp_gd25qxx_init
    main.o(i.main) refers to mcu_cmic_gd32f470vet6.o(i.bsp_usart_init) for bsp_usart_init
    main.o(i.main) refers to usart_app.o(i.my_printf) for my_printf
    main.o(i.main) refers to mcu_cmic_gd32f470vet6.o(i.bsp_gd30ad3344_init) for bsp_gd30ad3344_init
    main.o(i.main) refers to mcu_cmic_gd32f470vet6.o(i.bsp_adc_init) for bsp_adc_init
    main.o(i.main) refers to mcu_cmic_gd32f470vet6.o(i.bsp_dac_init) for bsp_dac_init
    main.o(i.main) refers to mcu_cmic_gd32f470vet6.o(i.bsp_rtc_init) for bsp_rtc_init
    main.o(i.main) refers to sd_app.o(i.sd_fatfs_init) for sd_fatfs_init
    main.o(i.main) refers to btn_app.o(i.app_btn_init) for app_btn_init
    main.o(i.main) refers to oled.o(i.OLED_Init) for OLED_Init
    main.o(i.main) refers to gd25qxx.o(i.test_spi_flash) for test_spi_flash
    main.o(i.main) refers to sd_app.o(i.sd_fatfs_test) for sd_fatfs_test
    main.o(i.main) refers to scheduler.o(i.scheduler_init) for scheduler_init
    main.o(i.main) refers to scheduler.o(i.scheduler_run) for scheduler_run
    systick_1.o(i.delay_1ms) refers to systick_1.o(.data) for delay_remaining_ms
    systick_1.o(i.delay_decrement) refers to systick_1.o(.data) for system_tick_ms
    systick_1.o(i.systick_config) refers to systick_1.o(i.__NVIC_SetPriority) for __NVIC_SetPriority
    systick_1.o(i.systick_config) refers to system_gd32f4xx.o(.data) for SystemCoreClock
    systick_1.o(i.systick_get_ms) refers to systick_1.o(.data) for system_tick_ms
    gd32f4xx_it_1.o(i.SDIO_IRQHandler) refers to sdio_sdcard.o(i.sd_interrupts_process) for sd_interrupts_process
    gd32f4xx_it_1.o(i.SysTick_Handler) refers to systick_1.o(i.delay_decrement) for delay_decrement
    gd32f4xx_it_1.o(i.USART0_IRQHandler) refers to gd32f4xx_usart.o(i.usart_interrupt_flag_get) for usart_interrupt_flag_get
    gd32f4xx_it_1.o(i.USART0_IRQHandler) refers to gd32f4xx_usart.o(i.usart_data_receive) for usart_data_receive
    gd32f4xx_it_1.o(i.USART0_IRQHandler) refers to gd32f4xx_dma.o(i.dma_channel_disable) for dma_channel_disable
    gd32f4xx_it_1.o(i.USART0_IRQHandler) refers to gd32f4xx_dma.o(i.dma_transfer_number_get) for dma_transfer_number_get
    gd32f4xx_it_1.o(i.USART0_IRQHandler) refers to memseta.o(.text) for __aeabi_memclr
    gd32f4xx_it_1.o(i.USART0_IRQHandler) refers to memcpya.o(.text) for __aeabi_memcpy
    gd32f4xx_it_1.o(i.USART0_IRQHandler) refers to gd32f4xx_dma.o(i.dma_flag_clear) for dma_flag_clear
    gd32f4xx_it_1.o(i.USART0_IRQHandler) refers to gd32f4xx_dma.o(i.dma_transfer_number_config) for dma_transfer_number_config
    gd32f4xx_it_1.o(i.USART0_IRQHandler) refers to gd32f4xx_dma.o(i.dma_channel_enable) for dma_channel_enable
    gd32f4xx_it_1.o(i.USART0_IRQHandler) refers to usart_app.o(.bss) for uart_dma_buffer
    gd32f4xx_it_1.o(i.USART0_IRQHandler) refers to mcu_cmic_gd32f470vet6.o(.bss) for rxbuffer
    gd32f4xx_it_1.o(i.USART0_IRQHandler) refers to usart_app.o(.data) for rx_flag
    system_gd32f4xx.o(i.SystemCoreClockUpdate) refers to system_gd32f4xx.o(.data) for SystemCoreClock
    system_gd32f4xx.o(i.SystemInit) refers to system_gd32f4xx.o(i._soft_delay_) for _soft_delay_
    system_gd32f4xx.o(i.SystemInit) refers to system_gd32f4xx.o(i.system_clock_config) for system_clock_config
    system_gd32f4xx.o(i.system_clock_config) refers to system_gd32f4xx.o(i.system_clock_240m_25m_hxtal) for system_clock_240m_25m_hxtal
    adc_app.o(i.adc_task) refers to mcu_cmic_gd32f470vet6.o(.data) for adc_value
    btn_app.o(i.app_btn_init) refers to ebtn.o(i.ebtn_init) for ebtn_init
    btn_app.o(i.app_btn_init) refers to btn_app.o(i.prv_btn_event) for prv_btn_event
    btn_app.o(i.app_btn_init) refers to btn_app.o(i.prv_btn_get_state) for prv_btn_get_state
    btn_app.o(i.app_btn_init) refers to btn_app.o(.data) for btns
    btn_app.o(i.prv_btn_get_state) refers to gd32f4xx_gpio.o(i.gpio_input_bit_get) for gpio_input_bit_get
    btn_app.o(.data) refers to btn_app.o(.constdata) for defaul_ebtn_param
    led_app.o(i.led_disp) refers to led_app.o(.data) for temp_old
    led_app.o(i.led_task) refers to led_app.o(i.led_disp) for led_disp
[...]
    ff.o(i.f_rename) refers to ff.o(i.follow_path) for follow_path
    ff.o(i.f_rename) refers to ff.o(i.mem_cpy) for mem_cpy
    ff.o(i.f_rename) refers to ff.o(i.dir_register) for dir_register
    ff.o(i.f_rename) refers to ff.o(i.clust2sect) for clust2sect
    ff.o(i.f_rename) refers to ff.o(i.move_window) for move_window
    ff.o(i.f_rename) refers to ff.o(i.dir_remove) for dir_remove
    ff.o(i.f_rename) refers to ff.o(i.sync) for sync
    ff.o(i.f_stat) refers to ff.o(i.chk_mounted) for chk_mounted
    ff.o(i.f_stat) refers to ff.o(i.follow_path) for follow_path
    ff.o(i.f_stat) refers to ff.o(i.get_fileinfo) for get_fileinfo
    ff.o(i.f_sync) refers to ff.o(i.validate) for validate
    ff.o(i.f_sync) refers to diskio.o(i.disk_write) for disk_write
    ff.o(i.f_sync) refers to ff.o(i.move_window) for move_window
    ff.o(i.f_sync) refers to diskio.o(i.get_fattime) for get_fattime
    ff.o(i.f_sync) refers to ff.o(i.sync) for sync
    ff.o(i.f_truncate) refers to ff.o(i.validate) for validate
    ff.o(i.f_truncate) refers to ff.o(i.remove_chain) for remove_chain
    ff.o(i.f_truncate) refers to ff.o(i.get_fat) for get_fat
    ff.o(i.f_truncate) refers to ff.o(i.put_fat) for put_fat
    ff.o(i.f_unlink) refers to ff.o(i.chk_mounted) for chk_mounted
    ff.o(i.f_unlink) refers to ff.o(i.follow_path) for follow_path
    ff.o(i.f_unlink) refers to ff.o(i.mem_cpy) for mem_cpy
    ff.o(i.f_unlink) refers to ff.o(i.dir_sdi) for dir_sdi
    ff.o(i.f_unlink) refers to ff.o(i.dir_read) for dir_read
    ff.o(i.f_unlink) refers to ff.o(i.dir_remove) for dir_remove
    ff.o(i.f_unlink) refers to ff.o(i.remove_chain) for remove_chain
    ff.o(i.f_unlink) refers to ff.o(i.sync) for sync
    ff.o(i.f_utime) refers to ff.o(i.chk_mounted) for chk_mounted
    ff.o(i.f_utime) refers to ff.o(i.follow_path) for follow_path
    ff.o(i.f_utime) refers to ff.o(i.sync) for sync
    ff.o(i.f_write) refers to ff.o(i.validate) for validate
    ff.o(i.f_write) refers to ff.o(i.create_chain) for create_chain
    ff.o(i.f_write) refers to diskio.o(i.disk_write) for disk_write
    ff.o(i.f_write) refers to ff.o(i.clust2sect) for clust2sect
    ff.o(i.f_write) refers to ff.o(i.mem_cpy) for mem_cpy
    ff.o(i.f_write) refers to diskio.o(i.disk_read) for disk_read
    ff.o(i.fit_lfn) refers to ff.o(.constdata) for LfnOfs
    ff.o(i.follow_path) refers to ff.o(i.dir_sdi) for dir_sdi
    ff.o(i.follow_path) refers to ff.o(i.create_name) for create_name
    ff.o(i.follow_path) refers to ff.o(i.dir_find) for dir_find
    ff.o(i.gen_numname) refers to ff.o(i.mem_cpy) for mem_cpy
    ff.o(i.get_fat) refers to ff.o(i.move_window) for move_window
    ff.o(i.move_window) refers to diskio.o(i.disk_write) for disk_write
    ff.o(i.move_window) refers to diskio.o(i.disk_read) for disk_read
    ff.o(i.pick_lfn) refers to ff.o(.constdata) for LfnOfs
    ff.o(i.put_fat) refers to ff.o(i.move_window) for move_window
    ff.o(i.remove_chain) refers to ff.o(i.get_fat) for get_fat
    ff.o(i.remove_chain) refers to ff.o(i.put_fat) for put_fat
    ff.o(i.sync) refers to ff.o(i.move_window) for move_window
    ff.o(i.sync) refers to ff.o(i.mem_set) for mem_set
    ff.o(i.sync) refers to diskio.o(i.disk_write) for disk_write
    ff.o(i.sync) refers to diskio.o(i.disk_ioctl) for disk_ioctl
    ff.o(i.validate) refers to diskio.o(i.disk_status) for disk_status
    entry.o(.ARM.Collect$$$$00000000) refers (Special) to entry10a.o(.ARM.Collect$$$$0000000F) for __rt_final_cpp
    entry.o(.ARM.Collect$$$$00000000) refers (Special) to entry11a.o(.ARM.Collect$$$$00000011) for __rt_final_exit
    entry.o(.ARM.Collect$$$$00000000) refers (Special) to entry12b.o(.ARM.Collect$$$$0000000E) for __rt_lib_shutdown_fini
    entry.o(.ARM.Collect$$$$00000000) refers (Special) to entry7b.o(.ARM.Collect$$$$00000008) for _main_clock
    entry.o(.ARM.Collect$$$$00000000) refers (Special) to entry8b.o(.ARM.Collect$$$$0000000A) for _main_cpp_init
    entry.o(.ARM.Collect$$$$00000000) refers (Special) to entry9a.o(.ARM.Collect$$$$0000000B) for _main_init
    entry.o(.ARM.Collect$$$$00000000) refers (Special) to entry5.o(.ARM.Collect$$$$00000004) for _main_scatterload
    entry.o(.ARM.Collect$$$$00000000) refers (Special) to entry2.o(.ARM.Collect$$$$00000001) for _main_stk
    printfb.o(i.__0fprintf$bare) refers to printfb.o(i._printf_core) for _printf_core
    printfb.o(i.__0fprintf$bare) refers to main.o(i.fputc) for fputc
    printfb.o(i.__0printf$bare) refers to printfb.o(i._printf_core) for _printf_core
    printfb.o(i.__0printf$bare) refers to main.o(i.fputc) for fputc
    printfb.o(i.__0printf$bare) refers to stdout.o(.data) for __stdout
    printfb.o(i.__0snprintf$bare) refers to printfb.o(i._printf_core) for _printf_core
    printfb.o(i.__0snprintf$bare) refers to printfb.o(i._snputc) for _snputc
    printfb.o(i.__0sprintf$bare) refers to printfb.o(i._printf_core) for _printf_core
    printfb.o(i.__0sprintf$bare) refers to printfb.o(i._sputc) for _sputc
    printfb.o(i.__0vfprintf$bare) refers to printfb.o(i._printf_core) for _printf_core
    printfb.o(i.__0vfprintf$bare) refers to main.o(i.fputc) for fputc
    printfb.o(i.__0vprintf$bare) refers to printfb.o(i._printf_core) for _printf_core
    printfb.o(i.__0vprintf$bare) refers to main.o(i.fputc) for fputc
    printfb.o(i.__0vprintf$bare) refers to stdout.o(.data) for __stdout
    printfb.o(i.__0vsnprintf$bare) refers to printfb.o(i._printf_core) for _printf_core
    printfb.o(i.__0vsnprintf$bare) refers to printfb.o(i._snputc) for _snputc
    printfb.o(i.__0vsprintf$bare) refers to printfb.o(i._printf_core) for _printf_core
    printfb.o(i.__0vsprintf$bare) refers to printfb.o(i._sputc) for _sputc
    printf0.o(i.__0fprintf$0) refers to printf0.o(i._printf_core) for _printf_core
    printf0.o(i.__0fprintf$0) refers to main.o(i.fputc) for fputc
    printf0.o(i.__0printf$0) refers to printf0.o(i._printf_core) for _printf_core
    printf0.o(i.__0printf$0) refers to main.o(i.fputc) for fputc
    printf0.o(i.__0printf$0) refers to stdout.o(.data) for __stdout
    printf0.o(i.__0snprintf$0) refers to printf0.o(i._printf_core) for _printf_core
    printf0.o(i.__0snprintf$0) refers to printf0.o(i._snputc) for _snputc
    printf0.o(i.__0sprintf$0) refers to printf0.o(i._printf_core) for _printf_core
    printf0.o(i.__0sprintf$0) refers to printf0.o(i._sputc) for _sputc
    printf0.o(i.__0vfprintf$0) refers to printf0.o(i._printf_core) for _printf_core
    printf0.o(i.__0vfprintf$0) refers to main.o(i.fputc) for fputc
    printf0.o(i.__0vprintf$0) refers to printf0.o(i._printf_core) for _printf_core
    printf0.o(i.__0vprintf$0) refers to main.o(i.fputc) for fputc
    printf0.o(i.__0vprintf$0) refers to stdout.o(.data) for __stdout
    printf0.o(i.__0vsnprintf$0) refers to printf0.o(i._printf_core) for _printf_core
    printf0.o(i.__0vsnprintf$0) refers to printf0.o(i._snputc) for _snputc
    printf0.o(i.__0vsprintf$0) refers to printf0.o(i._printf_core) for _printf_core
    printf0.o(i.__0vsprintf$0) refers to printf0.o(i._sputc) for _sputc
    printf1.o(i.__0fprintf$1) refers to printf1.o(i._printf_core) for _printf_core
    printf1.o(i.__0fprintf$1) refers to main.o(i.fputc) for fputc
    printf1.o(i.__0printf$1) refers to printf1.o(i._printf_core) for _printf_core
    printf1.o(i.__0printf$1) refers to main.o(i.fputc) for fputc
    printf1.o(i.__0printf$1) refers to stdout.o(.data) for __stdout
    printf1.o(i.__0snprintf$1) refers to printf1.o(i._printf_core) for _printf_core
    printf1.o(i.__0snprintf$1) refers to printf1.o(i._snputc) for _snputc
    printf1.o(i.__0sprintf$1) refers to printf1.o(i._printf_core) for _printf_core
    printf1.o(i.__0sprintf$1) refers to printf1.o(i._sputc) for _sputc
    printf1.o(i.__0vfprintf$1) refers to printf1.o(i._printf_core) for _printf_core
    printf1.o(i.__0vfprintf$1) refers to main.o(i.fputc) for fputc
    printf1.o(i.__0vprintf$1) refers to printf1.o(i._printf_core) for _printf_core
    printf1.o(i.__0vprintf$1) refers to main.o(i.fputc) for fputc
    printf1.o(i.__0vprintf$1) refers to stdout.o(.data) for __stdout
    printf1.o(i.__0vsnprintf$1) refers to printf1.o(i._printf_core) for _printf_core
    printf1.o(i.__0vsnprintf$1) refers to printf1.o(i._snputc) for _snputc
    printf1.o(i.__0vsprintf$1) refers to printf1.o(i._printf_core) for _printf_core
    printf1.o(i.__0vsprintf$1) refers to printf1.o(i._sputc) for _sputc
    printf1.o(i._printf_core) refers to uidiv.o(.text) for __aeabi_uidivmod
    printf2.o(i.__0fprintf$2) refers to printf2.o(i._printf_core) for _printf_core
    printf2.o(i.__0fprintf$2) refers to main.o(i.fputc) for fputc
    printf2.o(i.__0printf$2) refers to printf2.o(i._printf_core) for _printf_core
    printf2.o(i.__0printf$2) refers to main.o(i.fputc) for fputc
    printf2.o(i.__0printf$2) refers to stdout.o(.data) for __stdout
    printf2.o(i.__0snprintf$2) refers to printf2.o(i._printf_core) for _printf_core
    printf2.o(i.__0snprintf$2) refers to printf2.o(i._snputc) for _snputc
    printf2.o(i.__0sprintf$2) refers to printf2.o(i._printf_core) for _printf_core
    printf2.o(i.__0sprintf$2) refers to printf2.o(i._sputc) for _sputc
    printf2.o(i.__0vfprintf$2) refers to printf2.o(i._printf_core) for _printf_core
    printf2.o(i.__0vfprintf$2) refers to main.o(i.fputc) for fputc
    printf2.o(i.__0vprintf$2) refers to printf2.o(i._printf_core) for _printf_core
    printf2.o(i.__0vprintf$2) refers to main.o(i.fputc) for fputc
    printf2.o(i.__0vprintf$2) refers to stdout.o(.data) for __stdout
    printf2.o(i.__0vsnprintf$2) refers to printf2.o(i._printf_core) for _printf_core
    printf2.o(i.__0vsnprintf$2) refers to printf2.o(i._snputc) for _snputc
    printf2.o(i.__0vsprintf$2) refers to printf2.o(i._printf_core) for _printf_core
    printf2.o(i.__0vsprintf$2) refers to printf2.o(i._sputc) for _sputc
    printf3.o(i.__0fprintf$3) refers to printf3.o(i._printf_core) for _printf_core
    printf3.o(i.__0fprintf$3) refers to main.o(i.fputc) for fputc
    printf3.o(i.__0printf$3) refers to printf3.o(i._printf_core) for _printf_core
    printf3.o(i.__0printf$3) refers to main.o(i.fputc) for fputc
    printf3.o(i.__0printf$3) refers to stdout.o(.data) for __stdout
    printf3.o(i.__0snprintf$3) refers to printf3.o(i._printf_core) for _printf_core
    printf3.o(i.__0snprintf$3) refers to printf3.o(i._snputc) for _snputc
    printf3.o(i.__0sprintf$3) refers to printf3.o(i._printf_core) for _printf_core
    printf3.o(i.__0sprintf$3) refers to printf3.o(i._sputc) for _sputc
    printf3.o(i.__0vfprintf$3) refers to printf3.o(i._printf_core) for _printf_core
    printf3.o(i.__0vfprintf$3) refers to main.o(i.fputc) for fputc
    printf3.o(i.__0vprintf$3) refers to printf3.o(i._printf_core) for _printf_core
    printf3.o(i.__0vprintf$3) refers to main.o(i.fputc) for fputc
    printf3.o(i.__0vprintf$3) refers to stdout.o(.data) for __stdout
    printf3.o(i.__0vsnprintf$3) refers to printf3.o(i._printf_core) for _printf_core
    printf3.o(i.__0vsnprintf$3) refers to printf3.o(i._snputc) for _snputc
    printf3.o(i.__0vsprintf$3) refers to printf3.o(i._printf_core) for _printf_core
    printf3.o(i.__0vsprintf$3) refers to printf3.o(i._sputc) for _sputc
    printf3.o(i._printf_core) refers to uidiv.o(.text) for __aeabi_uidivmod
    printf4.o(i.__0fprintf$4) refers to printf4.o(i._printf_core) for _printf_core
    printf4.o(i.__0fprintf$4) refers to main.o(i.fputc) for fputc
    printf4.o(i.__0printf$4) refers to printf4.o(i._printf_core) for _printf_core
    printf4.o(i.__0printf$4) refers to main.o(i.fputc) for fputc
    printf4.o(i.__0printf$4) refers to stdout.o(.data) for __stdout
    printf4.o(i.__0snprintf$4) refers to printf4.o(i._printf_core) for _printf_core
    printf4.o(i.__0snprintf$4) refers to printf4.o(i._snputc) for _snputc
    printf4.o(i.__0sprintf$4) refers to printf4.o(i._printf_core) for _printf_core
    printf4.o(i.__0sprintf$4) refers to printf4.o(i._sputc) for _sputc
    printf4.o(i.__0vfprintf$4) refers to printf4.o(i._printf_core) for _printf_core
    printf4.o(i.__0vfprintf$4) refers to main.o(i.fputc) for fputc
    printf4.o(i.__0vprintf$4) refers to printf4.o(i._printf_core) for _printf_core
    printf4.o(i.__0vprintf$4) refers to main.o(i.fputc) for fputc
    printf4.o(i.__0vprintf$4) refers to stdout.o(.data) for __stdout
    printf4.o(i.__0vsnprintf$4) refers to printf4.o(i._printf_core) for _printf_core
    printf4.o(i.__0vsnprintf$4) refers to printf4.o(i._snputc) for _snputc
    printf4.o(i.__0vsprintf$4) refers to printf4.o(i._printf_core) for _printf_core
    printf4.o(i.__0vsprintf$4) refers to printf4.o(i._sputc) for _sputc
    printf4.o(i._printf_core) refers to uldiv.o(.text) for __aeabi_uldivmod
    printf5.o(i.__0fprintf$5) refers to printf5.o(i._printf_core) for _printf_core
    printf5.o(i.__0fprintf$5) refers to main.o(i.fputc) for fputc
    printf5.o(i.__0printf$5) refers to printf5.o(i._printf_core) for _printf_core
    printf5.o(i.__0printf$5) refers to main.o(i.fputc) for fputc
    printf5.o(i.__0printf$5) refers to stdout.o(.data) for __stdout
    printf5.o(i.__0snprintf$5) refers to printf5.o(i._printf_core) for _printf_core
    printf5.o(i.__0snprintf$5) refers to printf5.o(i._snputc) for _snputc
    printf5.o(i.__0sprintf$5) refers to printf5.o(i._printf_core) for _printf_core
    printf5.o(i.__0sprintf$5) refers to printf5.o(i._sputc) for _sputc
    printf5.o(i.__0vfprintf$5) refers to printf5.o(i._printf_core) for _printf_core
    printf5.o(i.__0vfprintf$5) refers to main.o(i.fputc) for fputc
    printf5.o(i.__0vprintf$5) refers to printf5.o(i._printf_core) for _printf_core
    printf5.o(i.__0vprintf$5) refers to main.o(i.fputc) for fputc
    printf5.o(i.__0vprintf$5) refers to stdout.o(.data) for __stdout
    printf5.o(i.__0vsnprintf$5) refers to printf5.o(i._printf_core) for _printf_core
    printf5.o(i.__0vsnprintf$5) refers to printf5.o(i._snputc) for _snputc
    printf5.o(i.__0vsprintf$5) refers to printf5.o(i._printf_core) for _printf_core
    printf5.o(i.__0vsprintf$5) refers to printf5.o(i._sputc) for _sputc
    printf5.o(i._printf_core) refers to uldiv.o(.text) for __aeabi_uldivmod
    printf6.o(i.__0fprintf$6) refers to printf6.o(i._printf_core) for _printf_core
    printf6.o(i.__0fprintf$6) refers to main.o(i.fputc) for fputc
    printf6.o(i.__0printf$6) refers to printf6.o(i._printf_core) for _printf_core
    printf6.o(i.__0printf$6) refers to main.o(i.fputc) for fputc
    printf6.o(i.__0printf$6) refers to stdout.o(.data) for __stdout
    printf6.o(i.__0snprintf$6) refers to printf6.o(i._printf_core) for _printf_core
    printf6.o(i.__0snprintf$6) refers to printf6.o(i._snputc) for _snputc
    printf6.o(i.__0sprintf$6) refers to printf6.o(i._printf_core) for _printf_core
    printf6.o(i.__0sprintf$6) refers to printf6.o(i._sputc) for _sputc
    printf6.o(i.__0vfprintf$6) refers to printf6.o(i._printf_core) for _printf_core
    printf6.o(i.__0vfprintf$6) refers to main.o(i.fputc) for fputc
    printf6.o(i.__0vprintf$6) refers to printf6.o(i._printf_core) for _printf_core
    printf6.o(i.__0vprintf$6) refers to main.o(i.fputc) for fputc
    printf6.o(i.__0vprintf$6) refers to stdout.o(.data) for __stdout
    printf6.o(i.__0vsnprintf$6) refers to printf6.o(i._printf_core) for _printf_core
    printf6.o(i.__0vsnprintf$6) refers to printf6.o(i._snputc) for _snputc
    printf6.o(i.__0vsprintf$6) refers to printf6.o(i._printf_core) for _printf_core
    printf6.o(i.__0vsprintf$6) refers to printf6.o(i._sputc) for _sputc
    printf6.o(i._printf_core) refers to printf6.o(i._printf_pre_padding) for _printf_pre_padding
    printf6.o(i._printf_core) refers to uidiv.o(.text) for __aeabi_uidivmod
    printf6.o(i._printf_core) refers to printf6.o(i._printf_post_padding) for _printf_post_padding
    printf7.o(i.__0fprintf$7) refers to printf7.o(i._printf_core) for _printf_core
    printf7.o(i.__0fprintf$7) refers to main.o(i.fputc) for fputc
    printf7.o(i.__0printf$7) refers to printf7.o(i._printf_core) for _printf_core
    printf7.o(i.__0printf$7) refers to main.o(i.fputc) for fputc
    printf7.o(i.__0printf$7) refers to stdout.o(.data) for __stdout
    printf7.o(i.__0snprintf$7) refers to printf7.o(i._printf_core) for _printf_core
    printf7.o(i.__0snprintf$7) refers to printf7.o(i._snputc) for _snputc
    printf7.o(i.__0sprintf$7) refers to printf7.o(i._printf_core) for _printf_core
    printf7.o(i.__0sprintf$7) refers to printf7.o(i._sputc) for _sputc
    printf7.o(i.__0vfprintf$7) refers to printf7.o(i._printf_core) for _printf_core
    printf7.o(i.__0vfprintf$7) refers to main.o(i.fputc) for fputc
    printf7.o(i.__0vprintf$7) refers to printf7.o(i._printf_core) for _printf_core
    printf7.o(i.__0vprintf$7) refers to main.o(i.fputc) for fputc
    printf7.o(i.__0vprintf$7) refers to stdout.o(.data) for __stdout
    printf7.o(i.__0vsnprintf$7) refers to printf7.o(i._printf_core) for _printf_core
    printf7.o(i.__0vsnprintf$7) refers to printf7.o(i._snputc) for _snputc
    printf7.o(i.__0vsprintf$7) refers to printf7.o(i._printf_core) for _printf_core
    printf7.o(i.__0vsprintf$7) refers to printf7.o(i._sputc) for _sputc
    printf7.o(i._printf_core) refers to printf7.o(i._printf_pre_padding) for _printf_pre_padding
    printf7.o(i._printf_core) refers to uldiv.o(.text) for __aeabi_uldivmod
    printf7.o(i._printf_core) refers to printf7.o(i._printf_post_padding) for _printf_post_padding
    printf8.o(i.__0fprintf$8) refers to printf8.o(i._printf_core) for _printf_core
    printf8.o(i.__0fprintf$8) refers to main.o(i.fputc) for fputc
    printf8.o(i.__0printf$8) refers to printf8.o(i._printf_core) for _printf_core
    printf8.o(i.__0printf$8) refers to main.o(i.fputc) for fputc
    printf8.o(i.__0printf$8) refers to stdout.o(.data) for __stdout
    printf8.o(i.__0snprintf$8) refers to printf8.o(i._printf_core) for _printf_core
    printf8.o(i.__0snprintf$8) refers to printf8.o(i._snputc) for _snputc
    printf8.o(i.__0sprintf$8) refers to printf8.o(i._printf_core) for _printf_core
    printf8.o(i.__0sprintf$8) refers to printf8.o(i._sputc) for _sputc
    printf8.o(i.__0vfprintf$8) refers to printf8.o(i._printf_core) for _printf_core
    printf8.o(i.__0vfprintf$8) refers to main.o(i.fputc) for fputc
    printf8.o(i.__0vprintf$8) refers to printf8.o(i._printf_core) for _printf_core
    printf8.o(i.__0vprintf$8) refers to main.o(i.fputc) for fputc
    printf8.o(i.__0vprintf$8) refers to stdout.o(.data) for __stdout
    printf8.o(i.__0vsnprintf$8) refers to printf8.o(i._printf_core) for _printf_core
    printf8.o(i.__0vsnprintf$8) refers to printf8.o(i._snputc) for _snputc
    printf8.o(i.__0vsprintf$8) refers to printf8.o(i._printf_core) for _printf_core
    printf8.o(i.__0vsprintf$8) refers to printf8.o(i._sputc) for _sputc
    printf8.o(i._printf_core) refers to printf8.o(i._printf_pre_padding) for _printf_pre_padding
    printf8.o(i._printf_core) refers to uldiv.o(.text) for __aeabi_uldivmod
    printf8.o(i._printf_core) refers to printf8.o(i._printf_post_padding) for _printf_post_padding
    printfa.o(i.__0fprintf) refers (Special) to iusefp.o(.text) for __I$use$fp
    printfa.o(i.__0fprintf) refers to printfa.o(i._printf_core) for _printf_core
    printfa.o(i.__0fprintf) refers to main.o(i.fputc) for fputc
    printfa.o(i.__0printf) refers (Special) to iusefp.o(.text) for __I$use$fp
    printfa.o(i.__0printf) refers to printfa.o(i._printf_core) for _printf_core
    printfa.o(i.__0printf) refers to main.o(i.fputc) for fputc
    printfa.o(i.__0printf) refers to stdout.o(.data) for __stdout
    printfa.o(i.__0snprintf) refers (Special) to iusefp.o(.text) for __I$use$fp
    printfa.o(i.__0snprintf) refers to printfa.o(i._printf_core) for _printf_core
    printfa.o(i.__0snprintf) refers to printfa.o(i._snputc) for _snputc
    printfa.o(i.__0sprintf) refers (Special) to iusefp.o(.text) for __I$use$fp
    printfa.o(i.__0sprintf) refers to printfa.o(i._printf_core) for _printf_core
    printfa.o(i.__0sprintf) refers to printfa.o(i._sputc) for _sputc
    printfa.o(i.__0vfprintf) refers (Special) to iusefp.o(.text) for __I$use$fp
    printfa.o(i.__0vfprintf) refers to printfa.o(i._printf_core) for _printf_core
    printfa.o(i.__0vfprintf) refers to main.o(i.fputc) for fputc
    printfa.o(i.__0vprintf) refers (Special) to iusefp.o(.text) for __I$use$fp
    printfa.o(i.__0vprintf) refers to printfa.o(i._printf_core) for _printf_core
    printfa.o(i.__0vprintf) refers to main.o(i.fputc) for fputc
    printfa.o(i.__0vprintf) refers to stdout.o(.data) for __stdout
    printfa.o(i.__0vsnprintf) refers (Special) to iusefp.o(.text) for __I$use$fp
    printfa.o(i.__0vsnprintf) refers to printfa.o(i._printf_core) for _printf_core
    printfa.o(i.__0vsnprintf) refers to printfa.o(i._snputc) for _snputc
    printfa.o(i.__0vsprintf) refers (Special) to iusefp.o(.text) for __I$use$fp
    printfa.o(i.__0vsprintf) refers to printfa.o(i._printf_core) for _printf_core
    printfa.o(i.__0vsprintf) refers to printfa.o(i._sputc) for _sputc
    printfa.o(i._fp_digits) refers (Special) to iusefp.o(.text) for __I$use$fp
    printfa.o(i._fp_digits) refers to dmul.o(.text) for __aeabi_dmul
    printfa.o(i._fp_digits) refers to ddiv.o(.text) for __aeabi_ddiv
    printfa.o(i._fp_digits) refers to cdrcmple.o(.text) for __aeabi_cdrcmple
    printfa.o(i._fp_digits) refers to dadd.o(.text) for __aeabi_dadd
    printfa.o(i._fp_digits) refers to dfixul.o(.text) for __aeabi_d2ulz
    printfa.o(i._fp_digits) refers to uldiv.o(.text) for __aeabi_uldivmod
    printfa.o(i._printf_core) refers (Special) to iusefp.o(.text) for __I$use$fp
    printfa.o(i._printf_core) refers to printfa.o(i._printf_pre_padding) for _printf_pre_padding
    printfa.o(i._printf_core) refers to uldiv.o(.text) for __aeabi_uldivmod
    printfa.o(i._printf_core) refers to printfa.o(i._printf_post_padding) for _printf_post_padding
    printfa.o(i._printf_core) refers to printfa.o(i._fp_digits) for _fp_digits
    printfa.o(i._printf_core) refers to uidiv.o(.text) for __aeabi_uidivmod
    printfa.o(i._printf_post_padding) refers (Special) to iusefp.o(.text) for __I$use$fp
    printfa.o(i._printf_pre_padding) refers (Special) to iusefp.o(.text) for __I$use$fp
    printfa.o(i._snputc) refers (Special) to iusefp.o(.text) for __I$use$fp
    printfa.o(i._sputc) refers (Special) to iusefp.o(.text) for __I$use$fp
    malloc.o(i.free) refers to mvars.o(.data) for __microlib_freelist
    malloc.o(i.malloc) refers to mvars.o(.data) for __microlib_freelist_initialised
    malloc.o(i.malloc) refers to mvars.o(.data) for __microlib_freelist
    malloc.o(i.malloc) refers to startup_gd32f407_427.o(HEAP) for __heap_base
    mallocr.o(i.__free$realloc) refers to mvars.o(.data) for __microlib_freelist
    mallocr.o(i.__malloc$realloc) refers to mallocr.o(i.internal_alloc) for internal_alloc
    mallocr.o(i.__malloc$realloc) refers to mvars.o(.data) for __microlib_freelist_initialised
    mallocr.o(i.__malloc$realloc) refers to startup_gd32f407_427.o(HEAP) for __heap_base
    mallocr.o(i.__malloc$realloc) refers to mvars.o(.data) for __microlib_freelist
    mallocr.o(i.internal_alloc) refers to memcpya.o(.text) for __aeabi_memcpy
    mallocr.o(i.internal_alloc) refers to mvars.o(.data) for __microlib_freelist
    mallocr.o(i.realloc) refers to mallocr.o(i.__free$realloc) for __free$realloc
    mallocr.o(i.realloc) refers to mallocr.o(i.internal_alloc) for internal_alloc
    mallocr.o(i.realloc) refers to mallocr.o(i.__malloc$realloc) for __malloc$realloc
    mallocr.o(i.realloc) refers to mvars.o(.data) for __microlib_freelist
    malloca.o(i.__aligned_malloc) refers to mvars.o(.data) for __microlib_freelist_initialised
    malloca.o(i.__aligned_malloc) refers to mvars.o(.data) for __microlib_freelist
    malloca.o(i.__aligned_malloc) refers to startup_gd32f407_427.o(HEAP) for __heap_base
    malloca.o(i.__free$memalign) refers to mvars.o(.data) for __microlib_freelist
    malloca.o(i.__malloc$memalign) refers to malloca.o(i.__aligned_malloc) for __aligned_malloc
    mallocra.o(i.__aligned_malloc$realloc) refers to mallocra.o(i.internal_alloc) for internal_alloc
    mallocra.o(i.__aligned_malloc$realloc) refers to mvars.o(.data) for __microlib_freelist_initialised
    mallocra.o(i.__aligned_malloc$realloc) refers to startup_gd32f407_427.o(HEAP) for __heap_base
    mallocra.o(i.__aligned_malloc$realloc) refers to mvars.o(.data) for __microlib_freelist
    mallocra.o(i.__free$realloc$memalign) refers to mvars.o(.data) for __microlib_freelist
    mallocra.o(i.__malloc$realloc$memalign) refers to mallocra.o(i.__aligned_malloc$realloc) for __aligned_malloc$realloc
    mallocra.o(i.__realloc$memalign) refers to mallocra.o(i.__free$realloc$memalign) for __free$realloc$memalign
    mallocra.o(i.__realloc$memalign) refers to mallocra.o(i.internal_alloc) for internal_alloc
    mallocra.o(i.__realloc$memalign) refers to mallocra.o(i.__malloc$realloc$memalign) for __malloc$realloc$memalign
    mallocra.o(i.__realloc$memalign) refers to mvars.o(.data) for __microlib_freelist
    mallocra.o(i.internal_alloc) refers to memcpya.o(.text) for __aeabi_memcpy
    mallocra.o(i.internal_alloc) refers to mvars.o(.data) for __microlib_freelist
    f2d.o(.text) refers (Special) to iusefp.o(.text) for __I$use$fp
    entry2.o(.ARM.Collect$$$$00000001) refers to entry2.o(.ARM.Collect$$$$00002712) for __lit__00000000
    entry2.o(.ARM.Collect$$$$00002712) refers to startup_gd32f407_427.o(STACK) for __initial_sp
    entry2.o(__vectab_stack_and_reset_area) refers to startup_gd32f407_427.o(STACK) for __initial_sp
    entry2.o(__vectab_stack_and_reset_area) refers to entry.o(.ARM.Collect$$$$00000000) for __main
    entry5.o(.ARM.Collect$$$$00000004) refers to init.o(.text) for __scatterload
    entry9a.o(.ARM.Collect$$$$0000000B) refers to main.o(i.main) for main
    entry9b.o(.ARM.Collect$$$$0000000C) refers to main.o(i.main) for main
    uldiv.o(.text) refers to llushr.o(.text) for __aeabi_llsr
    uldiv.o(.text) refers to llshl.o(.text) for __aeabi_llsl
    dadd.o(.text) refers to llshl.o(.text) for __aeabi_llsl
    dadd.o(.text) refers to llsshr.o(.text) for __aeabi_lasr
    dadd.o(.text) refers to depilogue.o(.text) for _double_epilogue
    dmul.o(.text) refers to depilogue.o(.text) for _double_epilogue
    ddiv.o(.text) refers to depilogue.o(.text) for _double_round
    dfixul.o(.text) refers to llushr.o(.text) for __aeabi_llsr
    dfixul.o(.text) refers to llshl.o(.text) for __aeabi_llsl
    init.o(.text) refers to entry5.o(.ARM.Collect$$$$00000004) for __main_after_scatterload
    depilogue.o(.text) refers to llshl.o(.text) for __aeabi_llsl
    depilogue.o(.text) refers to llushr.o(.text) for __aeabi_llsr


==============================================================================

Removing Unused input sections from the image.

    Removing main.o(.rev16_text), (4 bytes).
    Removing main.o(.revsh_text), (4 bytes).
    Removing main.o(.rrx_text), (6 bytes).
    Removing main.o(i.fputc), (36 bytes).
    Removing systick_1.o(.rev16_text), (4 bytes).
    Removing systick_1.o(.revsh_text), (4 bytes).
    Removing systick_1.o(.rrx_text), (6 bytes).
    Removing gd32f4xx_it_1.o(.rev16_text), (4 bytes).
    Removing gd32f4xx_it_1.o(.revsh_text), (4 bytes).
    Removing gd32f4xx_it_1.o(.rrx_text), (6 bytes).
    Removing system_gd32f4xx.o(.rev16_text), (4 bytes).
    Removing system_gd32f4xx.o(.revsh_text), (4 bytes).
    Removing system_gd32f4xx.o(.rrx_text), (6 bytes).
    Removing system_gd32f4xx.o(i.SystemCoreClockUpdate), (272 bytes).
    Removing adc_app.o(.rev16_text), (4 bytes).
    Removing adc_app.o(.revsh_text), (4 bytes).
    Removing adc_app.o(.rrx_text), (6 bytes).
    Removing btn_app.o(.rev16_text), (4 bytes).
    Removing btn_app.o(.revsh_text), (4 bytes).
    Removing btn_app.o(.rrx_text), (6 bytes).
    Removing led_app.o(.rev16_text), (4 bytes).
    Removing led_app.o(.revsh_text), (4 bytes).
    Removing led_app.o(.rrx_text), (6 bytes).
    Removing oled_app.o(.rev16_text), (4 bytes).
    Removing oled_app.o(.revsh_text), (4 bytes).
    Removing oled_app.o(.rrx_text), (6 bytes).
    Removing rtc_app.o(.rev16_text), (4 bytes).
    Removing rtc_app.o(.revsh_text), (4 bytes).
    Removing rtc_app.o(.rrx_text), (6 bytes).
    Removing scheduler.o(.rev16_text), (4 bytes).
    Removing scheduler.o(.revsh_text), (4 bytes).
    Removing scheduler.o(.rrx_text), (6 bytes).
    Removing sd_app.o(.rev16_text), (4 bytes).
    Removing sd_app.o(.revsh_text), (4 bytes).
    Removing sd_app.o(.rrx_text), (6 bytes).
    Removing sd_app.o(i.__aeabi_assert), (88 bytes).
    Removing sd_app.o(i.sd_lfs_init), (8 bytes).
    Removing sd_app.o(i.sd_lfs_test), (8 bytes).
    Removing usart_app.o(.rev16_text), (4 bytes).
    Removing usart_app.o(.revsh_text), (4 bytes).
    Removing usart_app.o(.rrx_text), (6 bytes).
    Removing startup_gd32f407_427.o(HEAP), (1024 bytes).
    Removing gd32f4xx_adc.o(.rev16_text), (4 bytes).
    Removing gd32f4xx_adc.o(.revsh_text), (4 bytes).
    Removing gd32f4xx_adc.o(.rrx_text), (6 bytes).
    Removing gd32f4xx_adc.o(i.adc_channel_16_to_18), (96 bytes).
    Removing gd32f4xx_adc.o(i.adc_deinit), (20 bytes).
    Removing gd32f4xx_adc.o(i.adc_disable), (10 bytes).
    Removing gd32f4xx_adc.o(i.adc_discontinuous_mode_config), (82 bytes).
    Removing gd32f4xx_adc.o(i.adc_dma_mode_disable), (10 bytes).
    Removing gd32f4xx_adc.o(i.adc_dma_request_after_last_disable), (10 bytes).
    Removing gd32f4xx_adc.o(i.adc_end_of_conversion_config), (34 bytes).
    Removing gd32f4xx_adc.o(i.adc_flag_clear), (8 bytes).
    Removing gd32f4xx_adc.o(i.adc_flag_get), (14 bytes).
    Removing gd32f4xx_adc.o(i.adc_inserted_channel_config), (124 bytes).
    Removing gd32f4xx_adc.o(i.adc_inserted_channel_offset_config), (36 bytes).
    Removing gd32f4xx_adc.o(i.adc_inserted_data_read), (46 bytes).
    Removing gd32f4xx_adc.o(i.adc_inserted_software_startconv_flag_get), (16 bytes).
    Removing gd32f4xx_adc.o(i.adc_interrupt_disable), (66 bytes).
    Removing gd32f4xx_adc.o(i.adc_interrupt_enable), (66 bytes).
    Removing gd32f4xx_adc.o(i.adc_interrupt_flag_clear), (8 bytes).
    Removing gd32f4xx_adc.o(i.adc_interrupt_flag_get), (112 bytes).
    Removing gd32f4xx_adc.o(i.adc_oversample_mode_config), (58 bytes).
    Removing gd32f4xx_adc.o(i.adc_oversample_mode_disable), (14 bytes).
    Removing gd32f4xx_adc.o(i.adc_oversample_mode_enable), (14 bytes).
    Removing gd32f4xx_adc.o(i.adc_resolution_config), (16 bytes).
    Removing gd32f4xx_adc.o(i.adc_routine_data_read), (8 bytes).
    Removing gd32f4xx_adc.o(i.adc_routine_software_startconv_flag_get), (16 bytes).
    Removing gd32f4xx_adc.o(i.adc_sync_delay_config), (36 bytes).
    Removing gd32f4xx_adc.o(i.adc_sync_dma_config), (36 bytes).
    Removing gd32f4xx_adc.o(i.adc_sync_dma_request_after_last_disable), (24 bytes).
    Removing gd32f4xx_adc.o(i.adc_sync_dma_request_after_last_enable), (24 bytes).
    Removing gd32f4xx_adc.o(i.adc_sync_routine_data_read), (12 bytes).
    Removing gd32f4xx_adc.o(i.adc_watchdog_disable), (50 bytes).
    Removing gd32f4xx_adc.o(i.adc_watchdog_sequence_channel_enable), (64 bytes).
    Removing gd32f4xx_adc.o(i.adc_watchdog_single_channel_disable), (10 bytes).
    Removing gd32f4xx_adc.o(i.adc_watchdog_single_channel_enable), (24 bytes).
    Removing gd32f4xx_adc.o(i.adc_watchdog_threshold_config), (14 bytes).
    Removing gd32f4xx_can.o(.rev16_text), (4 bytes).
    Removing gd32f4xx_can.o(.revsh_text), (4 bytes).
    Removing gd32f4xx_can.o(.rrx_text), (6 bytes).
    Removing gd32f4xx_can.o(i.can1_filter_start_bank), (56 bytes).
    Removing gd32f4xx_can.o(i.can_debug_freeze_disable), (44 bytes).
    Removing gd32f4xx_can.o(i.can_debug_freeze_enable), (44 bytes).
    Removing gd32f4xx_can.o(i.can_deinit), (52 bytes).
    Removing gd32f4xx_can.o(i.can_error_get), (12 bytes).
    Removing gd32f4xx_can.o(i.can_fifo_release), (32 bytes).
    Removing gd32f4xx_can.o(i.can_filter_init), (272 bytes).
    Removing gd32f4xx_can.o(i.can_flag_clear), (16 bytes).
    Removing gd32f4xx_can.o(i.can_flag_get), (32 bytes).
    Removing gd32f4xx_can.o(i.can_init), (290 bytes).
    Removing gd32f4xx_can.o(i.can_interrupt_disable), (8 bytes).
    Removing gd32f4xx_can.o(i.can_interrupt_enable), (8 bytes).
    Removing gd32f4xx_can.o(i.can_interrupt_flag_clear), (16 bytes).
    Removing gd32f4xx_can.o(i.can_interrupt_flag_get), (128 bytes).
    Removing gd32f4xx_can.o(i.can_message_receive), (228 bytes).
    Removing gd32f4xx_can.o(i.can_message_transmit), (344 bytes).
    Removing gd32f4xx_can.o(i.can_receive_error_number_get), (8 bytes).
    Removing gd32f4xx_can.o(i.can_receive_message_length_get), (26 bytes).
    Removing gd32f4xx_can.o(i.can_struct_para_init), (164 bytes).
    Removing gd32f4xx_can.o(i.can_time_trigger_mode_disable), (48 bytes).
    Removing gd32f4xx_can.o(i.can_time_trigger_mode_enable), (48 bytes).
    Removing gd32f4xx_can.o(i.can_transmission_stop), (220 bytes).
    Removing gd32f4xx_can.o(i.can_transmit_error_number_get), (10 bytes).
    Removing gd32f4xx_can.o(i.can_transmit_states), (124 bytes).
    Removing gd32f4xx_can.o(i.can_wakeup), (48 bytes).
    Removing gd32f4xx_can.o(i.can_working_mode_set), (168 bytes).
    Removing gd32f4xx_crc.o(.rev16_text), (4 bytes).
    Removing gd32f4xx_crc.o(.revsh_text), (4 bytes).
    Removing gd32f4xx_crc.o(.rrx_text), (6 bytes).
    Removing gd32f4xx_crc.o(i.crc_block_data_calculate), (36 bytes).
    Removing gd32f4xx_crc.o(i.crc_data_register_read), (12 bytes).
    Removing gd32f4xx_crc.o(i.crc_data_register_reset), (20 bytes).
    Removing gd32f4xx_crc.o(i.crc_deinit), (24 bytes).
    Removing gd32f4xx_crc.o(i.crc_free_data_register_read), (12 bytes).
    Removing gd32f4xx_crc.o(i.crc_free_data_register_write), (12 bytes).
    Removing gd32f4xx_crc.o(i.crc_single_data_calculate), (16 bytes).
    Removing gd32f4xx_ctc.o(.rev16_text), (4 bytes).
    Removing gd32f4xx_ctc.o(.revsh_text), (4 bytes).
    Removing gd32f4xx_ctc.o(.rrx_text), (6 bytes).
    Removing gd32f4xx_ctc.o(i.ctc_clock_limit_value_config), (28 bytes).
    Removing gd32f4xx_ctc.o(i.ctc_counter_capture_value_read), (16 bytes).
    Removing gd32f4xx_ctc.o(i.ctc_counter_direction_read), (24 bytes).
    Removing gd32f4xx_ctc.o(i.ctc_counter_disable), (20 bytes).
    Removing gd32f4xx_ctc.o(i.ctc_counter_enable), (20 bytes).
    Removing gd32f4xx_ctc.o(i.ctc_counter_reload_value_config), (28 bytes).
    Removing gd32f4xx_ctc.o(i.ctc_counter_reload_value_read), (16 bytes).
    Removing gd32f4xx_ctc.o(i.ctc_deinit), (20 bytes).
    Removing gd32f4xx_ctc.o(i.ctc_flag_clear), (36 bytes).
    Removing gd32f4xx_ctc.o(i.ctc_flag_get), (24 bytes).
    Removing gd32f4xx_ctc.o(i.ctc_hardware_trim_mode_config), (28 bytes).
    Removing gd32f4xx_ctc.o(i.ctc_interrupt_disable), (16 bytes).
    Removing gd32f4xx_ctc.o(i.ctc_interrupt_enable), (16 bytes).
    Removing gd32f4xx_ctc.o(i.ctc_interrupt_flag_clear), (36 bytes).
    Removing gd32f4xx_ctc.o(i.ctc_interrupt_flag_get), (60 bytes).
    Removing gd32f4xx_ctc.o(i.ctc_irc48m_trim_value_config), (28 bytes).
    Removing gd32f4xx_ctc.o(i.ctc_irc48m_trim_value_read), (16 bytes).
    Removing gd32f4xx_ctc.o(i.ctc_refsource_polarity_config), (28 bytes).
    Removing gd32f4xx_ctc.o(i.ctc_refsource_prescaler_config), (28 bytes).
    Removing gd32f4xx_ctc.o(i.ctc_refsource_signal_select), (28 bytes).
    Removing gd32f4xx_ctc.o(i.ctc_software_refsource_pulse_generate), (20 bytes).
    Removing gd32f4xx_dac.o(.rev16_text), (4 bytes).
    Removing gd32f4xx_dac.o(.revsh_text), (4 bytes).
    Removing gd32f4xx_dac.o(.rrx_text), (6 bytes).
    Removing gd32f4xx_dac.o(i.dac_concurrent_data_set), (48 bytes).
    Removing gd32f4xx_dac.o(i.dac_concurrent_disable), (14 bytes).
    Removing gd32f4xx_dac.o(i.dac_concurrent_enable), (14 bytes).
    Removing gd32f4xx_dac.o(i.dac_concurrent_output_buffer_disable), (14 bytes).
    Removing gd32f4xx_dac.o(i.dac_concurrent_output_buffer_enable), (14 bytes).
    Removing gd32f4xx_dac.o(i.dac_concurrent_software_trigger_enable), (12 bytes).
    Removing gd32f4xx_dac.o(i.dac_data_set), (64 bytes).
    Removing gd32f4xx_dac.o(i.dac_disable), (26 bytes).
    Removing gd32f4xx_dac.o(i.dac_dma_disable), (26 bytes).
    Removing gd32f4xx_dac.o(i.dac_flag_clear), (14 bytes).
    Removing gd32f4xx_dac.o(i.dac_flag_get), (24 bytes).
    Removing gd32f4xx_dac.o(i.dac_interrupt_disable), (18 bytes).
    Removing gd32f4xx_dac.o(i.dac_interrupt_enable), (18 bytes).
    Removing gd32f4xx_dac.o(i.dac_interrupt_flag_clear), (14 bytes).
    Removing gd32f4xx_dac.o(i.dac_interrupt_flag_get), (40 bytes).
    Removing gd32f4xx_dac.o(i.dac_lfsr_noise_config), (40 bytes).
    Removing gd32f4xx_dac.o(i.dac_output_buffer_disable), (26 bytes).
    Removing gd32f4xx_dac.o(i.dac_output_buffer_enable), (26 bytes).
    Removing gd32f4xx_dac.o(i.dac_output_value_get), (22 bytes).
    Removing gd32f4xx_dac.o(i.dac_software_trigger_enable), (26 bytes).
    Removing gd32f4xx_dac.o(i.dac_triangle_noise_config), (40 bytes).
    Removing gd32f4xx_dac.o(i.dac_trigger_disable), (26 bytes).
    Removing gd32f4xx_dbg.o(.rev16_text), (4 bytes).
    Removing gd32f4xx_dbg.o(.revsh_text), (4 bytes).
    Removing gd32f4xx_dbg.o(.rrx_text), (6 bytes).
    Removing gd32f4xx_dbg.o(i.dbg_deinit), (16 bytes).
    Removing gd32f4xx_dbg.o(i.dbg_id_get), (12 bytes).
    Removing gd32f4xx_dbg.o(i.dbg_low_power_disable), (16 bytes).
    Removing gd32f4xx_dbg.o(i.dbg_low_power_enable), (16 bytes).
    Removing gd32f4xx_dbg.o(i.dbg_periph_disable), (32 bytes).
    Removing gd32f4xx_dbg.o(i.dbg_periph_enable), (32 bytes).
    Removing gd32f4xx_dbg.o(i.dbg_trace_pin_disable), (20 bytes).
    Removing gd32f4xx_dbg.o(i.dbg_trace_pin_enable), (20 bytes).
    Removing gd32f4xx_dci.o(.rev16_text), (4 bytes).
    Removing gd32f4xx_dci.o(.revsh_text), (4 bytes).
    Removing gd32f4xx_dci.o(.rrx_text), (6 bytes).
    Removing gd32f4xx_dci.o(i.dci_capture_disable), (20 bytes).
    Removing gd32f4xx_dci.o(i.dci_capture_enable), (20 bytes).
    Removing gd32f4xx_dci.o(i.dci_crop_window_config), (24 bytes).
    Removing gd32f4xx_dci.o(i.dci_crop_window_disable), (20 bytes).
    Removing gd32f4xx_dci.o(i.dci_crop_window_enable), (20 bytes).
    Removing gd32f4xx_dci.o(i.dci_data_read), (12 bytes).
    Removing gd32f4xx_dci.o(i.dci_deinit), (20 bytes).
    Removing gd32f4xx_dci.o(i.dci_disable), (20 bytes).
    Removing gd32f4xx_dci.o(i.dci_embedded_sync_disable), (20 bytes).
    Removing gd32f4xx_dci.o(i.dci_embedded_sync_enable), (20 bytes).
    Removing gd32f4xx_dci.o(i.dci_enable), (20 bytes).
    Removing gd32f4xx_dci.o(i.dci_flag_get), (40 bytes).
    Removing gd32f4xx_dci.o(i.dci_init), (52 bytes).
    Removing gd32f4xx_dci.o(i.dci_interrupt_disable), (16 bytes).
    Removing gd32f4xx_dci.o(i.dci_interrupt_enable), (16 bytes).
    Removing gd32f4xx_dci.o(i.dci_interrupt_flag_clear), (16 bytes).
    Removing gd32f4xx_dci.o(i.dci_interrupt_flag_get), (24 bytes).
    Removing gd32f4xx_dci.o(i.dci_jpeg_disable), (20 bytes).
    Removing gd32f4xx_dci.o(i.dci_jpeg_enable), (20 bytes).
    Removing gd32f4xx_dci.o(i.dci_sync_codes_config), (24 bytes).
    Removing gd32f4xx_dci.o(i.dci_sync_codes_unmask_config), (24 bytes).
    Removing gd32f4xx_dma.o(.rev16_text), (4 bytes).
    Removing gd32f4xx_dma.o(.revsh_text), (4 bytes).
    Removing gd32f4xx_dma.o(.rrx_text), (6 bytes).
    Removing gd32f4xx_dma.o(i.dma_fifo_status_get), (20 bytes).
    Removing gd32f4xx_dma.o(i.dma_interrupt_disable), (62 bytes).
    Removing gd32f4xx_dma.o(i.dma_interrupt_enable), (62 bytes).
    Removing gd32f4xx_dma.o(i.dma_interrupt_flag_clear), (62 bytes).
    Removing gd32f4xx_dma.o(i.dma_interrupt_flag_get), (600 bytes).
    Removing gd32f4xx_dma.o(i.dma_memory_address_generation_config), (64 bytes).
    Removing gd32f4xx_dma.o(i.dma_memory_burst_beats_config), (36 bytes).
    Removing gd32f4xx_dma.o(i.dma_memory_width_config), (36 bytes).
    Removing gd32f4xx_dma.o(i.dma_multi_data_para_struct_init), (40 bytes).
    Removing gd32f4xx_dma.o(i.dma_periph_address_config), (16 bytes).
    Removing gd32f4xx_dma.o(i.dma_periph_burst_beats_config), (36 bytes).
    Removing gd32f4xx_dma.o(i.dma_periph_width_config), (36 bytes).
    Removing gd32f4xx_dma.o(i.dma_peripheral_address_generation_config), (126 bytes).
    Removing gd32f4xx_dma.o(i.dma_priority_config), (36 bytes).
    Removing gd32f4xx_dma.o(i.dma_switch_buffer_mode_config), (76 bytes).
    Removing gd32f4xx_dma.o(i.dma_switch_buffer_mode_enable), (66 bytes).
    Removing gd32f4xx_dma.o(i.dma_transfer_direction_config), (36 bytes).
    Removing gd32f4xx_dma.o(i.dma_using_memory_get), (32 bytes).
    Removing gd32f4xx_enet.o(.rev16_text), (4 bytes).
    Removing gd32f4xx_enet.o(.revsh_text), (4 bytes).
    Removing gd32f4xx_enet.o(.rrx_text), (6 bytes).
    Removing gd32f4xx_enet.o(i.enet_address_filter_config), (32 bytes).
    Removing gd32f4xx_enet.o(i.enet_address_filter_disable), (24 bytes).
    Removing gd32f4xx_enet.o(i.enet_address_filter_enable), (24 bytes).
    Removing gd32f4xx_enet.o(i.enet_current_desc_address_get), (16 bytes).
    Removing gd32f4xx_enet.o(i.enet_debug_status_get), (108 bytes).
    Removing gd32f4xx_enet.o(i.enet_default_init), (152 bytes).
    Removing gd32f4xx_enet.o(i.enet_deinit), (24 bytes).
    Removing gd32f4xx_enet.o(i.enet_delay), (24 bytes).
    Removing gd32f4xx_enet.o(i.enet_desc_flag_clear), (8 bytes).
    Removing gd32f4xx_enet.o(i.enet_desc_flag_get), (14 bytes).
    Removing gd32f4xx_enet.o(i.enet_desc_flag_set), (8 bytes).
    Removing gd32f4xx_enet.o(i.enet_desc_information_get), (100 bytes).
    Removing gd32f4xx_enet.o(i.enet_desc_select_normal_mode), (20 bytes).
    Removing gd32f4xx_enet.o(i.enet_descriptors_chain_init), (200 bytes).
    Removing gd32f4xx_enet.o(i.enet_descriptors_ring_init), (236 bytes).
    Removing gd32f4xx_enet.o(i.enet_disable), (12 bytes).
    Removing gd32f4xx_enet.o(i.enet_dma_feature_disable), (16 bytes).
    Removing gd32f4xx_enet.o(i.enet_dma_feature_enable), (16 bytes).
    Removing gd32f4xx_enet.o(i.enet_dmaprocess_resume), (28 bytes).
    Removing gd32f4xx_enet.o(i.enet_dmaprocess_state_get), (16 bytes).
    Removing gd32f4xx_enet.o(i.enet_enable), (12 bytes).
    Removing gd32f4xx_enet.o(i.enet_flag_clear), (24 bytes).
    Removing gd32f4xx_enet.o(i.enet_flag_get), (36 bytes).
    Removing gd32f4xx_enet.o(i.enet_fliter_feature_disable), (16 bytes).
    Removing gd32f4xx_enet.o(i.enet_fliter_feature_enable), (16 bytes).
    Removing gd32f4xx_enet.o(i.enet_flowcontrol_feature_disable), (40 bytes).
    Removing gd32f4xx_enet.o(i.enet_flowcontrol_feature_enable), (40 bytes).
    Removing gd32f4xx_enet.o(i.enet_flowcontrol_threshold_config), (16 bytes).
    Removing gd32f4xx_enet.o(i.enet_forward_feature_disable), (48 bytes).
    Removing gd32f4xx_enet.o(i.enet_forward_feature_enable), (48 bytes).
    Removing gd32f4xx_enet.o(i.enet_frame_receive), (248 bytes).
    Removing gd32f4xx_enet.o(i.enet_frame_transmit), (204 bytes).
    Removing gd32f4xx_enet.o(i.enet_init), (868 bytes).
    Removing gd32f4xx_enet.o(i.enet_initpara_config), (356 bytes).
    Removing gd32f4xx_enet.o(i.enet_initpara_reset), (40 bytes).
    Removing gd32f4xx_enet.o(i.enet_interrupt_disable), (72 bytes).
    Removing gd32f4xx_enet.o(i.enet_interrupt_enable), (72 bytes).
    Removing gd32f4xx_enet.o(i.enet_interrupt_flag_clear), (24 bytes).
    Removing gd32f4xx_enet.o(i.enet_interrupt_flag_get), (36 bytes).
    Removing gd32f4xx_enet.o(i.enet_mac_address_get), (60 bytes).
    Removing gd32f4xx_enet.o(i.enet_mac_address_set), (48 bytes).
    Removing gd32f4xx_enet.o(i.enet_missed_frame_counter_get), (24 bytes).
    Removing gd32f4xx_enet.o(i.enet_msc_counters_get), (12 bytes).
    Removing gd32f4xx_enet.o(i.enet_msc_counters_preset_config), (36 bytes).
    Removing gd32f4xx_enet.o(i.enet_msc_counters_reset), (24 bytes).
    Removing gd32f4xx_enet.o(i.enet_msc_feature_disable), (24 bytes).
    Removing gd32f4xx_enet.o(i.enet_msc_feature_enable), (24 bytes).
    Removing gd32f4xx_enet.o(i.enet_pauseframe_config), (44 bytes).
    Removing gd32f4xx_enet.o(i.enet_pauseframe_detect_config), (28 bytes).
    Removing gd32f4xx_enet.o(i.enet_pauseframe_generate), (36 bytes).
    Removing gd32f4xx_enet.o(i.enet_phy_config), (216 bytes).
    Removing gd32f4xx_enet.o(i.enet_phy_write_read), (156 bytes).
    Removing gd32f4xx_enet.o(i.enet_phyloopback_disable), (50 bytes).
    Removing gd32f4xx_enet.o(i.enet_phyloopback_enable), (48 bytes).
    Removing gd32f4xx_enet.o(i.enet_ptp_expected_time_config), (16 bytes).
    Removing gd32f4xx_enet.o(i.enet_ptp_feature_disable), (16 bytes).
    Removing gd32f4xx_enet.o(i.enet_ptp_feature_enable), (16 bytes).
    Removing gd32f4xx_enet.o(i.enet_ptp_normal_descriptors_chain_init), (236 bytes).
    Removing gd32f4xx_enet.o(i.enet_ptp_normal_descriptors_ring_init), (280 bytes).
    Removing gd32f4xx_enet.o(i.enet_ptp_pps_output_frequency_config), (12 bytes).
    Removing gd32f4xx_enet.o(i.enet_ptp_subsecond_increment_config), (12 bytes).
    Removing gd32f4xx_enet.o(i.enet_ptp_system_time_get), (32 bytes).
    Removing gd32f4xx_enet.o(i.enet_ptp_timestamp_addend_config), (12 bytes).
    Removing gd32f4xx_enet.o(i.enet_ptp_timestamp_function_config), (256 bytes).
    Removing gd32f4xx_enet.o(i.enet_ptp_timestamp_update_config), (24 bytes).
    Removing gd32f4xx_enet.o(i.enet_ptpframe_receive_normal_mode), (340 bytes).
    Removing gd32f4xx_enet.o(i.enet_ptpframe_transmit_normal_mode), (444 bytes).
    Removing gd32f4xx_enet.o(i.enet_registers_get), (56 bytes).
    Removing gd32f4xx_enet.o(i.enet_rx_desc_delay_receive_complete_interrupt), (20 bytes).
    Removing gd32f4xx_enet.o(i.enet_rx_desc_immediate_receive_complete_interrupt), (10 bytes).
    Removing gd32f4xx_enet.o(i.enet_rx_disable), (36 bytes).
    Removing gd32f4xx_enet.o(i.enet_rx_enable), (36 bytes).
    Removing gd32f4xx_enet.o(i.enet_rxframe_drop), (172 bytes).
    Removing gd32f4xx_enet.o(i.enet_rxframe_size_get), (152 bytes).
    Removing gd32f4xx_enet.o(i.enet_rxprocess_check_recovery), (48 bytes).
    Removing gd32f4xx_enet.o(i.enet_software_reset), (60 bytes).
    Removing gd32f4xx_enet.o(i.enet_transmit_checksum_config), (16 bytes).
    Removing gd32f4xx_enet.o(i.enet_tx_disable), (40 bytes).
    Removing gd32f4xx_enet.o(i.enet_tx_enable), (40 bytes).
    Removing gd32f4xx_enet.o(i.enet_txfifo_flush), (52 bytes).
    Removing gd32f4xx_enet.o(i.enet_wum_feature_disable), (16 bytes).
    Removing gd32f4xx_enet.o(i.enet_wum_feature_enable), (16 bytes).
    Removing gd32f4xx_enet.o(i.enet_wum_filter_config), (28 bytes).
    Removing gd32f4xx_enet.o(i.enet_wum_filter_register_pointer_reset), (20 bytes).
    Removing gd32f4xx_enet.o(.bss), (15460 bytes).
    Removing gd32f4xx_enet.o(.constdata), (116 bytes).
    Removing gd32f4xx_enet.o(.data), (20 bytes).
    Removing gd32f4xx_exmc.o(.rev16_text), (4 bytes).
    Removing gd32f4xx_exmc.o(.revsh_text), (4 bytes).
    Removing gd32f4xx_exmc.o(.rrx_text), (6 bytes).
    Removing gd32f4xx_exmc.o(i.exmc_ecc_get), (12 bytes).
    Removing gd32f4xx_exmc.o(i.exmc_flag_clear), (52 bytes).
    Removing gd32f4xx_exmc.o(i.exmc_flag_get), (52 bytes).
    Removing gd32f4xx_exmc.o(i.exmc_interrupt_disable), (56 bytes).
    Removing gd32f4xx_exmc.o(i.exmc_interrupt_enable), (56 bytes).
    Removing gd32f4xx_exmc.o(i.exmc_interrupt_flag_clear), (56 bytes).
    Removing gd32f4xx_exmc.o(i.exmc_interrupt_flag_get), (72 bytes).
    Removing gd32f4xx_exmc.o(i.exmc_nand_deinit), (42 bytes).
    Removing gd32f4xx_exmc.o(i.exmc_nand_disable), (22 bytes).
    Removing gd32f4xx_exmc.o(i.exmc_nand_ecc_config), (48 bytes).
    Removing gd32f4xx_exmc.o(i.exmc_nand_enable), (22 bytes).
    Removing gd32f4xx_exmc.o(i.exmc_nand_init), (172 bytes).
    Removing gd32f4xx_exmc.o(i.exmc_nand_struct_para_init), (54 bytes).
    Removing gd32f4xx_exmc.o(i.exmc_norsram_consecutive_clock_config), (42 bytes).
    Removing gd32f4xx_exmc.o(i.exmc_norsram_deinit), (36 bytes).
    Removing gd32f4xx_exmc.o(i.exmc_norsram_disable), (22 bytes).
    Removing gd32f4xx_exmc.o(i.exmc_norsram_enable), (22 bytes).
    Removing gd32f4xx_exmc.o(i.exmc_norsram_init), (228 bytes).
    Removing gd32f4xx_exmc.o(i.exmc_norsram_page_size_config), (40 bytes).
    Removing gd32f4xx_exmc.o(i.exmc_norsram_struct_para_init), (106 bytes).
    Removing gd32f4xx_exmc.o(i.exmc_pccard_deinit), (36 bytes).
    Removing gd32f4xx_exmc.o(i.exmc_pccard_disable), (24 bytes).
    Removing gd32f4xx_exmc.o(i.exmc_pccard_enable), (24 bytes).
    Removing gd32f4xx_exmc.o(i.exmc_pccard_init), (188 bytes).
    Removing gd32f4xx_exmc.o(i.exmc_pccard_struct_para_init), (60 bytes).
    Removing gd32f4xx_exmc.o(i.exmc_sdram_autorefresh_number_set), (32 bytes).
    Removing gd32f4xx_exmc.o(i.exmc_sdram_bankstatus_get), (32 bytes).
    Removing gd32f4xx_exmc.o(i.exmc_sdram_command_config), (28 bytes).
    Removing gd32f4xx_exmc.o(i.exmc_sdram_deinit), (56 bytes).
    Removing gd32f4xx_exmc.o(i.exmc_sdram_init), (284 bytes).
    Removing gd32f4xx_exmc.o(i.exmc_sdram_readsample_config), (32 bytes).
    Removing gd32f4xx_exmc.o(i.exmc_sdram_readsample_enable), (44 bytes).
    Removing gd32f4xx_exmc.o(i.exmc_sdram_refresh_count_set), (36 bytes).
    Removing gd32f4xx_exmc.o(i.exmc_sdram_struct_command_para_init), (16 bytes).
    Removing gd32f4xx_exmc.o(i.exmc_sdram_struct_para_init), (66 bytes).
    Removing gd32f4xx_exmc.o(i.exmc_sdram_write_protection_config), (64 bytes).
    Removing gd32f4xx_exmc.o(i.exmc_sqpipsram_deinit), (44 bytes).
    Removing gd32f4xx_exmc.o(i.exmc_sqpipsram_high_id_get), (12 bytes).
    Removing gd32f4xx_exmc.o(i.exmc_sqpipsram_init), (24 bytes).
    Removing gd32f4xx_exmc.o(i.exmc_sqpipsram_low_id_get), (12 bytes).
    Removing gd32f4xx_exmc.o(i.exmc_sqpipsram_read_command_set), (28 bytes).
    Removing gd32f4xx_exmc.o(i.exmc_sqpipsram_read_id_command_send), (24 bytes).
    Removing gd32f4xx_exmc.o(i.exmc_sqpipsram_send_command_state_get), (48 bytes).
    Removing gd32f4xx_exmc.o(i.exmc_sqpipsram_struct_para_init), (20 bytes).
    Removing gd32f4xx_exmc.o(i.exmc_sqpipsram_write_cmd_send), (24 bytes).
    Removing gd32f4xx_exmc.o(i.exmc_sqpipsram_write_command_set), (28 bytes).
    Removing gd32f4xx_exti.o(.rev16_text), (4 bytes).
    Removing gd32f4xx_exti.o(.revsh_text), (4 bytes).
    Removing gd32f4xx_exti.o(.rrx_text), (6 bytes).
    Removing gd32f4xx_exti.o(i.exti_deinit), (28 bytes).
    Removing gd32f4xx_exti.o(i.exti_event_disable), (16 bytes).
    Removing gd32f4xx_exti.o(i.exti_event_enable), (16 bytes).
    Removing gd32f4xx_exti.o(i.exti_flag_clear), (12 bytes).
    Removing gd32f4xx_exti.o(i.exti_flag_get), (24 bytes).
    Removing gd32f4xx_exti.o(i.exti_init), (188 bytes).
    Removing gd32f4xx_exti.o(i.exti_interrupt_disable), (16 bytes).
    Removing gd32f4xx_exti.o(i.exti_interrupt_enable), (16 bytes).
    Removing gd32f4xx_exti.o(i.exti_interrupt_flag_clear), (12 bytes).
    Removing gd32f4xx_exti.o(i.exti_interrupt_flag_get), (24 bytes).
    Removing gd32f4xx_exti.o(i.exti_software_interrupt_disable), (16 bytes).
    Removing gd32f4xx_exti.o(i.exti_software_interrupt_enable), (16 bytes).
    Removing gd32f4xx_fmc.o(.rev16_text), (4 bytes).
    Removing gd32f4xx_fmc.o(.revsh_text), (4 bytes).
    Removing gd32f4xx_fmc.o(.rrx_text), (6 bytes).
    Removing gd32f4xx_fmc.o(i.fmc_bank0_erase), (68 bytes).
    Removing gd32f4xx_fmc.o(i.fmc_bank1_erase), (68 bytes).
    Removing gd32f4xx_fmc.o(i.fmc_byte_program), (80 bytes).
    Removing gd32f4xx_fmc.o(i.fmc_flag_clear), (12 bytes).
    Removing gd32f4xx_fmc.o(i.fmc_flag_get), (20 bytes).
    Removing gd32f4xx_fmc.o(i.fmc_halfword_program), (84 bytes).
    Removing gd32f4xx_fmc.o(i.fmc_interrupt_disable), (16 bytes).
    Removing gd32f4xx_fmc.o(i.fmc_interrupt_enable), (16 bytes).
    Removing gd32f4xx_fmc.o(i.fmc_interrupt_flag_clear), (12 bytes).
    Removing gd32f4xx_fmc.o(i.fmc_interrupt_flag_get), (60 bytes).
    Removing gd32f4xx_fmc.o(i.fmc_lock), (20 bytes).
    Removing gd32f4xx_fmc.o(i.fmc_mass_erase), (72 bytes).
    Removing gd32f4xx_fmc.o(i.fmc_page_erase), (124 bytes).
    Removing gd32f4xx_fmc.o(i.fmc_ready_wait), (32 bytes).
    Removing gd32f4xx_fmc.o(i.fmc_sector_erase), (96 bytes).
    Removing gd32f4xx_fmc.o(i.fmc_state_get), (76 bytes).
    Removing gd32f4xx_fmc.o(i.fmc_unlock), (36 bytes).
    Removing gd32f4xx_fmc.o(i.fmc_word_program), (84 bytes).
    Removing gd32f4xx_fmc.o(i.fmc_wscnt_set), (24 bytes).
    Removing gd32f4xx_fmc.o(i.ob_boot_mode_config), (24 bytes).
    Removing gd32f4xx_fmc.o(i.ob_double_bank_select), (24 bytes).
    Removing gd32f4xx_fmc.o(i.ob_drp0_get), (32 bytes).
    Removing gd32f4xx_fmc.o(i.ob_drp1_get), (32 bytes).
    Removing gd32f4xx_fmc.o(i.ob_drp_disable), (96 bytes).
    Removing gd32f4xx_fmc.o(i.ob_drp_enable), (84 bytes).
    Removing gd32f4xx_fmc.o(i.ob_erase), (76 bytes).
    Removing gd32f4xx_fmc.o(i.ob_lock), (20 bytes).
    Removing gd32f4xx_fmc.o(i.ob_security_protection_config), (40 bytes).
    Removing gd32f4xx_fmc.o(i.ob_spc_get), (28 bytes).
    Removing gd32f4xx_fmc.o(i.ob_start), (20 bytes).
    Removing gd32f4xx_fmc.o(i.ob_unlock), (36 bytes).
    Removing gd32f4xx_fmc.o(i.ob_user_bor_threshold), (24 bytes).
    Removing gd32f4xx_fmc.o(i.ob_user_bor_threshold_get), (16 bytes).
    Removing gd32f4xx_fmc.o(i.ob_user_get), (16 bytes).
    Removing gd32f4xx_fmc.o(i.ob_user_write), (52 bytes).
    Removing gd32f4xx_fmc.o(i.ob_write_protection0_get), (16 bytes).
    Removing gd32f4xx_fmc.o(i.ob_write_protection1_get), (16 bytes).
    Removing gd32f4xx_fmc.o(i.ob_write_protection_disable), (84 bytes).
    Removing gd32f4xx_fmc.o(i.ob_write_protection_enable), (84 bytes).
    Removing gd32f4xx_fwdgt.o(.rev16_text), (4 bytes).
    Removing gd32f4xx_fwdgt.o(.revsh_text), (4 bytes).
    Removing gd32f4xx_fwdgt.o(.rrx_text), (6 bytes).
    Removing gd32f4xx_fwdgt.o(i.fwdgt_config), (112 bytes).
    Removing gd32f4xx_fwdgt.o(i.fwdgt_counter_reload), (16 bytes).
    Removing gd32f4xx_fwdgt.o(i.fwdgt_enable), (16 bytes).
    Removing gd32f4xx_fwdgt.o(i.fwdgt_flag_get), (20 bytes).
    Removing gd32f4xx_fwdgt.o(i.fwdgt_prescaler_value_config), (56 bytes).
    Removing gd32f4xx_fwdgt.o(i.fwdgt_reload_value_config), (56 bytes).
    Removing gd32f4xx_fwdgt.o(i.fwdgt_write_disable), (12 bytes).
    Removing gd32f4xx_fwdgt.o(i.fwdgt_write_enable), (16 bytes).
    Removing gd32f4xx_gpio.o(.rev16_text), (4 bytes).
    Removing gd32f4xx_gpio.o(.revsh_text), (4 bytes).
    Removing gd32f4xx_gpio.o(.rrx_text), (6 bytes).
    Removing gd32f4xx_gpio.o(i.gpio_bit_toggle), (4 bytes).
    Removing gd32f4xx_gpio.o(i.gpio_bit_write), (10 bytes).
    Removing gd32f4xx_gpio.o(i.gpio_deinit), (206 bytes).
    Removing gd32f4xx_gpio.o(i.gpio_input_port_get), (8 bytes).
    Removing gd32f4xx_gpio.o(i.gpio_output_bit_get), (18 bytes).
    Removing gd32f4xx_gpio.o(i.gpio_output_port_get), (8 bytes).
    Removing gd32f4xx_gpio.o(i.gpio_pin_lock), (18 bytes).
    Removing gd32f4xx_gpio.o(i.gpio_port_toggle), (8 bytes).
    Removing gd32f4xx_gpio.o(i.gpio_port_write), (4 bytes).
    Removing gd32f4xx_i2c.o(.rev16_text), (4 bytes).
    Removing gd32f4xx_i2c.o(.revsh_text), (4 bytes).
    Removing gd32f4xx_i2c.o(.rrx_text), (6 bytes).
    Removing gd32f4xx_i2c.o(i.i2c_ackpos_config), (16 bytes).
    Removing gd32f4xx_i2c.o(i.i2c_analog_noise_filter_disable), (10 bytes).
    Removing gd32f4xx_i2c.o(i.i2c_analog_noise_filter_enable), (10 bytes).
    Removing gd32f4xx_i2c.o(i.i2c_data_receive), (8 bytes).
    Removing gd32f4xx_i2c.o(i.i2c_data_transmit), (6 bytes).
    Removing gd32f4xx_i2c.o(i.i2c_digital_noise_filter_config), (8 bytes).
    Removing gd32f4xx_i2c.o(i.i2c_disable), (10 bytes).
    Removing gd32f4xx_i2c.o(i.i2c_dma_last_transfer_config), (16 bytes).
    Removing gd32f4xx_i2c.o(i.i2c_dualaddr_disable), (10 bytes).
    Removing gd32f4xx_i2c.o(i.i2c_dualaddr_enable), (12 bytes).
    Removing gd32f4xx_i2c.o(i.i2c_interrupt_disable), (26 bytes).
    Removing gd32f4xx_i2c.o(i.i2c_interrupt_enable), (26 bytes).
    Removing gd32f4xx_i2c.o(i.i2c_interrupt_flag_clear), (44 bytes).
    Removing gd32f4xx_i2c.o(i.i2c_interrupt_flag_get), (96 bytes).
    Removing gd32f4xx_i2c.o(i.i2c_pec_config), (16 bytes).
    Removing gd32f4xx_i2c.o(i.i2c_pec_transfer_config), (16 bytes).
    Removing gd32f4xx_i2c.o(i.i2c_pec_value_get), (10 bytes).
    Removing gd32f4xx_i2c.o(i.i2c_sam_disable), (14 bytes).
    Removing gd32f4xx_i2c.o(i.i2c_sam_enable), (14 bytes).
    Removing gd32f4xx_i2c.o(i.i2c_sam_timeout_disable), (14 bytes).
    Removing gd32f4xx_i2c.o(i.i2c_sam_timeout_enable), (14 bytes).
    Removing gd32f4xx_i2c.o(i.i2c_slave_response_to_gcall_config), (16 bytes).
    Removing gd32f4xx_i2c.o(i.i2c_smbus_alert_config), (16 bytes).
    Removing gd32f4xx_i2c.o(i.i2c_smbus_arp_config), (16 bytes).
    Removing gd32f4xx_i2c.o(i.i2c_smbus_type_config), (24 bytes).
    Removing gd32f4xx_i2c.o(i.i2c_software_reset_config), (16 bytes).
    Removing gd32f4xx_i2c.o(i.i2c_stretch_scl_low_config), (16 bytes).
    Removing gd32f4xx_ipa.o(.rev16_text), (4 bytes).
    Removing gd32f4xx_ipa.o(.revsh_text), (4 bytes).
    Removing gd32f4xx_ipa.o(.rrx_text), (6 bytes).
    Removing gd32f4xx_ipa.o(i.ipa_background_init), (164 bytes).
    Removing gd32f4xx_ipa.o(i.ipa_background_lut_init), (100 bytes).
    Removing gd32f4xx_ipa.o(i.ipa_background_lut_loading_enable), (20 bytes).
    Removing gd32f4xx_ipa.o(i.ipa_background_struct_para_init), (20 bytes).
    Removing gd32f4xx_ipa.o(i.ipa_deinit), (20 bytes).
    Removing gd32f4xx_ipa.o(i.ipa_destination_init), (316 bytes).
    Removing gd32f4xx_ipa.o(i.ipa_destination_struct_para_init), (22 bytes).
    Removing gd32f4xx_ipa.o(i.ipa_flag_clear), (16 bytes).
    Removing gd32f4xx_ipa.o(i.ipa_flag_get), (24 bytes).
    Removing gd32f4xx_ipa.o(i.ipa_foreground_init), (164 bytes).
    Removing gd32f4xx_ipa.o(i.ipa_foreground_lut_init), (100 bytes).
    Removing gd32f4xx_ipa.o(i.ipa_foreground_lut_loading_enable), (20 bytes).
    Removing gd32f4xx_ipa.o(i.ipa_foreground_struct_para_init), (20 bytes).
    Removing gd32f4xx_ipa.o(i.ipa_inter_timer_config), (36 bytes).
    Removing gd32f4xx_ipa.o(i.ipa_interrupt_disable), (16 bytes).
    Removing gd32f4xx_ipa.o(i.ipa_interrupt_enable), (16 bytes).
    Removing gd32f4xx_ipa.o(i.ipa_interrupt_flag_clear), (16 bytes).
    Removing gd32f4xx_ipa.o(i.ipa_interrupt_flag_get), (24 bytes).
    Removing gd32f4xx_ipa.o(i.ipa_interval_clock_num_config), (28 bytes).
    Removing gd32f4xx_ipa.o(i.ipa_line_mark_config), (24 bytes).
    Removing gd32f4xx_ipa.o(i.ipa_pixel_format_convert_mode_set), (28 bytes).
    Removing gd32f4xx_ipa.o(i.ipa_transfer_enable), (20 bytes).
    Removing gd32f4xx_ipa.o(i.ipa_transfer_hangup_disable), (20 bytes).
    Removing gd32f4xx_ipa.o(i.ipa_transfer_hangup_enable), (20 bytes).
    Removing gd32f4xx_ipa.o(i.ipa_transfer_stop_disable), (20 bytes).
    Removing gd32f4xx_ipa.o(i.ipa_transfer_stop_enable), (20 bytes).
    Removing gd32f4xx_iref.o(.rev16_text), (4 bytes).
    Removing gd32f4xx_iref.o(.revsh_text), (4 bytes).
    Removing gd32f4xx_iref.o(.rrx_text), (6 bytes).
    Removing gd32f4xx_iref.o(i.iref_deinit), (20 bytes).
    Removing gd32f4xx_iref.o(i.iref_disable), (20 bytes).
    Removing gd32f4xx_iref.o(i.iref_enable), (20 bytes).
    Removing gd32f4xx_iref.o(i.iref_mode_set), (28 bytes).
    Removing gd32f4xx_iref.o(i.iref_precision_trim_value_set), (28 bytes).
    Removing gd32f4xx_iref.o(i.iref_sink_set), (28 bytes).
    Removing gd32f4xx_iref.o(i.iref_step_data_config), (28 bytes).
    Removing gd32f4xx_misc.o(.rev16_text), (4 bytes).
    Removing gd32f4xx_misc.o(.revsh_text), (4 bytes).
    Removing gd32f4xx_misc.o(.rrx_text), (6 bytes).
    Removing gd32f4xx_misc.o(i.nvic_irq_disable), (44 bytes).
    Removing gd32f4xx_misc.o(i.nvic_vector_table_set), (24 bytes).
    Removing gd32f4xx_misc.o(i.system_lowpower_reset), (16 bytes).
    Removing gd32f4xx_misc.o(i.system_lowpower_set), (16 bytes).
    Removing gd32f4xx_misc.o(i.systick_clksource_set), (40 bytes).
    Removing gd32f4xx_pmu.o(.rev16_text), (4 bytes).
    Removing gd32f4xx_pmu.o(.revsh_text), (4 bytes).
    Removing gd32f4xx_pmu.o(.rrx_text), (6 bytes).
    Removing gd32f4xx_pmu.o(i.pmu_backup_ldo_config), (28 bytes).
    Removing gd32f4xx_pmu.o(i.pmu_backup_write_disable), (20 bytes).
    Removing gd32f4xx_pmu.o(i.pmu_deinit), (20 bytes).
    Removing gd32f4xx_pmu.o(i.pmu_flag_clear), (48 bytes).
    Removing gd32f4xx_pmu.o(i.pmu_flag_get), (24 bytes).
    Removing gd32f4xx_pmu.o(i.pmu_highdriver_mode_disable), (20 bytes).
    Removing gd32f4xx_pmu.o(i.pmu_highdriver_mode_enable), (20 bytes).
    Removing gd32f4xx_pmu.o(i.pmu_highdriver_switch_select), (44 bytes).
    Removing gd32f4xx_pmu.o(i.pmu_ldo_output_select), (28 bytes).
    Removing gd32f4xx_pmu.o(i.pmu_lowdriver_mode_disable), (20 bytes).
    Removing gd32f4xx_pmu.o(i.pmu_lowdriver_mode_enable), (20 bytes).
    Removing gd32f4xx_pmu.o(i.pmu_lowpower_driver_config), (28 bytes).
    Removing gd32f4xx_pmu.o(i.pmu_lvd_disable), (20 bytes).
    Removing gd32f4xx_pmu.o(i.pmu_lvd_select), (48 bytes).
    Removing gd32f4xx_pmu.o(i.pmu_normalpower_driver_config), (28 bytes).
    Removing gd32f4xx_pmu.o(i.pmu_to_deepsleepmode), (244 bytes).
    Removing gd32f4xx_pmu.o(i.pmu_to_sleepmode), (32 bytes).
    Removing gd32f4xx_pmu.o(i.pmu_to_standbymode), (108 bytes).
    Removing gd32f4xx_pmu.o(i.pmu_wakeup_pin_disable), (20 bytes).
    Removing gd32f4xx_pmu.o(i.pmu_wakeup_pin_enable), (20 bytes).
    Removing gd32f4xx_pmu.o(.bss), (16 bytes).
    Removing gd32f4xx_rcu.o(.rev16_text), (4 bytes).
    Removing gd32f4xx_rcu.o(.revsh_text), (4 bytes).
    Removing gd32f4xx_rcu.o(.rrx_text), (6 bytes).
    Removing gd32f4xx_rcu.o(i.rcu_ahb_clock_config), (24 bytes).
    Removing gd32f4xx_rcu.o(i.rcu_apb1_clock_config), (24 bytes).
    Removing gd32f4xx_rcu.o(i.rcu_apb2_clock_config), (24 bytes).
    Removing gd32f4xx_rcu.o(i.rcu_bkp_reset_disable), (20 bytes).
    Removing gd32f4xx_rcu.o(i.rcu_bkp_reset_enable), (20 bytes).
    Removing gd32f4xx_rcu.o(i.rcu_ck48m_clock_config), (24 bytes).
    Removing gd32f4xx_rcu.o(i.rcu_ckout0_config), (28 bytes).
    Removing gd32f4xx_rcu.o(i.rcu_ckout1_config), (28 bytes).
    Removing gd32f4xx_rcu.o(i.rcu_deepsleep_voltage_set), (16 bytes).
    Removing gd32f4xx_rcu.o(i.rcu_deinit), (140 bytes).
    Removing gd32f4xx_rcu.o(i.rcu_hxtal_clock_monitor_disable), (20 bytes).
    Removing gd32f4xx_rcu.o(i.rcu_hxtal_clock_monitor_enable), (20 bytes).
    Removing gd32f4xx_rcu.o(i.rcu_i2s_clock_config), (24 bytes).
    Removing gd32f4xx_rcu.o(i.rcu_interrupt_disable), (36 bytes).
    Removing gd32f4xx_rcu.o(i.rcu_interrupt_enable), (36 bytes).
    Removing gd32f4xx_rcu.o(i.rcu_interrupt_flag_clear), (36 bytes).
    Removing gd32f4xx_rcu.o(i.rcu_interrupt_flag_get), (40 bytes).
    Removing gd32f4xx_rcu.o(i.rcu_irc16m_adjust_value_set), (28 bytes).
    Removing gd32f4xx_rcu.o(i.rcu_lxtal_drive_capability_config), (24 bytes).
    Removing gd32f4xx_rcu.o(i.rcu_osci_bypass_mode_disable), (116 bytes).
    Removing gd32f4xx_rcu.o(i.rcu_osci_bypass_mode_enable), (116 bytes).
    Removing gd32f4xx_rcu.o(i.rcu_osci_off), (36 bytes).
    Removing gd32f4xx_rcu.o(i.rcu_periph_clock_disable), (36 bytes).
    Removing gd32f4xx_rcu.o(i.rcu_periph_clock_sleep_disable), (36 bytes).
    Removing gd32f4xx_rcu.o(i.rcu_periph_clock_sleep_enable), (36 bytes).
    Removing gd32f4xx_rcu.o(i.rcu_pll48m_clock_config), (24 bytes).
    Removing gd32f4xx_rcu.o(i.rcu_pll_config), (140 bytes).
    Removing gd32f4xx_rcu.o(i.rcu_plli2s_config), (44 bytes).
    Removing gd32f4xx_rcu.o(i.rcu_pllsai_config), (72 bytes).
    Removing gd32f4xx_rcu.o(i.rcu_rtc_div_config), (24 bytes).
    Removing gd32f4xx_rcu.o(i.rcu_spread_spectrum_config), (32 bytes).
    Removing gd32f4xx_rcu.o(i.rcu_spread_spectrum_disable), (20 bytes).
    Removing gd32f4xx_rcu.o(i.rcu_spread_spectrum_enable), (20 bytes).
    Removing gd32f4xx_rcu.o(i.rcu_system_clock_source_config), (24 bytes).
    Removing gd32f4xx_rcu.o(i.rcu_system_clock_source_get), (16 bytes).
    Removing gd32f4xx_rcu.o(i.rcu_timer_clock_prescaler_config), (36 bytes).
    Removing gd32f4xx_rcu.o(i.rcu_tli_clock_div_config), (24 bytes).
    Removing gd32f4xx_rcu.o(i.rcu_voltage_key_unlock), (16 bytes).
    Removing gd32f4xx_rtc.o(.rev16_text), (4 bytes).
    Removing gd32f4xx_rtc.o(.revsh_text), (4 bytes).
    Removing gd32f4xx_rtc.o(.rrx_text), (6 bytes).
    Removing gd32f4xx_rtc.o(i.rtc_alarm_config), (100 bytes).
    Removing gd32f4xx_rtc.o(i.rtc_alarm_disable), (128 bytes).
    Removing gd32f4xx_rtc.o(i.rtc_alarm_enable), (60 bytes).
    Removing gd32f4xx_rtc.o(i.rtc_alarm_get), (68 bytes).
    Removing gd32f4xx_rtc.o(i.rtc_alarm_output_config), (84 bytes).
    Removing gd32f4xx_rtc.o(i.rtc_alarm_subsecond_config), (52 bytes).
    Removing gd32f4xx_rtc.o(i.rtc_alarm_subsecond_get), (36 bytes).
    Removing gd32f4xx_rtc.o(i.rtc_bypass_shadow_disable), (40 bytes).
    Removing gd32f4xx_rtc.o(i.rtc_bypass_shadow_enable), (40 bytes).
    Removing gd32f4xx_rtc.o(i.rtc_calibration_output_config), (48 bytes).
    Removing gd32f4xx_rtc.o(i.rtc_coarse_calibration_config), (116 bytes).
    Removing gd32f4xx_rtc.o(i.rtc_coarse_calibration_disable), (56 bytes).
    Removing gd32f4xx_rtc.o(i.rtc_coarse_calibration_enable), (56 bytes).
    Removing gd32f4xx_rtc.o(i.rtc_deinit), (204 bytes).
    Removing gd32f4xx_rtc.o(i.rtc_flag_clear), (16 bytes).
    Removing gd32f4xx_rtc.o(i.rtc_flag_get), (20 bytes).
    Removing gd32f4xx_rtc.o(i.rtc_hour_adjust), (36 bytes).
    Removing gd32f4xx_rtc.o(i.rtc_interrupt_disable), (60 bytes).
    Removing gd32f4xx_rtc.o(i.rtc_interrupt_enable), (60 bytes).
    Removing gd32f4xx_rtc.o(i.rtc_refclock_detection_disable), (56 bytes).
    Removing gd32f4xx_rtc.o(i.rtc_refclock_detection_enable), (56 bytes).
    Removing gd32f4xx_rtc.o(i.rtc_second_adjust), (108 bytes).
    Removing gd32f4xx_rtc.o(i.rtc_smooth_calibration_config), (80 bytes).
    Removing gd32f4xx_rtc.o(i.rtc_subsecond_get), (20 bytes).
    Removing gd32f4xx_rtc.o(i.rtc_tamper0_pin_map), (28 bytes).
    Removing gd32f4xx_rtc.o(i.rtc_tamper_disable), (16 bytes).
    Removing gd32f4xx_rtc.o(i.rtc_tamper_enable), (200 bytes).
    Removing gd32f4xx_rtc.o(i.rtc_timestamp_disable), (40 bytes).
    Removing gd32f4xx_rtc.o(i.rtc_timestamp_enable), (48 bytes).
    Removing gd32f4xx_rtc.o(i.rtc_timestamp_get), (60 bytes).
    Removing gd32f4xx_rtc.o(i.rtc_timestamp_pin_map), (28 bytes).
    Removing gd32f4xx_rtc.o(i.rtc_timestamp_subsecond_get), (12 bytes).
    Removing gd32f4xx_rtc.o(i.rtc_wakeup_clock_set), (92 bytes).
    Removing gd32f4xx_rtc.o(i.rtc_wakeup_disable), (84 bytes).
    Removing gd32f4xx_rtc.o(i.rtc_wakeup_enable), (40 bytes).
    Removing gd32f4xx_rtc.o(i.rtc_wakeup_timer_get), (12 bytes).
    Removing gd32f4xx_rtc.o(i.rtc_wakeup_timer_set), (76 bytes).
    Removing gd32f4xx_sdio.o(.rev16_text), (4 bytes).
    Removing gd32f4xx_sdio.o(.revsh_text), (4 bytes).
    Removing gd32f4xx_sdio.o(.rrx_text), (6 bytes).
    Removing gd32f4xx_sdio.o(i.sdio_ceata_command_completion_disable), (20 bytes).
    Removing gd32f4xx_sdio.o(i.sdio_ceata_command_completion_enable), (20 bytes).
    Removing gd32f4xx_sdio.o(i.sdio_ceata_command_disable), (20 bytes).
    Removing gd32f4xx_sdio.o(i.sdio_ceata_command_enable), (20 bytes).
    Removing gd32f4xx_sdio.o(i.sdio_ceata_interrupt_disable), (20 bytes).
    Removing gd32f4xx_sdio.o(i.sdio_ceata_interrupt_enable), (20 bytes).
    Removing gd32f4xx_sdio.o(i.sdio_clock_disable), (20 bytes).
    Removing gd32f4xx_sdio.o(i.sdio_csm_disable), (20 bytes).
    Removing gd32f4xx_sdio.o(i.sdio_data_counter_get), (12 bytes).
    Removing gd32f4xx_sdio.o(i.sdio_fifo_counter_get), (12 bytes).
    Removing gd32f4xx_sdio.o(i.sdio_hardware_clock_enable), (20 bytes).
    Removing gd32f4xx_sdio.o(i.sdio_operation_disable), (20 bytes).
    Removing gd32f4xx_sdio.o(i.sdio_operation_enable), (20 bytes).
    Removing gd32f4xx_sdio.o(i.sdio_readwait_disable), (20 bytes).
    Removing gd32f4xx_sdio.o(i.sdio_readwait_enable), (20 bytes).
    Removing gd32f4xx_sdio.o(i.sdio_readwait_type_set), (40 bytes).
    Removing gd32f4xx_sdio.o(i.sdio_stop_readwait_disable), (20 bytes).
    Removing gd32f4xx_sdio.o(i.sdio_stop_readwait_enable), (20 bytes).
    Removing gd32f4xx_sdio.o(i.sdio_suspend_disable), (20 bytes).
    Removing gd32f4xx_sdio.o(i.sdio_suspend_enable), (20 bytes).
    Removing gd32f4xx_spi.o(.rev16_text), (4 bytes).
    Removing gd32f4xx_spi.o(.revsh_text), (4 bytes).
    Removing gd32f4xx_spi.o(.rrx_text), (6 bytes).
    Removing gd32f4xx_spi.o(i.i2s_disable), (10 bytes).
    Removing gd32f4xx_spi.o(i.i2s_enable), (10 bytes).
    Removing gd32f4xx_spi.o(i.i2s_full_duplex_mode_config), (48 bytes).
    Removing gd32f4xx_spi.o(i.i2s_init), (28 bytes).
    Removing gd32f4xx_spi.o(i.i2s_psc_config), (292 bytes).
    Removing gd32f4xx_spi.o(i.spi_bidirectional_transfer_config), (26 bytes).
    Removing gd32f4xx_spi.o(i.spi_crc_error_clear), (8 bytes).
    Removing gd32f4xx_spi.o(i.spi_crc_get), (18 bytes).
    Removing gd32f4xx_spi.o(i.spi_crc_next), (10 bytes).
    Removing gd32f4xx_spi.o(i.spi_crc_off), (10 bytes).
    Removing gd32f4xx_spi.o(i.spi_crc_on), (10 bytes).
    Removing gd32f4xx_spi.o(i.spi_crc_polynomial_get), (8 bytes).
    Removing gd32f4xx_spi.o(i.spi_crc_polynomial_set), (4 bytes).
    Removing gd32f4xx_spi.o(i.spi_disable), (10 bytes).
    Removing gd32f4xx_spi.o(i.spi_i2s_data_frame_format_config), (16 bytes).
    Removing gd32f4xx_spi.o(i.spi_i2s_data_receive), (8 bytes).
    Removing gd32f4xx_spi.o(i.spi_i2s_data_transmit), (4 bytes).
    Removing gd32f4xx_spi.o(i.spi_i2s_deinit), (172 bytes).
    Removing gd32f4xx_spi.o(i.spi_i2s_flag_get), (18 bytes).
    Removing gd32f4xx_spi.o(i.spi_i2s_format_error_clear), (6 bytes).
    Removing gd32f4xx_spi.o(i.spi_i2s_interrupt_disable), (48 bytes).
    Removing gd32f4xx_spi.o(i.spi_i2s_interrupt_enable), (48 bytes).
    Removing gd32f4xx_spi.o(i.spi_i2s_interrupt_flag_get), (114 bytes).
    Removing gd32f4xx_spi.o(i.spi_nss_internal_high), (10 bytes).
    Removing gd32f4xx_spi.o(i.spi_nss_internal_low), (10 bytes).
    Removing gd32f4xx_spi.o(i.spi_nss_output_disable), (10 bytes).
    Removing gd32f4xx_spi.o(i.spi_nss_output_enable), (10 bytes).
    Removing gd32f4xx_spi.o(i.spi_quad_disable), (14 bytes).
    Removing gd32f4xx_spi.o(i.spi_quad_enable), (14 bytes).
    Removing gd32f4xx_spi.o(i.spi_quad_read_enable), (14 bytes).
    Removing gd32f4xx_spi.o(i.spi_quad_write_enable), (14 bytes).
    Removing gd32f4xx_spi.o(i.spi_struct_para_init), (18 bytes).
    Removing gd32f4xx_spi.o(i.spi_ti_mode_disable), (10 bytes).
    Removing gd32f4xx_spi.o(i.spi_ti_mode_enable), (10 bytes).
    Removing gd32f4xx_syscfg.o(.rev16_text), (4 bytes).
    Removing gd32f4xx_syscfg.o(.revsh_text), (4 bytes).
    Removing gd32f4xx_syscfg.o(.rrx_text), (6 bytes).
    Removing gd32f4xx_syscfg.o(i.syscfg_bootmode_config), (28 bytes).
    Removing gd32f4xx_syscfg.o(i.syscfg_compensation_config), (24 bytes).
    Removing gd32f4xx_syscfg.o(i.syscfg_deinit), (20 bytes).
    Removing gd32f4xx_syscfg.o(i.syscfg_enet_phy_interface_config), (24 bytes).
    Removing gd32f4xx_syscfg.o(i.syscfg_exmc_swap_config), (24 bytes).
    Removing gd32f4xx_syscfg.o(i.syscfg_exti_line_config), (172 bytes).
    Removing gd32f4xx_syscfg.o(i.syscfg_flag_get), (24 bytes).
    Removing gd32f4xx_syscfg.o(i.syscfg_fmc_swap_config), (24 bytes).
    Removing gd32f4xx_timer.o(.rev16_text), (4 bytes).
    Removing gd32f4xx_timer.o(.revsh_text), (4 bytes).
    Removing gd32f4xx_timer.o(.rrx_text), (6 bytes).
    Removing gd32f4xx_timer.o(i.timer_auto_reload_shadow_disable), (10 bytes).
    Removing gd32f4xx_timer.o(i.timer_auto_reload_shadow_enable), (10 bytes).
    Removing gd32f4xx_timer.o(i.timer_automatic_output_disable), (10 bytes).
    Removing gd32f4xx_timer.o(i.timer_automatic_output_enable), (10 bytes).
    Removing gd32f4xx_timer.o(i.timer_autoreload_value_config), (4 bytes).
    Removing gd32f4xx_timer.o(i.timer_break_config), (30 bytes).
    Removing gd32f4xx_timer.o(i.timer_break_disable), (10 bytes).
    Removing gd32f4xx_timer.o(i.timer_break_enable), (10 bytes).
    Removing gd32f4xx_timer.o(i.timer_break_struct_para_init), (18 bytes).
    Removing gd32f4xx_timer.o(i.timer_channel_capture_value_register_read), (42 bytes).
    Removing gd32f4xx_timer.o(i.timer_channel_complementary_output_polarity_config), (70 bytes).
    Removing gd32f4xx_timer.o(i.timer_channel_complementary_output_state_config), (70 bytes).
    Removing gd32f4xx_timer.o(i.timer_channel_control_shadow_config), (24 bytes).
    Removing gd32f4xx_timer.o(i.timer_channel_control_shadow_update_config), (26 bytes).
    Removing gd32f4xx_timer.o(i.timer_channel_dma_request_source_select), (26 bytes).
    Removing gd32f4xx_timer.o(i.timer_channel_input_capture_prescaler_config), (90 bytes).
    Removing gd32f4xx_timer.o(i.timer_channel_input_struct_para_init), (16 bytes).
    Removing gd32f4xx_timer.o(i.timer_channel_output_clear_config), (90 bytes).
    Removing gd32f4xx_timer.o(i.timer_channel_output_config), (492 bytes).
    Removing gd32f4xx_timer.o(i.timer_channel_output_fast_config), (90 bytes).
    Removing gd32f4xx_timer.o(i.timer_channel_output_mode_config), (90 bytes).
    Removing gd32f4xx_timer.o(i.timer_channel_output_polarity_config), (92 bytes).
    Removing gd32f4xx_timer.o(i.timer_channel_output_pulse_value_config), (38 bytes).
    Removing gd32f4xx_timer.o(i.timer_channel_output_shadow_config), (90 bytes).
    Removing gd32f4xx_timer.o(i.timer_channel_output_state_config), (92 bytes).
    Removing gd32f4xx_timer.o(i.timer_channel_output_struct_para_init), (16 bytes).
    Removing gd32f4xx_timer.o(i.timer_channel_remap_config), (4 bytes).
    Removing gd32f4xx_timer.o(i.timer_counter_alignment), (16 bytes).
    Removing gd32f4xx_timer.o(i.timer_counter_down_direction), (10 bytes).
    Removing gd32f4xx_timer.o(i.timer_counter_read), (8 bytes).
    Removing gd32f4xx_timer.o(i.timer_counter_up_direction), (10 bytes).
    Removing gd32f4xx_timer.o(i.timer_counter_value_config), (4 bytes).
    Removing gd32f4xx_timer.o(i.timer_disable), (10 bytes).
    Removing gd32f4xx_timer.o(i.timer_dma_disable), (8 bytes).
    Removing gd32f4xx_timer.o(i.timer_dma_enable), (8 bytes).
    Removing gd32f4xx_timer.o(i.timer_dma_transfer_config), (24 bytes).
    Removing gd32f4xx_timer.o(i.timer_event_software_generate), (8 bytes).
    Removing gd32f4xx_timer.o(i.timer_external_clock_mode0_config), (40 bytes).
    Removing gd32f4xx_timer.o(i.timer_external_clock_mode1_config), (32 bytes).
    Removing gd32f4xx_timer.o(i.timer_external_clock_mode1_disable), (10 bytes).
    Removing gd32f4xx_timer.o(i.timer_external_trigger_as_external_clock_config), (166 bytes).
    Removing gd32f4xx_timer.o(i.timer_external_trigger_config), (30 bytes).
    Removing gd32f4xx_timer.o(i.timer_flag_clear), (6 bytes).
    Removing gd32f4xx_timer.o(i.timer_flag_get), (18 bytes).
    Removing gd32f4xx_timer.o(i.timer_hall_mode_config), (26 bytes).
    Removing gd32f4xx_timer.o(i.timer_input_capture_config), (326 bytes).
    Removing gd32f4xx_timer.o(i.timer_input_pwm_capture_config), (356 bytes).
    Removing gd32f4xx_timer.o(i.timer_input_trigger_source_select), (16 bytes).
    Removing gd32f4xx_timer.o(i.timer_internal_clock_config), (10 bytes).
    Removing gd32f4xx_timer.o(i.timer_internal_trigger_as_external_clock_config), (32 bytes).
    Removing gd32f4xx_timer.o(i.timer_interrupt_disable), (8 bytes).
    Removing gd32f4xx_timer.o(i.timer_interrupt_enable), (8 bytes).
    Removing gd32f4xx_timer.o(i.timer_interrupt_flag_clear), (6 bytes).
    Removing gd32f4xx_timer.o(i.timer_interrupt_flag_get), (28 bytes).
    Removing gd32f4xx_timer.o(i.timer_master_slave_mode_config), (26 bytes).
    Removing gd32f4xx_timer.o(i.timer_output_value_selection_config), (34 bytes).
    Removing gd32f4xx_timer.o(i.timer_prescaler_config), (14 bytes).
    Removing gd32f4xx_timer.o(i.timer_prescaler_read), (10 bytes).
    Removing gd32f4xx_timer.o(i.timer_primary_output_config), (24 bytes).
    Removing gd32f4xx_timer.o(i.timer_quadrature_decoder_mode_config), (64 bytes).
    Removing gd32f4xx_timer.o(i.timer_repetition_value_config), (4 bytes).
    Removing gd32f4xx_timer.o(i.timer_single_pulse_mode_config), (26 bytes).
    Removing gd32f4xx_timer.o(i.timer_slave_mode_select), (16 bytes).
    Removing gd32f4xx_timer.o(i.timer_update_event_disable), (10 bytes).
    Removing gd32f4xx_timer.o(i.timer_update_event_enable), (10 bytes).
    Removing gd32f4xx_timer.o(i.timer_update_source_config), (26 bytes).
    Removing gd32f4xx_timer.o(i.timer_write_chxval_register_config), (34 bytes).
    Removing gd32f4xx_tli.o(.rev16_text), (4 bytes).
    Removing gd32f4xx_tli.o(.revsh_text), (4 bytes).
    Removing gd32f4xx_tli.o(.rrx_text), (6 bytes).
    Removing gd32f4xx_tli.o(i.tli_color_key_disable), (14 bytes).
    Removing gd32f4xx_tli.o(i.tli_color_key_enable), (14 bytes).
    Removing gd32f4xx_tli.o(i.tli_color_key_init), (16 bytes).
    Removing gd32f4xx_tli.o(i.tli_current_pos_get), (12 bytes).
    Removing gd32f4xx_tli.o(i.tli_deinit), (20 bytes).
    Removing gd32f4xx_tli.o(i.tli_disable), (20 bytes).
    Removing gd32f4xx_tli.o(i.tli_dither_config), (36 bytes).
    Removing gd32f4xx_tli.o(i.tli_enable), (20 bytes).
    Removing gd32f4xx_tli.o(i.tli_flag_get), (36 bytes).
    Removing gd32f4xx_tli.o(i.tli_init), (188 bytes).
    Removing gd32f4xx_tli.o(i.tli_interrupt_disable), (16 bytes).
    Removing gd32f4xx_tli.o(i.tli_interrupt_enable), (16 bytes).
    Removing gd32f4xx_tli.o(i.tli_interrupt_flag_clear), (16 bytes).
    Removing gd32f4xx_tli.o(i.tli_interrupt_flag_get), (36 bytes).
    Removing gd32f4xx_tli.o(i.tli_layer_disable), (14 bytes).
    Removing gd32f4xx_tli.o(i.tli_layer_enable), (14 bytes).
    Removing gd32f4xx_tli.o(i.tli_layer_init), (152 bytes).
    Removing gd32f4xx_tli.o(i.tli_layer_struct_para_init), (48 bytes).
    Removing gd32f4xx_tli.o(i.tli_layer_window_offset_modify), (228 bytes).
    Removing gd32f4xx_tli.o(i.tli_line_mark_set), (24 bytes).
    Removing gd32f4xx_tli.o(i.tli_lut_disable), (14 bytes).
    Removing gd32f4xx_tli.o(i.tli_lut_enable), (14 bytes).
    Removing gd32f4xx_tli.o(i.tli_lut_init), (28 bytes).
    Removing gd32f4xx_tli.o(i.tli_lut_struct_para_init), (12 bytes).
    Removing gd32f4xx_tli.o(i.tli_reload_config), (36 bytes).
    Removing gd32f4xx_tli.o(i.tli_struct_para_init), (34 bytes).
    Removing gd32f4xx_trng.o(.rev16_text), (4 bytes).
    Removing gd32f4xx_trng.o(.revsh_text), (4 bytes).
    Removing gd32f4xx_trng.o(.rrx_text), (6 bytes).
    Removing gd32f4xx_trng.o(i.trng_deinit), (20 bytes).
    Removing gd32f4xx_trng.o(i.trng_disable), (20 bytes).
    Removing gd32f4xx_trng.o(i.trng_enable), (20 bytes).
    Removing gd32f4xx_trng.o(i.trng_flag_get), (24 bytes).
    Removing gd32f4xx_trng.o(i.trng_get_true_random_data), (12 bytes).
    Removing gd32f4xx_trng.o(i.trng_interrupt_disable), (20 bytes).
    Removing gd32f4xx_trng.o(i.trng_interrupt_enable), (20 bytes).
    Removing gd32f4xx_trng.o(i.trng_interrupt_flag_clear), (16 bytes).
    Removing gd32f4xx_trng.o(i.trng_interrupt_flag_get), (24 bytes).
    Removing gd32f4xx_usart.o(.rev16_text), (4 bytes).
    Removing gd32f4xx_usart.o(.revsh_text), (4 bytes).
    Removing gd32f4xx_usart.o(.rrx_text), (6 bytes).
    Removing gd32f4xx_usart.o(i.usart_address_config), (20 bytes).
    Removing gd32f4xx_usart.o(i.usart_block_length_config), (28 bytes).
    Removing gd32f4xx_usart.o(i.usart_break_frame_coherence_config), (24 bytes).
    Removing gd32f4xx_usart.o(i.usart_data_first_config), (20 bytes).
    Removing gd32f4xx_usart.o(i.usart_disable), (10 bytes).
    Removing gd32f4xx_usart.o(i.usart_dma_transmit_config), (20 bytes).
    Removing gd32f4xx_usart.o(i.usart_flag_clear), (52 bytes).
    Removing gd32f4xx_usart.o(i.usart_guard_time_config), (24 bytes).
    Removing gd32f4xx_usart.o(i.usart_halfduplex_disable), (10 bytes).
    Removing gd32f4xx_usart.o(i.usart_halfduplex_enable), (10 bytes).
    Removing gd32f4xx_usart.o(i.usart_hardware_flow_coherence_config), (24 bytes).
    Removing gd32f4xx_usart.o(i.usart_hardware_flow_cts_config), (20 bytes).
    Removing gd32f4xx_usart.o(i.usart_hardware_flow_rts_config), (20 bytes).
    Removing gd32f4xx_usart.o(i.usart_interrupt_disable), (26 bytes).
    Removing gd32f4xx_usart.o(i.usart_interrupt_flag_clear), (26 bytes).
    Removing gd32f4xx_usart.o(i.usart_invert_config), (104 bytes).
    Removing gd32f4xx_usart.o(i.usart_irda_lowpower_config), (20 bytes).
    Removing gd32f4xx_usart.o(i.usart_irda_mode_disable), (10 bytes).
    Removing gd32f4xx_usart.o(i.usart_irda_mode_enable), (10 bytes).
    Removing gd32f4xx_usart.o(i.usart_lin_break_detection_length_config), (20 bytes).
    Removing gd32f4xx_usart.o(i.usart_lin_mode_disable), (10 bytes).
    Removing gd32f4xx_usart.o(i.usart_lin_mode_enable), (10 bytes).
    Removing gd32f4xx_usart.o(i.usart_mute_mode_disable), (10 bytes).
    Removing gd32f4xx_usart.o(i.usart_mute_mode_enable), (10 bytes).
    Removing gd32f4xx_usart.o(i.usart_mute_mode_wakeup_config), (16 bytes).
    Removing gd32f4xx_usart.o(i.usart_oversample_config), (16 bytes).
    Removing gd32f4xx_usart.o(i.usart_parity_check_coherence_config), (24 bytes).
    Removing gd32f4xx_usart.o(i.usart_parity_config), (16 bytes).
    Removing gd32f4xx_usart.o(i.usart_prescaler_config), (16 bytes).
    Removing gd32f4xx_usart.o(i.usart_receiver_timeout_disable), (14 bytes).
    Removing gd32f4xx_usart.o(i.usart_receiver_timeout_enable), (14 bytes).
    Removing gd32f4xx_usart.o(i.usart_receiver_timeout_threshold_config), (20 bytes).
    Removing gd32f4xx_usart.o(i.usart_sample_bit_config), (16 bytes).
    Removing gd32f4xx_usart.o(i.usart_send_break), (10 bytes).
    Removing gd32f4xx_usart.o(i.usart_smartcard_autoretry_config), (26 bytes).
    Removing gd32f4xx_usart.o(i.usart_smartcard_mode_disable), (10 bytes).
    Removing gd32f4xx_usart.o(i.usart_smartcard_mode_enable), (10 bytes).
    Removing gd32f4xx_usart.o(i.usart_smartcard_mode_nack_disable), (10 bytes).
    Removing gd32f4xx_usart.o(i.usart_smartcard_mode_nack_enable), (10 bytes).
    Removing gd32f4xx_usart.o(i.usart_stop_bit_set), (16 bytes).
    Removing gd32f4xx_usart.o(i.usart_synchronous_clock_config), (34 bytes).
    Removing gd32f4xx_usart.o(i.usart_synchronous_clock_disable), (10 bytes).
    Removing gd32f4xx_usart.o(i.usart_synchronous_clock_enable), (10 bytes).
    Removing gd32f4xx_usart.o(i.usart_word_length_set), (16 bytes).
    Removing gd32f4xx_wwdgt.o(.rev16_text), (4 bytes).
    Removing gd32f4xx_wwdgt.o(.revsh_text), (4 bytes).
    Removing gd32f4xx_wwdgt.o(.rrx_text), (6 bytes).
    Removing gd32f4xx_wwdgt.o(i.wwdgt_config), (28 bytes).
    Removing gd32f4xx_wwdgt.o(i.wwdgt_counter_update), (16 bytes).
    Removing gd32f4xx_wwdgt.o(i.wwdgt_deinit), (20 bytes).
    Removing gd32f4xx_wwdgt.o(i.wwdgt_enable), (20 bytes).
    Removing gd32f4xx_wwdgt.o(i.wwdgt_flag_clear), (12 bytes).
    Removing gd32f4xx_wwdgt.o(i.wwdgt_flag_get), (20 bytes).
    Removing gd32f4xx_wwdgt.o(i.wwdgt_interrupt_enable), (20 bytes).
    Removing mcu_cmic_gd32f470vet6.o(.rev16_text), (4 bytes).
    Removing mcu_cmic_gd32f470vet6.o(.revsh_text), (4 bytes).
    Removing mcu_cmic_gd32f470vet6.o(.rrx_text), (6 bytes).
    Removing gd25qxx.o(.rev16_text), (4 bytes).
    Removing gd25qxx.o(.revsh_text), (4 bytes).
    Removing gd25qxx.o(.rrx_text), (6 bytes).
    Removing gd25qxx.o(i.spi_flash_bulk_erase), (44 bytes).
    Removing gd25qxx.o(i.spi_flash_send_halfword_dma), (268 bytes).
    Removing gd25qxx.o(i.spi_flash_start_read_sequence), (48 bytes).
    Removing gd25qxx.o(i.spi_flash_transmit_receive_dma), (292 bytes).
    Removing gd25qxx.o(i.spi_flash_wait_for_dma_end), (44 bytes).
    Removing lfs.o(i.lfs_aligndown), (14 bytes).
    Removing lfs.o(i.lfs_alignup), (18 bytes).
    Removing lfs.o(i.lfs_alloc), (268 bytes).
    Removing lfs.o(i.lfs_alloc_ack), (8 bytes).
    Removing lfs.o(i.lfs_alloc_lookahead), (66 bytes).
    Removing lfs.o(i.lfs_bd_cmp), (102 bytes).
    Removing lfs.o(i.lfs_bd_erase), (128 bytes).
    Removing lfs.o(i.lfs_bd_flush), (268 bytes).
    Removing lfs.o(i.lfs_bd_prog), (364 bytes).
    Removing lfs.o(i.lfs_bd_read), (476 bytes).
    Removing lfs.o(i.lfs_bd_sync), (112 bytes).
    Removing lfs.o(i.lfs_cache_drop), (8 bytes).
    Removing lfs.o(i.lfs_cache_zero), (26 bytes).
    Removing lfs.o(i.lfs_commitattr), (120 bytes).
    Removing lfs.o(i.lfs_ctz), (18 bytes).
    Removing lfs.o(i.lfs_ctz_extend), (600 bytes).
    Removing lfs.o(i.lfs_ctz_find), (272 bytes).
    Removing lfs.o(i.lfs_ctz_fromle32), (22 bytes).
    Removing lfs.o(i.lfs_ctz_index), (72 bytes).
    Removing lfs.o(i.lfs_ctz_tole32), (22 bytes).
    Removing lfs.o(i.lfs_ctz_traverse), (170 bytes).
    Removing lfs.o(i.lfs_deinit), (44 bytes).
    Removing lfs.o(i.lfs_dir_alloc), (152 bytes).
    Removing lfs.o(i.lfs_dir_close), (36 bytes).
    Removing lfs.o(i.lfs_dir_commit), (1060 bytes).
    Removing lfs.o(i.lfs_dir_commit_commit), (28 bytes).
    Removing lfs.o(i.lfs_dir_commit_size), (30 bytes).
    Removing lfs.o(i.lfs_dir_commitattr), (200 bytes).
    Removing lfs.o(i.lfs_dir_commitcrc), (444 bytes).
    Removing lfs.o(i.lfs_dir_commitprog), (74 bytes).
    Removing lfs.o(i.lfs_dir_compact), (1240 bytes).
    Removing lfs.o(i.lfs_dir_drop), (100 bytes).
    Removing lfs.o(i.lfs_dir_fetch), (34 bytes).
    Removing lfs.o(i.lfs_dir_fetchmatch), (1220 bytes).
    Removing lfs.o(i.lfs_dir_find), (412 bytes).
    Removing lfs.o(i.lfs_dir_find_match), (114 bytes).
    Removing lfs.o(i.lfs_dir_get), (46 bytes).
    Removing lfs.o(i.lfs_dir_getgstate), (96 bytes).
    Removing lfs.o(i.lfs_dir_getinfo), (184 bytes).
    Removing lfs.o(i.lfs_dir_getread), (302 bytes).
    Removing lfs.o(i.lfs_dir_getslice), (336 bytes).
    Removing lfs.o(i.lfs_dir_open), (188 bytes).
    Removing lfs.o(i.lfs_dir_read), (184 bytes).
    Removing lfs.o(i.lfs_dir_rewind), (46 bytes).
    Removing lfs.o(i.lfs_dir_seek), (114 bytes).
    Removing lfs.o(i.lfs_dir_split), (122 bytes).
    Removing lfs.o(i.lfs_dir_tell), (6 bytes).
    Removing lfs.o(i.lfs_dir_traverse), (568 bytes).
    Removing lfs.o(i.lfs_dir_traverse_filter), (140 bytes).
    Removing lfs.o(i.lfs_file_close), (148 bytes).
    Removing lfs.o(i.lfs_file_flush), (408 bytes).
    Removing lfs.o(i.lfs_file_open), (40 bytes).
    Removing lfs.o(i.lfs_file_opencfg), (692 bytes).
    Removing lfs.o(i.lfs_file_outline), (44 bytes).
    Removing lfs.o(i.lfs_file_read), (468 bytes).
    Removing lfs.o(i.lfs_file_relocate), (404 bytes).
    Removing lfs.o(i.lfs_file_rewind), (32 bytes).
    Removing lfs.o(i.lfs_file_seek), (160 bytes).
    Removing lfs.o(i.lfs_file_size), (108 bytes).
    Removing lfs.o(i.lfs_file_sync), (324 bytes).
    Removing lfs.o(i.lfs_file_tell), (88 bytes).
    Removing lfs.o(i.lfs_file_truncate), (360 bytes).
    Removing lfs.o(i.lfs_file_write), (692 bytes).
    Removing lfs.o(i.lfs_format), (220 bytes).
    Removing lfs.o(i.lfs_free), (12 bytes).
    Removing lfs.o(i.lfs_frombe32), (32 bytes).
    Removing lfs.o(i.lfs_fromle32), (32 bytes).
    Removing lfs.o(i.lfs_fs_demove), (128 bytes).
    Removing lfs.o(i.lfs_fs_deorphan), (416 bytes).
    Removing lfs.o(i.lfs_fs_forceconsistency), (36 bytes).
    Removing lfs.o(i.lfs_fs_parent), (108 bytes).
    Removing lfs.o(i.lfs_fs_parent_match), (88 bytes).
    Removing lfs.o(i.lfs_fs_pred), (78 bytes).
    Removing lfs.o(i.lfs_fs_prepmove), (40 bytes).
    Removing lfs.o(i.lfs_fs_preporphans), (60 bytes).
    Removing lfs.o(i.lfs_fs_relocate), (308 bytes).
    Removing lfs.o(i.lfs_fs_size), (36 bytes).
    Removing lfs.o(i.lfs_fs_size_count), (16 bytes).
    Removing lfs.o(i.lfs_fs_traverse), (344 bytes).
    Removing lfs.o(i.lfs_getattr), (160 bytes).
    Removing lfs.o(i.lfs_gstate_fromle32), (30 bytes).
    Removing lfs.o(i.lfs_gstate_hasmove), (20 bytes).
    Removing lfs.o(i.lfs_gstate_hasmovehere), (32 bytes).
    Removing lfs.o(i.lfs_gstate_hasorphans), (20 bytes).
    Removing lfs.o(i.lfs_gstate_iszero), (26 bytes).
    Removing lfs.o(i.lfs_gstate_tole32), (30 bytes).
    Removing lfs.o(i.lfs_gstate_xormove), (92 bytes).
    Removing lfs.o(i.lfs_gstate_xororphans), (20 bytes).
    Removing lfs.o(i.lfs_init), (1088 bytes).
    Removing lfs.o(i.lfs_malloc), (12 bytes).
    Removing lfs.o(i.lfs_max), (14 bytes).
    Removing lfs.o(i.lfs_min), (14 bytes).
    Removing lfs.o(i.lfs_mkdir), (396 bytes).
    Removing lfs.o(i.lfs_mount), (700 bytes).
    Removing lfs.o(i.lfs_npw2), (14 bytes).
    Removing lfs.o(i.lfs_pair_cmp), (42 bytes).
    Removing lfs.o(i.lfs_pair_fromle32), (22 bytes).
    Removing lfs.o(i.lfs_pair_isnull), (22 bytes).
    Removing lfs.o(i.lfs_pair_swap), (10 bytes).
    Removing lfs.o(i.lfs_pair_tole32), (22 bytes).
    Removing lfs.o(i.lfs_popc), (12 bytes).
    Removing lfs.o(i.lfs_remove), (288 bytes).
    Removing lfs.o(i.lfs_removeattr), (32 bytes).
    Removing lfs.o(i.lfs_rename), (568 bytes).
    Removing lfs.o(i.lfs_setattr), (48 bytes).
    Removing lfs.o(i.lfs_stat), (62 bytes).
    Removing lfs.o(i.lfs_superblock_fromle32), (54 bytes).
    Removing lfs.o(i.lfs_superblock_tole32), (54 bytes).
    Removing lfs.o(i.lfs_tag_chunk), (8 bytes).
    Removing lfs.o(i.lfs_tag_dsize), (22 bytes).
    Removing lfs.o(i.lfs_tag_id), (8 bytes).
    Removing lfs.o(i.lfs_tag_isdelete), (18 bytes).
    Removing lfs.o(i.lfs_tag_isvalid), (18 bytes).
    Removing lfs.o(i.lfs_tag_size), (8 bytes).
    Removing lfs.o(i.lfs_tag_splice), (14 bytes).
    Removing lfs.o(i.lfs_tag_type1), (10 bytes).
    Removing lfs.o(i.lfs_tag_type3), (8 bytes).
    Removing lfs.o(i.lfs_tobe32), (12 bytes).
    Removing lfs.o(i.lfs_tole32), (12 bytes).
    Removing lfs.o(i.lfs_unmount), (16 bytes).
    Removing lfs.o(.constdata), (448 bytes).
    Removing lfs.o(.conststring), (188 bytes).
    Removing lfs_port.o(.rev16_text), (4 bytes).
    Removing lfs_port.o(.revsh_text), (4 bytes).
    Removing lfs_port.o(.rrx_text), (6 bytes).
    Removing lfs_port.o(i.lfs_deskio_erase), (16 bytes).
    Removing lfs_port.o(i.lfs_deskio_prog), (32 bytes).
    Removing lfs_port.o(i.lfs_deskio_read), (32 bytes).
    Removing lfs_port.o(i.lfs_deskio_sync), (6 bytes).
    Removing lfs_port.o(i.lfs_storage_init), (112 bytes).
    Removing lfs_port.o(.bss), (544 bytes).
    Removing lfs_util.o(i.lfs_crc), (60 bytes).
    Removing lfs_util.o(.constdata), (64 bytes).
    Removing gd30ad3344.o(.rev16_text), (4 bytes).
    Removing gd30ad3344.o(.revsh_text), (4 bytes).
    Removing gd30ad3344.o(.rrx_text), (6 bytes).
    Removing gd30ad3344.o(i.ADS118_PGA_SET), (120 bytes).
    Removing gd30ad3344.o(i.GD30AD3344_AD_Read), (196 bytes).
    Removing gd30ad3344.o(i.spi_gd30ad3344_send_byte_dma), (252 bytes).
    Removing gd30ad3344.o(i.spi_gd30ad3344_transmit_receive_dma), (296 bytes).
    Removing gd30ad3344.o(i.spi_gd30ad3344_wait_for_dma_end), (44 bytes).
    Removing oled.o(.rev16_text), (4 bytes).
    Removing oled.o(.revsh_text), (4 bytes).
    Removing oled.o(.rrx_text), (6 bytes).
    Removing oled.o(i.OLED_Allfill), (56 bytes).
    Removing oled.o(i.OLED_Display_Off), (22 bytes).
    Removing oled.o(i.OLED_Display_On), (22 bytes).
    Removing oled.o(i.OLED_Pow), (22 bytes).
    Removing oled.o(i.OLED_ShowFloat), (352 bytes).
    Removing oled.o(i.OLED_ShowHanzi), (100 bytes).
    Removing oled.o(i.OLED_ShowHzbig), (184 bytes).
    Removing oled.o(i.OLED_ShowNum), (136 bytes).
    Removing oled.o(i.OLED_ShowPic), (76 bytes).
    Removing ebtn.o(i.bit_array_and), (38 bytes).
    Removing ebtn.o(i.bit_array_assign), (46 bytes).
    Removing ebtn.o(i.bit_array_cmp), (36 bytes).
    Removing ebtn.o(i.bit_array_get), (22 bytes).
    Removing ebtn.o(i.bit_array_num_bits_set), (84 bytes).
    Removing ebtn.o(i.bit_array_or), (38 bytes).
    Removing ebtn.o(i.ebtn_combo_btn_add_btn), (32 bytes).
    Removing ebtn.o(i.ebtn_combo_btn_add_btn_by_idx), (32 bytes).
    Removing ebtn.o(i.ebtn_combo_btn_remove_btn), (32 bytes).
    Removing ebtn.o(i.ebtn_combo_btn_remove_btn_by_idx), (32 bytes).
    Removing ebtn.o(i.ebtn_combo_register), (60 bytes).
    Removing ebtn.o(i.ebtn_get_btn_by_key_id), (80 bytes).
    Removing ebtn.o(i.ebtn_get_btn_index_by_btn), (12 bytes).
    Removing ebtn.o(i.ebtn_get_btn_index_by_btn_dyn), (12 bytes).
    Removing ebtn.o(i.ebtn_get_btn_index_by_key_id), (72 bytes).
    Removing ebtn.o(i.ebtn_get_config), (12 bytes).
    Removing ebtn.o(i.ebtn_get_current_state), (88 bytes).
    Removing ebtn.o(i.ebtn_get_total_btn_cnt), (28 bytes).
    Removing ebtn.o(i.ebtn_is_btn_active), (20 bytes).
    Removing ebtn.o(i.ebtn_is_btn_in_process), (20 bytes).
    Removing ebtn.o(i.ebtn_is_in_process), (132 bytes).
    Removing ebtn.o(i.ebtn_process), (26 bytes).
    Removing ebtn.o(i.ebtn_process_btn), (62 bytes).
    Removing ebtn.o(i.ebtn_process_btn_combo), (124 bytes).
    Removing ebtn.o(i.ebtn_process_with_curr_state), (448 bytes).
    Removing ebtn.o(i.ebtn_register), (72 bytes).
    Removing ebtn.o(i.ebtn_set_combo_suppress_threshold), (12 bytes).
    Removing ebtn.o(i.ebtn_set_config), (12 bytes).
    Removing ebtn.o(i.ebtn_timer_sub), (6 bytes).
    Removing ebtn.o(i.prv_get_combo_btn_by_key_id), (76 bytes).
    Removing ebtn.o(i.prv_process_btn), (884 bytes).
    Removing sdio_sdcard.o(.rev16_text), (4 bytes).
    Removing sdio_sdcard.o(.revsh_text), (4 bytes).
    Removing sdio_sdcard.o(.rrx_text), (6 bytes).
    Removing sdio_sdcard.o(i.sd_erase), (324 bytes).
    Removing sdio_sdcard.o(i.sd_lock_unlock), (488 bytes).
    Removing sdio_sdcard.o(i.sd_power_off), (14 bytes).
    Removing sdio_sdcard.o(i.sd_sdstatus_get), (384 bytes).
    Removing sdio_sdcard.o(i.sd_transfer_state_get), (20 bytes).
    Removing diskio.o(.rev16_text), (4 bytes).
    Removing diskio.o(.revsh_text), (4 bytes).
    Removing diskio.o(.rrx_text), (6 bytes).
    Removing ff.o(i.dir_read), (190 bytes).
    Removing ff.o(i.dir_remove), (96 bytes).
    Removing ff.o(i.f_chmod), (92 bytes).
    Removing ff.o(i.f_getfree), (276 bytes).
    Removing ff.o(i.f_lseek), (432 bytes).
    Removing ff.o(i.f_mkdir), (392 bytes).
    Removing ff.o(i.f_opendir), (118 bytes).
    Removing ff.o(i.f_readdir), (100 bytes).
    Removing ff.o(i.f_rename), (298 bytes).
    Removing ff.o(i.f_stat), (66 bytes).
    Removing ff.o(i.f_truncate), (156 bytes).
    Removing ff.o(i.f_unlink), (186 bytes).
    Removing ff.o(i.f_utime), (94 bytes).
    Removing ff.o(i.get_fileinfo), (296 bytes).
    Removing ff.o(i.pick_lfn), (116 bytes).
    Removing lfs.o(i.__ARM_pop), (48 bytes).

1084 unused section(s) (total 82046 bytes) removed from the image.
